../Drivers/STM32L4xx_HAL_Driver/Inc/stm32l4xx_ll_spi.h:1356:22:LL_SPI_TransmitData8	24	static
../Drivers/STM32L4xx_HAL_Driver/Inc/stm32l4xx_ll_gpio.h:956:22:LL_GPIO_SetOutputPin	16	static
../Drivers/STM32L4xx_HAL_Driver/Inc/stm32l4xx_ll_gpio.h:985:22:LL_GPIO_ResetOutputPin	16	static
../Core/Src/mcp25625.c:24:22:clearChipSelect	8	static
../Core/Src/mcp25625.c:28:22:setChipSelect	8	static
../Core/Src/mcp25625.c:32:6:mcp25625_reset	16	static
../Core/Src/mcp25625.c:54:6:mcp25625_writeRegister	24	static
../Core/Src/mcp25625.c:76:9:mcp25625_readRegister	24	static
../Core/Src/mcp25625.c:95:6:mcp25625_loadTXB	24	static
../Core/Src/mcp25625.c:128:28:getTXB0CTRL	8	static
../Core/Src/mcp25625.c:134:28:getTXB1CTRL	8	static
../Core/Src/mcp25625.c:140:28:getTXB2CTRL	8	static
../Core/Src/mcp25625.c:158:22:loadTXB2	16	static
../Core/Src/mcp25625.c:164:22:loadTXB1	16	static
../Core/Src/mcp25625.c:170:22:loadTXB0	16	static
../Core/Src/mcp25625.c:176:22:setTXREQ2	8	static
../Core/Src/mcp25625.c:182:22:setTXREQ1	8	static
../Core/Src/mcp25625.c:188:22:setTXREQ0	8	static
../Core/Src/mcp25625.c:195:6:mcp25625_sendCAN	24	static
../Core/Src/mcp25625.c:234:6:CAN_transmit	32	static
../Core/Src/mcp25625.c:250:6:mcp25625_init	8	static
../Core/Src/mcp25625.c:257:6:CAN_configure	24	static
