../Core/Src/mcp25625.c:13:13:delay_us	24	static,ignoring_inline_asm
../Core/Src/mcp25625.c:28:22:clearChipSelect	8	static
../Core/Src/mcp25625.c:32:22:setChipSelect	8	static
../Core/Src/mcp25625.c:36:6:mcp25625_reset	16	static
../Core/Src/mcp25625.c:63:6:mcp25625_writeRegister	24	static
../Core/Src/mcp25625.c:92:9:mcp25625_readRegister	24	static
../Core/Src/mcp25625.c:116:6:mcp25625_loadTXB	24	static
../Core/Src/mcp25625.c:150:28:getTXB0CTRL	8	static
../Core/Src/mcp25625.c:156:28:getTXB1CTRL	8	static
../Core/Src/mcp25625.c:162:28:getTXB2CTRL	8	static
../Core/Src/mcp25625.c:180:22:loadTXB2	16	static
../Core/Src/mcp25625.c:186:22:loadTXB1	16	static
../Core/Src/mcp25625.c:192:22:loadTXB0	16	static
../Core/Src/mcp25625.c:198:22:setTXREQ2	8	static
../Core/Src/mcp25625.c:204:22:setTXREQ1	8	static
../Core/Src/mcp25625.c:210:22:setTXREQ0	8	static
../Core/Src/mcp25625.c:217:6:mcp25625_sendCAN	24	static
../Core/Src/mcp25625.c:256:6:CAN_transmit	32	static
../Core/Src/mcp25625.c:272:6:mcp25625_init	8	static
../Core/Src/mcp25625.c:279:6:CAN_configure	24	static
