../Core/Src/mcp25625.c:18:22:clearChipSelect	8	static
../Core/Src/mcp25625.c:24:22:setChipSelect	8	static
../Core/Src/mcp25625.c:30:6:mcp25625_reset	16	static
../Core/Src/mcp25625.c:59:6:mcp25625_writeRegister	24	static
../Core/Src/mcp25625.c:89:9:mcp25625_readRegister	24	static
../Core/Src/mcp25625.c:113:6:mcp25625_loadTXB	24	static
../Core/Src/mcp25625.c:152:28:getTXB0CTRL	8	static
../Core/Src/mcp25625.c:160:28:getTXB1CTRL	8	static
../Core/Src/mcp25625.c:167:28:getTXB2CTRL	8	static
../Core/Src/mcp25625.c:188:22:loadTXB2	16	static
../Core/Src/mcp25625.c:195:22:loadTXB1	16	static
../Core/Src/mcp25625.c:202:22:loadTXB0	16	static
../Core/Src/mcp25625.c:209:22:setTXREQ2	8	static
../Core/Src/mcp25625.c:216:22:setTXREQ1	8	static
../Core/Src/mcp25625.c:223:22:setTXREQ0	8	static
../Core/Src/mcp25625.c:230:6:mcp25625_readCAN	16	static
../Core/Src/mcp25625.c:241:6:mcp25625_sendCAN	24	static
../Core/Src/mcp25625.c:277:6:CAN_transmit	32	static
../Core/Src/mcp25625.c:291:6:mcp25625_init	8	static
../Core/Src/mcp25625.c:299:6:CAN_configure	24	static
