../Core/Src/mcp25625.c:13:13:delay_us	24	static,ignoring_inline_asm
../Core/Src/mcp25625.c:28:22:clearChipSelect	8	static
../Core/Src/mcp25625.c:32:22:setChipSelect	8	static
../Core/Src/mcp25625.c:36:6:mcp25625_reset	16	static
../Core/Src/mcp25625.c:66:6:mcp25625_writeRegister	24	static
../Core/Src/mcp25625.c:95:9:mcp25625_readRegister	24	static
../Core/Src/mcp25625.c:119:6:mcp25625_loadTXB	24	static
../Core/Src/mcp25625.c:153:28:getTXB0CTRL	8	static
../Core/Src/mcp25625.c:159:28:getTXB1CTRL	8	static
../Core/Src/mcp25625.c:165:28:getTXB2CTRL	8	static
../Core/Src/mcp25625.c:183:22:loadTXB2	16	static
../Core/Src/mcp25625.c:189:22:loadTXB1	16	static
../Core/Src/mcp25625.c:195:22:loadTXB0	16	static
../Core/Src/mcp25625.c:201:22:setTXREQ2	8	static
../Core/Src/mcp25625.c:207:22:setTXREQ1	8	static
../Core/Src/mcp25625.c:213:22:setTXREQ0	8	static
../Core/Src/mcp25625.c:220:6:mcp25625_sendCAN	24	static
../Core/Src/mcp25625.c:259:6:CAN_transmit	32	static
../Core/Src/mcp25625.c:275:6:mcp25625_init	8	static
../Core/Src/mcp25625.c:282:6:CAN_configure	24	static
