../Drivers/STM32L4xx_HAL_Driver/Inc/stm32l4xx_ll_gpio.h:956:22:LL_GPIO_SetOutputPin	16	static
../Drivers/STM32L4xx_HAL_Driver/Inc/stm32l4xx_ll_gpio.h:985:22:LL_GPIO_ResetOutputPin	16	static
../Drivers/STM32L4xx_HAL_Driver/Inc/stm32l4xx_ll_adc.h:6134:22:LL_ADC_REG_StartConversion	16	static
../Drivers/STM32L4xx_HAL_Driver/Inc/stm32l4xx_ll_adc.h:6210:26:LL_ADC_REG_ReadConversionData12	16	static
../Drivers/STM32L4xx_HAL_Driver/Inc/stm32l4xx_ll_adc.h:6531:26:LL_ADC_IsActiveFlag_EOC	16	static
../Drivers/STM32L4xx_HAL_Driver/Inc/stm32l4xx_ll_adc.h:6655:22:LL_ADC_ClearFlag_EOC	16	static
../Drivers/STM32L4xx_HAL_Driver/Inc/stm32l4xx_ll_spi.h:1333:25:LL_SPI_ReceiveData8	16	static
../Drivers/STM32L4xx_HAL_Driver/Inc/stm32l4xx_ll_spi.h:1356:22:LL_SPI_TransmitData8	24	static
../Core/Src/prosthesis_control.c:122:6:InitProsthesisControl	4	static
../Core/Src/prosthesis_control.c:137:6:RequireTestProgram	16	static
../Core/Src/prosthesis_control.c:145:6:RunProsthesisControl	8	static
../Core/Src/prosthesis_control.c:177:13:GetInputs	64	static
../Core/Src/prosthesis_control.c:186:17:ReadLoadCell	24	static
../Core/Src/prosthesis_control.c:195:13:ProcessInputs	16	static
../Core/Src/prosthesis_control.c:253:13:CalibrateIMU	160	static
../Core/Src/prosthesis_control.c:280:13:ComputeLimbAngle	40	static
../Core/Src/prosthesis_control.c:300:13:RunStateMachine	4	static
../Core/Src/prosthesis_control.c:339:13:RunImpedanceControl	32	static
../Core/Src/prosthesis_control.c:357:13:RunTestProgram	40	static
../Core/Src/prosthesis_control.c:423:19:IMU_read	128	static
../Core/Src/prosthesis_control.c:494:14:WriteReg	24	static
../Core/Src/prosthesis_control.c:513:6:ReadRegs	40	static
