../Drivers/STM32L4xx_HAL_Driver/Inc/stm32l4xx_ll_gpio.h:956:22:LL_GPIO_SetOutputPin	16	static
../Drivers/STM32L4xx_HAL_Driver/Inc/stm32l4xx_ll_gpio.h:985:22:LL_GPIO_ResetOutputPin	16	static
../Drivers/STM32L4xx_HAL_Driver/Inc/stm32l4xx_ll_adc.h:6134:22:LL_ADC_REG_StartConversion	16	static
../Drivers/STM32L4xx_HAL_Driver/Inc/stm32l4xx_ll_adc.h:6210:26:LL_ADC_REG_ReadConversionData12	16	static
../Drivers/STM32L4xx_HAL_Driver/Inc/stm32l4xx_ll_adc.h:6531:26:LL_ADC_IsActiveFlag_EOC	16	static
../Drivers/STM32L4xx_HAL_Driver/Inc/stm32l4xx_ll_adc.h:6655:22:LL_ADC_ClearFlag_EOC	16	static
../Drivers/STM32L4xx_HAL_Driver/Inc/stm32l4xx_ll_spi.h:1333:25:LL_SPI_ReceiveData8	16	static
../Drivers/STM32L4xx_HAL_Driver/Inc/stm32l4xx_ll_spi.h:1356:22:LL_SPI_TransmitData8	24	static
../Core/Src/prosthesis_control.c:111:6:InitProsthesisControl	4	static
../Core/Src/prosthesis_control.c:123:6:RunProsthesisControl	8	static
../Core/Src/prosthesis_control.c:152:6:RequireTestProgram	16	static
../Core/Src/prosthesis_control.c:165:13:GetInputs	64	static
../Core/Src/prosthesis_control.c:174:17:ReadLoadCell	24	static
../Core/Src/prosthesis_control.c:183:13:ProcessInputs	16	static
../Core/Src/prosthesis_control.c:241:13:CalibrateIMU	160	static
../Core/Src/prosthesis_control.c:268:13:ComputeLimbAngle	40	static
../Core/Src/prosthesis_control.c:282:13:RunStateMachine	16	static
../Core/Src/prosthesis_control.c:306:13:RunImpedanceControl	32	static
../Core/Src/prosthesis_control.c:318:13:RunTestProgram	40	static
../Core/Src/prosthesis_control.c:384:19:IMU_read	128	static
../Core/Src/prosthesis_control.c:450:14:WriteReg	24	static
../Core/Src/prosthesis_control.c:469:6:ReadRegs	40	static
