../Drivers/STM32L4xx_HAL_Driver/Inc/stm32l4xx_ll_adc.h:6134:22:LL_ADC_REG_StartConversion	16	static
../Drivers/STM32L4xx_HAL_Driver/Inc/stm32l4xx_ll_adc.h:6210:26:LL_ADC_REG_ReadConversionData12	16	static
../Drivers/STM32L4xx_HAL_Driver/Inc/stm32l4xx_ll_adc.h:6531:26:LL_ADC_IsActiveFlag_EOC	16	static
../Drivers/STM32L4xx_HAL_Driver/Inc/stm32l4xx_ll_adc.h:6655:22:LL_ADC_ClearFlag_EOC	16	static
../Core/Src/prosthesis_control.c:102:6:InitProsthesisControl	16	static
../Core/Src/prosthesis_control.c:151:6:RequireTestProgram	16	static
../Core/Src/prosthesis_control.c:159:6:RunProsthesisControl	8	static
../Core/Src/prosthesis_control.c:187:6:GetInputs	64	static
../Core/Src/prosthesis_control.c:207:10:ReadLoadCell	24	static
../Core/Src/prosthesis_control.c:216:6:ProcessInputs	24	static
../Core/Src/prosthesis_control.c:301:6:CalibrateIMU	200	static
../Core/Src/prosthesis_control.c:373:6:ComputeLimbAngle	56	static
../Core/Src/prosthesis_control.c:406:6:RunStateMachine	24	static
../Core/Src/prosthesis_control.c:472:6:RunImpedanceControl	48	static
../Core/Src/prosthesis_control.c:500:6:RunTestProgram	48	static
