../Drivers/STM32L4xx_HAL_Driver/Inc/stm32l4xx_ll_adc.h:6134:22:LL_ADC_REG_StartConversion	16	static
../Drivers/STM32L4xx_HAL_Driver/Inc/stm32l4xx_ll_adc.h:6210:26:LL_ADC_REG_ReadConversionData12	16	static
../Drivers/STM32L4xx_HAL_Driver/Inc/stm32l4xx_ll_adc.h:6531:26:LL_ADC_IsActiveFlag_EOC	16	static
../Drivers/STM32L4xx_HAL_Driver/Inc/stm32l4xx_ll_adc.h:6655:22:LL_ADC_ClearFlag_EOC	16	static
../Core/Src/prosthesis_v1.c:108:6:InitProsthesisControl	16	static
../Core/Src/prosthesis_v1.c:130:6:RequireTestProgram	16	static
../Core/Src/prosthesis_v1.c:136:6:RunProsthesisControl	8	static
../Core/Src/prosthesis_v1.c:164:13:GetInputs	64	static
../Core/Src/prosthesis_v1.c:182:17:ReadLoadCell	24	static
../Core/Src/prosthesis_v1.c:191:13:ProcessInputs	24	static
../Core/Src/prosthesis_v1.c:276:13:CalibrateIMU	160	static
../Core/Src/prosthesis_v1.c:315:13:ComputeLimbAngle	56	static
../Core/Src/prosthesis_v1.c:348:13:RunStateMachine	24	static
../Core/Src/prosthesis_v1.c:412:13:RunImpedanceControl	56	static
../Core/Src/prosthesis_v1.c:441:13:RunTestProgram	48	static
