../Drivers/STM32L4xx_HAL_Driver/Inc/stm32l4xx_ll_adc.h:6134:22:LL_ADC_REG_StartConversion	16	static
../Drivers/STM32L4xx_HAL_Driver/Inc/stm32l4xx_ll_adc.h:6210:26:LL_ADC_REG_ReadConversionData12	16	static
../Drivers/STM32L4xx_HAL_Driver/Inc/stm32l4xx_ll_adc.h:6542:26:LL_ADC_IsActiveFlag_EOS	16	static
../Drivers/STM32L4xx_HAL_Driver/Inc/stm32l4xx_ll_adc.h:6666:22:LL_ADC_ClearFlag_EOS	16	static
../Core/Src/prosthesis_control.c:67:6:RunProsthesisControl	8	static
../Core/Src/prosthesis_control.c:84:6:RequireTestProgram	16	static
../Core/Src/prosthesis_control.c:97:13:GetInputs	32	static
../Core/Src/prosthesis_control.c:165:13:RunStateMachine	4	static
../Core/Src/prosthesis_control.c:177:13:SetOutputs	4	static
../Core/Src/prosthesis_control.c:182:13:RunImpedanceControl	32	static
../Core/Src/prosthesis_control.c:194:13:RunTestProgram	40	static
../Core/Src/prosthesis_control.c:257:17:ReadADC	16	static
