../Drivers/STM32L4xx_HAL_Driver/Inc/stm32l4xx_ll_adc.h:6134:22:LL_ADC_REG_StartConversion	16	static
../Drivers/STM32L4xx_HAL_Driver/Inc/stm32l4xx_ll_adc.h:6210:26:LL_ADC_REG_ReadConversionData12	16	static
../Drivers/STM32L4xx_HAL_Driver/Inc/stm32l4xx_ll_adc.h:6531:26:LL_ADC_IsActiveFlag_EOC	16	static
../Drivers/STM32L4xx_HAL_Driver/Inc/stm32l4xx_ll_adc.h:6655:22:LL_ADC_ClearFlag_EOC	16	static
../Core/Src/prosthesis_control.c:68:6:RunProsthesisControl	8	static
../Core/Src/prosthesis_control.c:85:6:RequireTestProgram	16	static
../Core/Src/prosthesis_control.c:98:13:GetInputs	24	static
../Core/Src/prosthesis_control.c:169:13:RunStateMachine	4	static
../Core/Src/prosthesis_control.c:181:13:SetOutputs	4	static
../Core/Src/prosthesis_control.c:186:13:RunImpedanceControl	32	static
../Core/Src/prosthesis_control.c:198:13:RunTestProgram	40	static
../Core/Src/prosthesis_control.c:261:17:ReadLoadCell	24	static
