../Drivers/STM32L4xx_HAL_Driver/Inc/stm32l4xx_ll_adc.h:6134:22:LL_ADC_REG_StartConversion	16	static
../Drivers/STM32L4xx_HAL_Driver/Inc/stm32l4xx_ll_adc.h:6210:26:LL_ADC_REG_ReadConversionData12	16	static
../Drivers/STM32L4xx_HAL_Driver/Inc/stm32l4xx_ll_adc.h:6531:26:LL_ADC_IsActiveFlag_EOC	16	static
../Core/Src/prosthesis_v1.c:128:6:InitProsthesisControl	16	static
../Core/Src/prosthesis_v1.c:151:6:RequireTestProgram	16	static
../Core/Src/prosthesis_v1.c:158:6:RunProsthesisControl	8	static
../Core/Src/prosthesis_v1.c:184:13:GetInputs	64	static
../Core/Src/prosthesis_v1.c:198:17:ReadLoadCell	24	static
../Core/Src/prosthesis_v1.c:206:13:ProcessInputs	16	static
../Core/Src/prosthesis_v1.c:276:13:RunStateMachine	24	static
../Core/Src/prosthesis_v1.c:401:13:RunImpedanceControl	32	static
../Core/Src/prosthesis_v1.c:432:13:RunTestProgram	32	static
