../Drivers/STM32L4xx_HAL_Driver/Inc/stm32l4xx_ll_adc.h:6134:22:LL_ADC_REG_StartConversion	16	static
../Drivers/STM32L4xx_HAL_Driver/Inc/stm32l4xx_ll_adc.h:6210:26:LL_ADC_REG_ReadConversionData12	16	static
../Drivers/STM32L4xx_HAL_Driver/Inc/stm32l4xx_ll_adc.h:6531:26:LL_ADC_IsActiveFlag_EOC	16	static
../Drivers/STM32L4xx_HAL_Driver/Inc/stm32l4xx_ll_adc.h:6655:22:LL_ADC_ClearFlag_EOC	16	static
../Core/Src/prosthesis_control.c:101:6:InitProsthesisControl	4	static
../Core/Src/prosthesis_control.c:119:6:RequireTestProgram	16	static
../Core/Src/prosthesis_control.c:127:6:RunProsthesisControl	8	static
../Core/Src/prosthesis_control.c:159:6:GetInputs	64	static
../Core/Src/prosthesis_control.c:168:10:ReadLoadCell	24	static
../Core/Src/prosthesis_control.c:177:6:ProcessInputs	32	static
../Core/Src/prosthesis_control.c:235:6:CalibrateIMU	160	static
../Core/Src/prosthesis_control.c:272:6:ComputeLimbAngle	40	static
../Core/Src/prosthesis_control.c:293:6:RunStateMachine	16	static
../Core/Src/prosthesis_control.c:345:6:RunImpedanceControl	40	static
../Core/Src/prosthesis_control.c:364:6:RunTestProgram	40	static
