../Drivers/STM32L4xx_HAL_Driver/Inc/stm32l4xx_ll_adc.h:6134:22:LL_ADC_REG_StartConversion	16	static
../Drivers/STM32L4xx_HAL_Driver/Inc/stm32l4xx_ll_adc.h:6210:26:LL_ADC_REG_ReadConversionData12	16	static
../Drivers/STM32L4xx_HAL_Driver/Inc/stm32l4xx_ll_adc.h:6531:26:LL_ADC_IsActiveFlag_EOC	16	static
../Drivers/STM32L4xx_HAL_Driver/Inc/stm32l4xx_ll_adc.h:6655:22:LL_ADC_ClearFlag_EOC	16	static
../Core/Src/prosthesis_control.c:106:6:InitProsthesisControl	16	static
../Core/Src/prosthesis_control.c:148:6:RequireTestProgram	16	static
../Core/Src/prosthesis_control.c:156:6:RunProsthesisControl	8	static
../Core/Src/prosthesis_control.c:184:6:GetInputs	64	static
../Core/Src/prosthesis_control.c:203:10:ReadLoadCell	24	static
../Core/Src/prosthesis_control.c:212:6:ProcessInputs	24	static
../Core/Src/prosthesis_control.c:296:6:CalibrateIMU	304	static
../Core/Src/prosthesis_control.c:365:6:ComputeLimbAngle	40	static
../Core/Src/prosthesis_control.c:382:6:RunStateMachine	24	static
../Core/Src/prosthesis_control.c:438:6:RunImpedanceControl	40	static
../Core/Src/prosthesis_control.c:454:6:RunTestProgram	32	static
