../Drivers/STM32L4xx_HAL_Driver/Inc/stm32l4xx_ll_gpio.h:956:22:LL_GPIO_SetOutputPin	16	static
../Drivers/STM32L4xx_HAL_Driver/Inc/stm32l4xx_ll_gpio.h:985:22:LL_GPIO_ResetOutputPin	16	static
../Drivers/STM32L4xx_HAL_Driver/Inc/stm32l4xx_ll_adc.h:6134:22:LL_ADC_REG_StartConversion	16	static
../Drivers/STM32L4xx_HAL_Driver/Inc/stm32l4xx_ll_adc.h:6210:26:LL_ADC_REG_ReadConversionData12	16	static
../Drivers/STM32L4xx_HAL_Driver/Inc/stm32l4xx_ll_adc.h:6531:26:LL_ADC_IsActiveFlag_EOC	16	static
../Drivers/STM32L4xx_HAL_Driver/Inc/stm32l4xx_ll_adc.h:6655:22:LL_ADC_ClearFlag_EOC	16	static
../Drivers/STM32L4xx_HAL_Driver/Inc/stm32l4xx_ll_spi.h:1333:25:LL_SPI_ReceiveData8	16	static
../Drivers/STM32L4xx_HAL_Driver/Inc/stm32l4xx_ll_spi.h:1356:22:LL_SPI_TransmitData8	24	static
../Core/Src/prosthesis_control.c:129:6:InitProsthesisControl	4	static
../Core/Src/prosthesis_control.c:146:6:RequireTestProgram	16	static
../Core/Src/prosthesis_control.c:154:6:RunProsthesisControl	8	static
../Core/Src/prosthesis_control.c:186:13:GetInputs	64	static
../Core/Src/prosthesis_control.c:195:17:ReadLoadCell	24	static
../Core/Src/prosthesis_control.c:204:13:ProcessInputs	16	static
../Core/Src/prosthesis_control.c:262:13:CalibrateIMU	160	static
../Core/Src/prosthesis_control.c:289:13:ComputeLimbAngle	40	static
../Core/Src/prosthesis_control.c:309:13:RunStateMachine	4	static
../Core/Src/prosthesis_control.c:348:13:RunImpedanceControl	32	static
../Core/Src/prosthesis_control.c:366:13:RunTestProgram	40	static
../Core/Src/prosthesis_control.c:432:19:IMU_read	128	static
../Core/Src/prosthesis_control.c:503:14:WriteReg	24	static
../Core/Src/prosthesis_control.c:522:6:ReadRegs	40	static
