../Drivers/STM32L4xx_HAL_Driver/Inc/stm32l4xx_ll_adc.h:6134:22:LL_ADC_REG_StartConversion	16	static
../Drivers/STM32L4xx_HAL_Driver/Inc/stm32l4xx_ll_adc.h:6210:26:LL_ADC_REG_ReadConversionData12	16	static
../Drivers/STM32L4xx_HAL_Driver/Inc/stm32l4xx_ll_adc.h:6531:26:LL_ADC_IsActiveFlag_EOC	16	static
../Drivers/STM32L4xx_HAL_Driver/Inc/stm32l4xx_ll_adc.h:6655:22:LL_ADC_ClearFlag_EOC	16	static
../Core/Src/prosthesis_control.c:104:6:InitProsthesisControl	16	static
../Core/Src/prosthesis_control.c:143:6:RequireTestProgram	16	static
../Core/Src/prosthesis_control.c:151:6:RunProsthesisControl	8	static
../Core/Src/prosthesis_control.c:182:6:GetInputs	64	static
../Core/Src/prosthesis_control.c:201:10:ReadLoadCell	24	static
../Core/Src/prosthesis_control.c:210:6:ProcessInputs	24	static
../Core/Src/prosthesis_control.c:294:6:CalibrateIMU	304	static
../Core/Src/prosthesis_control.c:363:6:ComputeLimbAngle	40	static
../Core/Src/prosthesis_control.c:380:6:RunStateMachine	16	static
../Core/Src/prosthesis_control.c:421:6:RunImpedanceControl	48	static
../Core/Src/prosthesis_control.c:437:6:RunTestProgram	40	static
