../Drivers/STM32L4xx_HAL_Driver/Inc/stm32l4xx_ll_gpio.h:875:26:LL_GPIO_IsInputPinSet	16	static
../Drivers/STM32L4xx_HAL_Driver/Inc/stm32l4xx_ll_gpio.h:956:22:LL_GPIO_SetOutputPin	16	static
../Drivers/STM32L4xx_HAL_Driver/Inc/stm32l4xx_ll_gpio.h:985:22:LL_GPIO_ResetOutputPin	16	static
../Drivers/AS5145B/as5145b.c:59:17:AS5145B_Init	24	static
../Drivers/AS5145B/as5145b.c:78:16:AS5145B_ReadData	24	static
../Drivers/AS5145B/as5145b.c:86:7:AS5145B_ReadPosition	24	static
../Drivers/AS5145B/as5145b.c:95:10:AS5145B_ReadPosition_Raw	24	static
../Drivers/AS5145B/as5145b.c:104:9:AS5145B_ReadStatus	16	static
../Drivers/AS5145B/as5145b.c:117:16:ReadStatus	24	static
../Drivers/AS5145B/as5145b.c:123:23:ReadData	32	static
../Drivers/AS5145B/as5145b.c:156:20:ClearChipSelect	16	static
../Drivers/AS5145B/as5145b.c:161:20:SetChipSelect	16	static
../Drivers/AS5145B/as5145b.c:166:20:RaiseClockEdge	16	static
../Drivers/AS5145B/as5145b.c:171:20:LowerClockEdge	16	static
../Drivers/AS5145B/as5145b.c:176:23:ReadDO_Pin	16	static
