../Drivers/STM32L4xx_HAL_Driver/Inc/stm32l4xx_ll_gpio.h:875:26:LL_GPIO_IsInputPinSet	16	static
../Drivers/STM32L4xx_HAL_Driver/Inc/stm32l4xx_ll_gpio.h:956:22:LL_GPIO_SetOutputPin	16	static
../Drivers/STM32L4xx_HAL_Driver/Inc/stm32l4xx_ll_gpio.h:985:22:LL_GPIO_ResetOutputPin	16	static
../Drivers/AS5145B/as5145b.c:57:17:AS5145B_Init	24	static
../Drivers/AS5145B/as5145b.c:76:16:AS5145B_ReadData	24	static
../Drivers/AS5145B/as5145b.c:84:7:AS5145B_ReadPosition	24	static
../Drivers/AS5145B/as5145b.c:93:10:AS5145B_ReadPosition_Raw	24	static
../Drivers/AS5145B/as5145b.c:102:9:AS5145B_ReadStatus	16	static
../Drivers/AS5145B/as5145b.c:115:16:ReadStatus	24	static
../Drivers/AS5145B/as5145b.c:121:23:ReadData	32	static
../Drivers/AS5145B/as5145b.c:154:20:ClearChipSelect	16	static
../Drivers/AS5145B/as5145b.c:159:20:SetChipSelect	16	static
../Drivers/AS5145B/as5145b.c:164:20:RaiseClockEdge	16	static
../Drivers/AS5145B/as5145b.c:169:20:LowerClockEdge	16	static
../Drivers/AS5145B/as5145b.c:174:23:ReadDO_Pin	16	static
