Archive member included to satisfy reference by file (symbol)

c:/st/stm32cubeide_1.10.1/stm32cubeide/plugins/com.st.stm32cube.ide.mcu.externaltools.gnu-tools-for-stm32.10.3-2021.10.win32_1.0.0.202111181127/tools/bin/../lib/gcc/arm-none-eabi/10.3.1/../../../../arm-none-eabi/lib/thumb/v7e-m+fp/hard\libc_nano.a(lib_a-exit.o)
                              c:/st/stm32cubeide_1.10.1/stm32cubeide/plugins/com.st.stm32cube.ide.mcu.externaltools.gnu-tools-for-stm32.10.3-2021.10.win32_1.0.0.202111181127/tools/bin/../lib/gcc/arm-none-eabi/10.3.1/../../../../arm-none-eabi/lib/thumb/v7e-m+fp/hard/crt0.o (exit)
c:/st/stm32cubeide_1.10.1/stm32cubeide/plugins/com.st.stm32cube.ide.mcu.externaltools.gnu-tools-for-stm32.10.3-2021.10.win32_1.0.0.202111181127/tools/bin/../lib/gcc/arm-none-eabi/10.3.1/../../../../arm-none-eabi/lib/thumb/v7e-m+fp/hard\libc_nano.a(lib_a-impure.o)
                              c:/st/stm32cubeide_1.10.1/stm32cubeide/plugins/com.st.stm32cube.ide.mcu.externaltools.gnu-tools-for-stm32.10.3-2021.10.win32_1.0.0.202111181127/tools/bin/../lib/gcc/arm-none-eabi/10.3.1/../../../../arm-none-eabi/lib/thumb/v7e-m+fp/hard\libc_nano.a(lib_a-exit.o) (_global_impure_ptr)
c:/st/stm32cubeide_1.10.1/stm32cubeide/plugins/com.st.stm32cube.ide.mcu.externaltools.gnu-tools-for-stm32.10.3-2021.10.win32_1.0.0.202111181127/tools/bin/../lib/gcc/arm-none-eabi/10.3.1/../../../../arm-none-eabi/lib/thumb/v7e-m+fp/hard\libc_nano.a(lib_a-init.o)
                              c:/st/stm32cubeide_1.10.1/stm32cubeide/plugins/com.st.stm32cube.ide.mcu.externaltools.gnu-tools-for-stm32.10.3-2021.10.win32_1.0.0.202111181127/tools/bin/../lib/gcc/arm-none-eabi/10.3.1/../../../../arm-none-eabi/lib/thumb/v7e-m+fp/hard/crt0.o (__libc_init_array)
c:/st/stm32cubeide_1.10.1/stm32cubeide/plugins/com.st.stm32cube.ide.mcu.externaltools.gnu-tools-for-stm32.10.3-2021.10.win32_1.0.0.202111181127/tools/bin/../lib/gcc/arm-none-eabi/10.3.1/../../../../arm-none-eabi/lib/thumb/v7e-m+fp/hard\libc_nano.a(lib_a-memcpy-stub.o)
                              ./Core/Src/prosthesis_v1.o (memcpy)
c:/st/stm32cubeide_1.10.1/stm32cubeide/plugins/com.st.stm32cube.ide.mcu.externaltools.gnu-tools-for-stm32.10.3-2021.10.win32_1.0.0.202111181127/tools/bin/../lib/gcc/arm-none-eabi/10.3.1/../../../../arm-none-eabi/lib/thumb/v7e-m+fp/hard\libc_nano.a(lib_a-memset.o)
                              c:/st/stm32cubeide_1.10.1/stm32cubeide/plugins/com.st.stm32cube.ide.mcu.externaltools.gnu-tools-for-stm32.10.3-2021.10.win32_1.0.0.202111181127/tools/bin/../lib/gcc/arm-none-eabi/10.3.1/../../../../arm-none-eabi/lib/thumb/v7e-m+fp/hard/crt0.o (memset)
c:/st/stm32cubeide_1.10.1/stm32cubeide/plugins/com.st.stm32cube.ide.mcu.externaltools.gnu-tools-for-stm32.10.3-2021.10.win32_1.0.0.202111181127/tools/bin/../lib/gcc/arm-none-eabi/10.3.1/../../../../arm-none-eabi/lib/thumb/v7e-m+fp/hard\libm.a(lib_a-s_atan.o)
                              ./Core/Src/utilities.o (atan)
c:/st/stm32cubeide_1.10.1/stm32cubeide/plugins/com.st.stm32cube.ide.mcu.externaltools.gnu-tools-for-stm32.10.3-2021.10.win32_1.0.0.202111181127/tools/bin/../lib/gcc/arm-none-eabi/10.3.1/../../../../arm-none-eabi/lib/thumb/v7e-m+fp/hard\libm.a(lib_a-s_fabs.o)
                              c:/st/stm32cubeide_1.10.1/stm32cubeide/plugins/com.st.stm32cube.ide.mcu.externaltools.gnu-tools-for-stm32.10.3-2021.10.win32_1.0.0.202111181127/tools/bin/../lib/gcc/arm-none-eabi/10.3.1/../../../../arm-none-eabi/lib/thumb/v7e-m+fp/hard\libm.a(lib_a-s_atan.o) (fabs)
c:/st/stm32cubeide_1.10.1/stm32cubeide/plugins/com.st.stm32cube.ide.mcu.externaltools.gnu-tools-for-stm32.10.3-2021.10.win32_1.0.0.202111181127/tools/bin/../lib/gcc/arm-none-eabi/10.3.1/../../../../arm-none-eabi/lib/thumb/v7e-m+fp/hard\libm.a(lib_a-w_pow.o)
                              ./Core/Src/utilities.o (pow)
c:/st/stm32cubeide_1.10.1/stm32cubeide/plugins/com.st.stm32cube.ide.mcu.externaltools.gnu-tools-for-stm32.10.3-2021.10.win32_1.0.0.202111181127/tools/bin/../lib/gcc/arm-none-eabi/10.3.1/../../../../arm-none-eabi/lib/thumb/v7e-m+fp/hard\libm.a(lib_a-w_sqrt.o)
                              ./Core/Src/utilities.o (sqrt)
c:/st/stm32cubeide_1.10.1/stm32cubeide/plugins/com.st.stm32cube.ide.mcu.externaltools.gnu-tools-for-stm32.10.3-2021.10.win32_1.0.0.202111181127/tools/bin/../lib/gcc/arm-none-eabi/10.3.1/../../../../arm-none-eabi/lib/thumb/v7e-m+fp/hard\libm.a(lib_a-e_pow.o)
                              c:/st/stm32cubeide_1.10.1/stm32cubeide/plugins/com.st.stm32cube.ide.mcu.externaltools.gnu-tools-for-stm32.10.3-2021.10.win32_1.0.0.202111181127/tools/bin/../lib/gcc/arm-none-eabi/10.3.1/../../../../arm-none-eabi/lib/thumb/v7e-m+fp/hard\libm.a(lib_a-w_pow.o) (__ieee754_pow)
c:/st/stm32cubeide_1.10.1/stm32cubeide/plugins/com.st.stm32cube.ide.mcu.externaltools.gnu-tools-for-stm32.10.3-2021.10.win32_1.0.0.202111181127/tools/bin/../lib/gcc/arm-none-eabi/10.3.1/../../../../arm-none-eabi/lib/thumb/v7e-m+fp/hard\libm.a(lib_a-e_sqrt.o)
[...]
Memory Configuration

Name             Origin             Length             Attributes
RAM              0x0000000020000000 0x0000000000018000 xrw
RAM2             0x0000000010000000 0x0000000000008000 xrw
FLASH            0x0000000008000000 0x0000000000100000 xr
*default*        0x0000000000000000 0xffffffffffffffff

Linker script and memory map

LOAD c:/st/stm32cubeide_1.10.1/stm32cubeide/plugins/com.st.stm32cube.ide.mcu.externaltools.gnu-tools-for-stm32.10.3-2021.10.win32_1.0.0.202111181127/tools/bin/../lib/gcc/arm-none-eabi/10.3.1/thumb/v7e-m+fp/hard/crti.o
LOAD c:/st/stm32cubeide_1.10.1/stm32cubeide/plugins/com.st.stm32cube.ide.mcu.externaltools.gnu-tools-for-stm32.10.3-2021.10.win32_1.0.0.202111181127/tools/bin/../lib/gcc/arm-none-eabi/10.3.1/thumb/v7e-m+fp/hard/crtbegin.o
LOAD c:/st/stm32cubeide_1.10.1/stm32cubeide/plugins/com.st.stm32cube.ide.mcu.externaltools.gnu-tools-for-stm32.10.3-2021.10.win32_1.0.0.202111181127/tools/bin/../lib/gcc/arm-none-eabi/10.3.1/../../../../arm-none-eabi/lib/thumb/v7e-m+fp/hard/crt0.o
LOAD ./Core/Src/adc.o
LOAD ./Core/Src/error_handler.o
LOAD ./Core/Src/gpio.o
LOAD ./Core/Src/lptim.o
LOAD ./Core/Src/main.o
LOAD ./Core/Src/prosthesis_v1.o
LOAD ./Core/Src/spi.o
LOAD ./Core/Src/stm32l4xx_it.o
LOAD ./Core/Src/system_stm32l4xx.o
LOAD ./Core/Src/tim.o
LOAD ./Core/Src/usart.o
LOAD ./Core/Src/utilities.o
LOAD ./Core/Startup/startup_stm32l476rgtx.o
LOAD ./Drivers/AS5145B/as5145b.o
LOAD ./Drivers/EPOS4/epos4.o
LOAD ./Drivers/MCP25625/mcp25625.o
LOAD ./Drivers/MPU-9255/mpu925x_spi.o
LOAD ./Drivers/STM32L4xx_HAL_Driver/Src/stm32l4xx_ll_adc.o
LOAD ./Drivers/STM32L4xx_HAL_Driver/Src/stm32l4xx_ll_dma.o
LOAD ./Drivers/STM32L4xx_HAL_Driver/Src/stm32l4xx_ll_exti.o
LOAD ./Drivers/STM32L4xx_HAL_Driver/Src/stm32l4xx_ll_gpio.o
LOAD ./Drivers/STM32L4xx_HAL_Driver/Src/stm32l4xx_ll_lptim.o
LOAD ./Drivers/STM32L4xx_HAL_Driver/Src/stm32l4xx_ll_pwr.o
LOAD ./Drivers/STM32L4xx_HAL_Driver/Src/stm32l4xx_ll_rcc.o
LOAD ./Drivers/STM32L4xx_HAL_Driver/Src/stm32l4xx_ll_spi.o
LOAD ./Drivers/STM32L4xx_HAL_Driver/Src/stm32l4xx_ll_tim.o
LOAD ./Drivers/STM32L4xx_HAL_Driver/Src/stm32l4xx_ll_usart.o
LOAD ./Drivers/STM32L4xx_HAL_Driver/Src/stm32l4xx_ll_utils.o
START GROUP
LOAD c:/st/stm32cubeide_1.10.1/stm32cubeide/plugins/com.st.stm32cube.ide.mcu.externaltools.gnu-tools-for-stm32.10.3-2021.10.win32_1.0.0.202111181127/tools/bin/../lib/gcc/arm-none-eabi/10.3.1/../../../../arm-none-eabi/lib/thumb/v7e-m+fp/hard\libc_nano.a
LOAD c:/st/stm32cubeide_1.10.1/stm32cubeide/plugins/com.st.stm32cube.ide.mcu.externaltools.gnu-tools-for-stm32.10.3-2021.10.win32_1.0.0.202111181127/tools/bin/../lib/gcc/arm-none-eabi/10.3.1/../../../../arm-none-eabi/lib/thumb/v7e-m+fp/hard\libm.a
END GROUP
START GROUP
LOAD c:/st/stm32cubeide_1.10.1/stm32cubeide/plugins/com.st.stm32cube.ide.mcu.externaltools.gnu-tools-for-stm32.10.3-2021.10.win32_1.0.0.202111181127/tools/bin/../lib/gcc/arm-none-eabi/10.3.1/thumb/v7e-m+fp/hard\libgcc.a
LOAD c:/st/stm32cubeide_1.10.1/stm32cubeide/plugins/com.st.stm32cube.ide.mcu.externaltools.gnu-tools-for-stm32.10.3-2021.10.win32_1.0.0.202111181127/tools/bin/../lib/gcc/arm-none-eabi/10.3.1/../../../../arm-none-eabi/lib/thumb/v7e-m+fp/hard\libc_nano.a
END GROUP
START GROUP
LOAD c:/st/stm32cubeide_1.10.1/stm32cubeide/plugins/com.st.stm32cube.ide.mcu.externaltools.gnu-tools-for-stm32.10.3-2021.10.win32_1.0.0.202111181127/tools/bin/../lib/gcc/arm-none-eabi/10.3.1/thumb/v7e-m+fp/hard\libgcc.a
LOAD c:/st/stm32cubeide_1.10.1/stm32cubeide/plugins/com.st.stm32cube.ide.mcu.externaltools.gnu-tools-for-stm32.10.3-2021.10.win32_1.0.0.202111181127/tools/bin/../lib/gcc/arm-none-eabi/10.3.1/../../../../arm-none-eabi/lib/thumb/v7e-m+fp/hard\libc_nano.a
LOAD c:/st/stm32cubeide_1.10.1/stm32cubeide/plugins/com.st.stm32cube.ide.mcu.externaltools.gnu-tools-for-stm32.10.3-2021.10.win32_1.0.0.202111181127/tools/bin/../lib/gcc/arm-none-eabi/10.3.1/../../../../arm-none-eabi/lib/thumb/v7e-m+fp/hard\libnosys.a
END GROUP
START GROUP
LOAD c:/st/stm32cubeide_1.10.1/stm32cubeide/plugins/com.st.stm32cube.ide.mcu.externaltools.gnu-tools-for-stm32.10.3-2021.10.win32_1.0.0.202111181127/tools/bin/../lib/gcc/arm-none-eabi/10.3.1/thumb/v7e-m+fp/hard\libgcc.a
LOAD c:/st/stm32cubeide_1.10.1/stm32cubeide/plugins/com.st.stm32cube.ide.mcu.externaltools.gnu-tools-for-stm32.10.3-2021.10.win32_1.0.0.202111181127/tools/bin/../lib/gcc/arm-none-eabi/10.3.1/../../../../arm-none-eabi/lib/thumb/v7e-m+fp/hard\libc_nano.a
LOAD c:/st/stm32cubeide_1.10.1/stm32cubeide/plugins/com.st.stm32cube.ide.mcu.externaltools.gnu-tools-for-stm32.10.3-2021.10.win32_1.0.0.202111181127/tools/bin/../lib/gcc/arm-none-eabi/10.3.1/../../../../arm-none-eabi/lib/thumb/v7e-m+fp/hard\libnosys.a
END GROUP
LOAD c:/st/stm32cubeide_1.10.1/stm32cubeide/plugins/com.st.stm32cube.ide.mcu.externaltools.gnu-tools-for-stm32.10.3-2021.10.win32_1.0.0.202111181127/tools/bin/../lib/gcc/arm-none-eabi/10.3.1/thumb/v7e-m+fp/hard/crtend.o
LOAD c:/st/stm32cubeide_1.10.1/stm32cubeide/plugins/com.st.stm32cube.ide.mcu.externaltools.gnu-tools-for-stm32.10.3-2021.10.win32_1.0.0.202111181127/tools/bin/../lib/gcc/arm-none-eabi/10.3.1/thumb/v7e-m+fp/hard/crtn.o
                0x0000000020018000                _estack = (ORIGIN (RAM) + LENGTH (RAM))
                0x0000000000000200                _Min_Heap_Size = 0x200
                0x0000000000000400                _Min_Stack_Size = 0x400

.isr_vector     0x0000000008000000      0x188
                0x0000000008000000                . = ALIGN (0x4)
 *(.isr_vector)
 .isr_vector    0x0000000008000000      0x188 ./Core/Startup/startup_stm32l476rgtx.o
                0x0000000008000000                g_pfnVectors
                0x0000000008000188                . = ALIGN (0x4)

.text           0x0000000008000188     0x6574
                0x0000000008000188                . = ALIGN (0x4)
 *(.text)
 .text          0x0000000008000188       0x40 c:/st/stm32cubeide_1.10.1/stm32cubeide/plugins/com.st.stm32cube.ide.mcu.externaltools.gnu-tools-for-stm32.10.3-2021.10.win32_1.0.0.202111181127/tools/bin/../lib/gcc/arm-none-eabi/10.3.1/thumb/v7e-m+fp/hard/crtbegin.o
 .text          0x00000000080001c8      0x378 c:/st/stm32cubeide_1.10.1/stm32cubeide/plugins/com.st.stm32cube.ide.mcu.externaltools.gnu-tools-for-stm32.10.3-2021.10.win32_1.0.0.202111181127/tools/bin/../lib/gcc/arm-none-eabi/10.3.1/thumb/v7e-m+fp/hard\libgcc.a(_arm_addsubdf3.o)
                0x00000000080001c8                __aeabi_drsub
                0x00000000080001d0                __aeabi_dsub
                0x00000000080001d0                __subdf3
                0x00000000080001d4                __aeabi_dadd
                0x00000000080001d4                __adddf3
                0x000000000800044c                __floatunsidf
                0x000000000800044c                __aeabi_ui2d
                0x000000000800046c                __floatsidf
                0x000000000800046c                __aeabi_i2d
                0x0000000008000490                __aeabi_f2d
                0x0000000008000490                __extendsfdf2
                0x00000000080004d4                __floatundidf
                0x00000000080004d4                __aeabi_ul2d
                0x00000000080004e4                __floatdidf
                0x00000000080004e4                __aeabi_l2d
 .text          0x0000000008000540      0x424 c:/st/stm32cubeide_1.10.1/stm32cubeide/plugins/com.st.stm32cube.ide.mcu.externaltools.gnu-tools-for-stm32.10.3-2021.10.win32_1.0.0.202111181127/tools/bin/../lib/gcc/arm-none-eabi/10.3.1/thumb/v7e-m+fp/hard\libgcc.a(_arm_muldivdf3.o)
                0x0000000008000540                __aeabi_dmul
                0x0000000008000540                __muldf3
                0x0000000008000794                __divdf3
                0x0000000008000794                __aeabi_ddiv
 .text          0x0000000008000964      0x110 c:/st/stm32cubeide_1.10.1/stm32cubeide/plugins/com.st.stm32cube.ide.mcu.externaltools.gnu-tools-for-stm32.10.3-2021.10.win32_1.0.0.202111181127/tools/bin/../lib/gcc/arm-none-eabi/10.3.1/thumb/v7e-m+fp/hard\libgcc.a(_arm_cmpdf2.o)
                0x0000000008000964                __gtdf2
                0x0000000008000964                __gedf2
                0x000000000800096c                __ltdf2
                0x000000000800096c                __ledf2
                0x0000000008000974                __nedf2
                0x0000000008000974                __eqdf2
                0x0000000008000974                __cmpdf2
                0x00000000080009f0                __aeabi_cdrcmple
                0x0000000008000a00                __aeabi_cdcmpeq
                0x0000000008000a00                __aeabi_cdcmple
                0x0000000008000a10                __aeabi_dcmpeq
                0x0000000008000a24                __aeabi_dcmplt
                0x0000000008000a38                __aeabi_dcmple
                0x0000000008000a4c                __aeabi_dcmpge
                0x0000000008000a60                __aeabi_dcmpgt
 .text          0x0000000008000a74       0xa0 c:/st/stm32cubeide_1.10.1/stm32cubeide/plugins/com.st.stm32cube.ide.mcu.externaltools.gnu-tools-for-stm32.10.3-2021.10.win32_1.0.0.202111181127/tools/bin/../lib/gcc/arm-none-eabi/10.3.1/thumb/v7e-m+fp/hard\libgcc.a(_arm_truncdfsf2.o)
                0x0000000008000a74                __truncdfsf2
                0x0000000008000a74                __aeabi_d2f
 *(.text*)
 .text.LL_ADC_SetCommonPathInternalCh
                0x0000000008000b14       0x26 ./Core/Src/adc.o
 .text.LL_ADC_REG_SetSequencerRanks
                0x0000000008000b3a       0x58 ./Core/Src/adc.o
 .text.LL_ADC_SetChannelSamplingTime
                0x0000000008000b92       0x56 ./Core/Src/adc.o
 .text.LL_ADC_SetChannelSingleDiff
                0x0000000008000be8       0x48 ./Core/Src/adc.o
 .text.LL_ADC_DisableDeepPowerDown
                0x0000000008000c30       0x24 ./Core/Src/adc.o
 .text.LL_ADC_EnableInternalRegulator
                0x0000000008000c54       0x28 ./Core/Src/adc.o
 .text.LL_RCC_SetADCClockSource
                0x0000000008000c7c       0x2c ./Core/Src/adc.o
 .text.LL_AHB2_GRP1_EnableClock
                0x0000000008000ca8       0x30 ./Core/Src/adc.o
 .text.LL_GPIO_EnablePinAnalogControl
                0x0000000008000cd8       0x22 ./Core/Src/adc.o
 *fill*         0x0000000008000cfa        0x2 
 .text.MX_ADC1_Init
                0x0000000008000cfc      0x14c ./Core/Src/adc.o
                0x0000000008000cfc                MX_ADC1_Init
 .text.MX_ADC2_Init
                0x0000000008000e48      0x148 ./Core/Src/adc.o
                0x0000000008000e48                MX_ADC2_Init
 .text.ErrorHandler_AS5145B
                0x0000000008000f90       0x2c ./Core/Src/error_handler.o
                0x0000000008000f90                ErrorHandler_AS5145B
 .text.ErrorHandler_EPOS4
                0x0000000008000fbc       0x94 ./Core/Src/error_handler.o
                0x0000000008000fbc                ErrorHandler_EPOS4
 .text.ErrorHandler_MCP25625
                0x0000000008001050       0x2c ./Core/Src/error_handler.o
                0x0000000008001050                ErrorHandler_MCP25625
 .text.ErrorHandler_MPU925x
                0x000000000800107c       0x18 ./Core/Src/error_handler.o
                0x000000000800107c                ErrorHandler_MPU925x
 .text.LL_AHB2_GRP1_EnableClock
                0x0000000008001094       0x30 ./Core/Src/gpio.o
 .text.LL_GPIO_ResetOutputPin
                0x00000000080010c4       0x1c ./Core/Src/gpio.o
 .text.MX_GPIO_Init
                0x00000000080010e0       0xd0 ./Core/Src/gpio.o
                0x00000000080010e0                MX_GPIO_Init
 .text.__NVIC_GetPriorityGrouping
                0x00000000080011b0       0x1c ./Core/Src/lptim.o
 .text.__NVIC_EnableIRQ
                0x00000000080011cc       0x3c ./Core/Src/lptim.o
 .text.__NVIC_SetPriority
                0x0000000008001208       0x54 ./Core/Src/lptim.o
 .text.NVIC_EncodePriority
                0x000000000800125c       0x66 ./Core/Src/lptim.o
 .text.LL_LPTIM_SetUpdateMode
                0x00000000080012c2       0x26 ./Core/Src/lptim.o
 .text.LL_LPTIM_SetCounterMode
                0x00000000080012e8       0x26 ./Core/Src/lptim.o
 .text.LL_LPTIM_SetPolarity
                0x000000000800130e       0x26 ./Core/Src/lptim.o
 .text.LL_LPTIM_SetPrescaler
                0x0000000008001334       0x26 ./Core/Src/lptim.o
 .text.LL_LPTIM_SetInput1Src
                0x000000000800135a       0x26 ./Core/Src/lptim.o
 .text.LL_LPTIM_TrigSw
                0x0000000008001380       0x20 ./Core/Src/lptim.o
 .text.LL_LPTIM_SetClockSource
                0x00000000080013a0       0x26 ./Core/Src/lptim.o
 *fill*         0x00000000080013c6        0x2 
 .text.LL_RCC_SetLPTIMClockSource
                0x00000000080013c8       0x34 ./Core/Src/lptim.o
 .text.LL_APB1_GRP2_EnableClock
                0x00000000080013fc       0x30 ./Core/Src/lptim.o
 .text.MX_LPTIM2_Init
                0x000000000800142c       0x70 ./Core/Src/lptim.o
                0x000000000800142c                MX_LPTIM2_Init
 .text.__NVIC_SetPriorityGrouping
                0x000000000800149c       0x48 ./Core/Src/main.o
 .text.LL_ADC_Enable
                0x00000000080014e4       0x28 ./Core/Src/main.o
 .text.LL_LPTIM_Enable
                0x000000000800150c       0x20 ./Core/Src/main.o
 .text.LL_LPTIM_StartCounter
                0x000000000800152c       0x26 ./Core/Src/main.o
 .text.LL_LPTIM_SetAutoReload
                0x0000000008001552       0x26 ./Core/Src/main.o
 .text.LL_LPTIM_EnableIT_ARRM
                0x0000000008001578       0x20 ./Core/Src/main.o
 .text.LL_RCC_LSE_Enable
                0x0000000008001598       0x24 ./Core/Src/main.o
 .text.LL_RCC_LSE_SetDriveCapability
                0x00000000080015bc       0x2c ./Core/Src/main.o
 .text.LL_RCC_LSE_IsReady
                0x00000000080015e8       0x28 ./Core/Src/main.o
 .text.LL_RCC_MSI_Enable
                0x0000000008001610       0x20 ./Core/Src/main.o
 .text.LL_RCC_MSI_IsReady
                0x0000000008001630       0x24 ./Core/Src/main.o
 .text.LL_RCC_MSI_EnablePLLMode
                0x0000000008001654       0x20 ./Core/Src/main.o
 .text.LL_RCC_MSI_EnableRangeSelection
                0x0000000008001674       0x20 ./Core/Src/main.o
 .text.LL_RCC_MSI_SetRange
                0x0000000008001694       0x28 ./Core/Src/main.o
 .text.LL_RCC_MSI_SetCalibTrimming
                0x00000000080016bc       0x2c ./Core/Src/main.o
 .text.LL_RCC_SetSysClkSource
                0x00000000080016e8       0x28 ./Core/Src/main.o
 .text.LL_RCC_GetSysClkSource
                0x0000000008001710       0x1c ./Core/Src/main.o
 .text.LL_RCC_SetAHBPrescaler
                0x000000000800172c       0x28 ./Core/Src/main.o
 .text.LL_RCC_SetAPB1Prescaler
                0x0000000008001754       0x28 ./Core/Src/main.o
 .text.LL_RCC_SetAPB2Prescaler
                0x000000000800177c       0x28 ./Core/Src/main.o
 .text.LL_RCC_PLL_Enable
                0x00000000080017a4       0x20 ./Core/Src/main.o
 .text.LL_RCC_PLL_IsReady
                0x00000000080017c4       0x28 ./Core/Src/main.o
 .text.LL_RCC_PLL_ConfigDomain_SYS
                0x00000000080017ec       0x40 ./Core/Src/main.o
 .text.LL_RCC_PLL_EnableDomain_SYS
                0x000000000800182c       0x20 ./Core/Src/main.o
 .text.LL_APB1_GRP1_EnableClock
                0x000000000800184c       0x30 ./Core/Src/main.o
 .text.LL_APB2_GRP1_EnableClock
                0x000000000800187c       0x30 ./Core/Src/main.o
 .text.LL_FLASH_SetLatency
                0x00000000080018ac       0x28 ./Core/Src/main.o
 .text.LL_FLASH_GetLatency
                0x00000000080018d4       0x1c ./Core/Src/main.o
 .text.LL_SYSTICK_EnableIT
                0x00000000080018f0       0x20 ./Core/Src/main.o
 .text.LL_PWR_SetRegulVoltageScaling
                0x0000000008001910       0x28 ./Core/Src/main.o
 .text.LL_PWR_EnableBkUpAccess
                0x0000000008001938       0x20 ./Core/Src/main.o
 .text.LL_SPI_Enable
                0x0000000008001958       0x20 ./Core/Src/main.o
 .text.LL_TIM_EnableCounter
                0x0000000008001978       0x20 ./Core/Src/main.o
 .text.main     0x0000000008001998      0x3d4 ./Core/Src/main.o
                0x0000000008001998                main
 .text.SystemClock_Config
                0x0000000008001d6c       0xbc ./Core/Src/main.o
                0x0000000008001d6c                SystemClock_Config
 .text.LL_ADC_REG_StartConversion
                0x0000000008001e28       0x28 ./Core/Src/prosthesis_v1.o
 .text.LL_ADC_REG_ReadConversionData12
                0x0000000008001e50       0x1a ./Core/Src/prosthesis_v1.o
 .text.LL_ADC_IsActiveFlag_EOC
                0x0000000008001e6a       0x26 ./Core/Src/prosthesis_v1.o
 .text.InitProsthesisControl
                0x0000000008001e90       0x6c ./Core/Src/prosthesis_v1.o
                0x0000000008001e90                InitProsthesisControl
 .text.RequireTestProgram
                0x0000000008001efc       0x34 ./Core/Src/prosthesis_v1.o
                0x0000000008001efc                RequireTestProgram
 .text.RunProsthesisControl
                0x0000000008001f30       0x54 ./Core/Src/prosthesis_v1.o
                0x0000000008001f30                RunProsthesisControl
 .text.GetInputs
                0x0000000008001f84       0xe4 ./Core/Src/prosthesis_v1.o
 .text.ReadLoadCell
                0x0000000008002068       0x30 ./Core/Src/prosthesis_v1.o
 .text.ProcessInputs
                0x0000000008002098      0x638 ./Core/Src/prosthesis_v1.o
 .text.RunStateMachine
                0x00000000080026d0      0x240 ./Core/Src/prosthesis_v1.o
 .text.RunImpedanceControl
                0x0000000008002910      0x1fc ./Core/Src/prosthesis_v1.o
 .text.RunTestProgram
                0x0000000008002b0c      0x1ec ./Core/Src/prosthesis_v1.o
 .text.LL_AHB2_GRP1_EnableClock
                0x0000000008002cf8       0x30 ./Core/Src/spi.o
 .text.LL_APB1_GRP1_EnableClock
                0x0000000008002d28       0x30 ./Core/Src/spi.o
 .text.LL_APB2_GRP1_EnableClock
                0x0000000008002d58       0x30 ./Core/Src/spi.o
 .text.LL_SPI_SetStandard
                0x0000000008002d88       0x26 ./Core/Src/spi.o
 .text.LL_SPI_DisableNSSPulseMgt
                0x0000000008002dae       0x20 ./Core/Src/spi.o
 *fill*         0x0000000008002dce        0x2 
 .text.MX_SPI1_Init
                0x0000000008002dd0       0xac ./Core/Src/spi.o
                0x0000000008002dd0                MX_SPI1_Init
 .text.MX_SPI2_Init
                0x0000000008002e7c       0xb0 ./Core/Src/spi.o
                0x0000000008002e7c                MX_SPI2_Init
 .text.MX_SPI3_Init
                0x0000000008002f2c       0xac ./Core/Src/spi.o
                0x0000000008002f2c                MX_SPI3_Init
 .text.LL_LPTIM_ClearFLAG_ARRM
                0x0000000008002fd8       0x20 ./Core/Src/stm32l4xx_it.o
 .text.LL_LPTIM_IsActiveFlag_ARRM
                0x0000000008002ff8       0x26 ./Core/Src/stm32l4xx_it.o
 .text.NMI_Handler
                0x000000000800301e        0x6 ./Core/Src/stm32l4xx_it.o
                0x000000000800301e                NMI_Handler
 .text.HardFault_Handler
                0x0000000008003024        0x6 ./Core/Src/stm32l4xx_it.o
                0x0000000008003024                HardFault_Handler
 .text.MemManage_Handler
                0x000000000800302a        0x6 ./Core/Src/stm32l4xx_it.o
                0x000000000800302a                MemManage_Handler
 .text.BusFault_Handler
                0x0000000008003030        0x6 ./Core/Src/stm32l4xx_it.o
                0x0000000008003030                BusFault_Handler
 .text.UsageFault_Handler
                0x0000000008003036        0x6 ./Core/Src/stm32l4xx_it.o
                0x0000000008003036                UsageFault_Handler
 .text.SVC_Handler
                0x000000000800303c        0xe ./Core/Src/stm32l4xx_it.o
                0x000000000800303c                SVC_Handler
 .text.DebugMon_Handler
                0x000000000800304a        0xe ./Core/Src/stm32l4xx_it.o
                0x000000000800304a                DebugMon_Handler
 .text.PendSV_Handler
                0x0000000008003058        0xe ./Core/Src/stm32l4xx_it.o
                0x0000000008003058                PendSV_Handler
 .text.SysTick_Handler
                0x0000000008003066        0xe ./Core/Src/stm32l4xx_it.o
                0x0000000008003066                SysTick_Handler
 .text.LPTIM2_IRQHandler
                0x0000000008003074       0x28 ./Core/Src/stm32l4xx_it.o
                0x0000000008003074                LPTIM2_IRQHandler
 .text.SystemInit
                0x000000000800309c       0x24 ./Core/Src/system_stm32l4xx.o
                0x000000000800309c                SystemInit
 .text.LL_APB1_GRP1_EnableClock
                0x00000000080030c0       0x30 ./Core/Src/tim.o
 .text.LL_TIM_DisableARRPreload
                0x00000000080030f0       0x20 ./Core/Src/tim.o
 .text.LL_TIM_SetTriggerOutput
                0x0000000008003110       0x26 ./Core/Src/tim.o
 .text.LL_TIM_DisableMasterSlaveMode
                0x0000000008003136       0x20 ./Core/Src/tim.o
 *fill*         0x0000000008003156        0x2 
 .text.MX_TIM6_Init
                0x0000000008003158       0x54 ./Core/Src/tim.o
                0x0000000008003158                MX_TIM6_Init
 .text.LL_RCC_SetUSARTClockSource
                0x00000000080031ac       0x34 ./Core/Src/usart.o
 .text.LL_AHB2_GRP1_EnableClock
                0x00000000080031e0       0x30 ./Core/Src/usart.o
 .text.LL_APB1_GRP1_EnableClock
                0x0000000008003210       0x30 ./Core/Src/usart.o
 .text.LL_USART_Enable
                0x0000000008003240       0x20 ./Core/Src/usart.o
 .text.LL_USART_ConfigAsyncMode
                0x0000000008003260       0x2c ./Core/Src/usart.o
 .text.MX_USART2_UART_Init
                0x000000000800328c       0xa8 ./Core/Src/usart.o
                0x000000000800328c                MX_USART2_UART_Init
 .text.DelayUs  0x0000000008003334       0x3c ./Core/Src/utilities.o
                0x0000000008003334                DelayUs
 .text.Reset_Handler
                0x0000000008003370       0x50 ./Core/Startup/startup_stm32l476rgtx.o
                0x0000000008003370                Reset_Handler
 .text.Default_Handler
                0x00000000080033c0        0x2 ./Core/Startup/startup_stm32l476rgtx.o
                0x00000000080033c0                RTC_Alarm_IRQHandler
                0x00000000080033c0                EXTI2_IRQHandler
                0x00000000080033c0                TIM8_TRG_COM_IRQHandler
                0x00000000080033c0                TIM8_CC_IRQHandler
                0x00000000080033c0                TIM1_CC_IRQHandler
                0x00000000080033c0                TSC_IRQHandler
                0x00000000080033c0                TAMP_STAMP_IRQHandler
                0x00000000080033c0                EXTI3_IRQHandler
                0x00000000080033c0                DFSDM1_FLT1_IRQHandler
                0x00000000080033c0                I2C3_ER_IRQHandler
                0x00000000080033c0                DFSDM1_FLT2_IRQHandler
                0x00000000080033c0                EXTI0_IRQHandler
                0x00000000080033c0                I2C2_EV_IRQHandler
                0x00000000080033c0                CAN1_RX0_IRQHandler
                0x00000000080033c0                FPU_IRQHandler
                0x00000000080033c0                TIM1_UP_TIM16_IRQHandler
                0x00000000080033c0                ADC1_2_IRQHandler
                0x00000000080033c0                SPI1_IRQHandler
                0x00000000080033c0                TIM6_DAC_IRQHandler
                0x00000000080033c0                TIM8_UP_IRQHandler
                0x00000000080033c0                DMA2_Channel2_IRQHandler
                0x00000000080033c0                DMA1_Channel4_IRQHandler
                0x00000000080033c0                SAI2_IRQHandler
                0x00000000080033c0                DFSDM1_FLT3_IRQHandler
                0x00000000080033c0                USART3_IRQHandler
                0x00000000080033c0                DMA1_Channel7_IRQHandler
                0x00000000080033c0                CAN1_RX1_IRQHandler
                0x00000000080033c0                LCD_IRQHandler
                0x00000000080033c0                UART5_IRQHandler
                0x00000000080033c0                ADC3_IRQHandler
                0x00000000080033c0                TIM4_IRQHandler
                0x00000000080033c0                DMA2_Channel1_IRQHandler
                0x00000000080033c0                QUADSPI_IRQHandler
                0x00000000080033c0                I2C1_EV_IRQHandler
                0x00000000080033c0                DMA1_Channel6_IRQHandler
                0x00000000080033c0                UART4_IRQHandler
                0x00000000080033c0                DMA2_Channel4_IRQHandler
                0x00000000080033c0                TIM3_IRQHandler
                0x00000000080033c0                RCC_IRQHandler
                0x00000000080033c0                DMA1_Channel1_IRQHandler
                0x00000000080033c0                Default_Handler
                0x00000000080033c0                DMA2_Channel7_IRQHandler
                0x00000000080033c0                EXTI15_10_IRQHandler
                0x00000000080033c0                TIM7_IRQHandler
                0x00000000080033c0                SDMMC1_IRQHandler
                0x00000000080033c0                TIM5_IRQHandler
                0x00000000080033c0                I2C3_EV_IRQHandler
                0x00000000080033c0                EXTI9_5_IRQHandler
                0x00000000080033c0                RTC_WKUP_IRQHandler
                0x00000000080033c0                PVD_PVM_IRQHandler
                0x00000000080033c0                SPI2_IRQHandler
                0x00000000080033c0                CAN1_TX_IRQHandler
                0x00000000080033c0                DMA2_Channel5_IRQHandler
                0x00000000080033c0                DMA1_Channel5_IRQHandler
                0x00000000080033c0                EXTI4_IRQHandler
                0x00000000080033c0                RNG_IRQHandler
                0x00000000080033c0                TIM1_TRG_COM_TIM17_IRQHandler
                0x00000000080033c0                DMA1_Channel3_IRQHandler
                0x00000000080033c0                COMP_IRQHandler
                0x00000000080033c0                WWDG_IRQHandler
                0x00000000080033c0                LPUART1_IRQHandler
                0x00000000080033c0                DMA2_Channel6_IRQHandler
                0x00000000080033c0                TIM2_IRQHandler
                0x00000000080033c0                EXTI1_IRQHandler
                0x00000000080033c0                USART2_IRQHandler
                0x00000000080033c0                DFSDM1_FLT0_IRQHandler
                0x00000000080033c0                I2C2_ER_IRQHandler
                0x00000000080033c0                DMA1_Channel2_IRQHandler
                0x00000000080033c0                TIM8_BRK_IRQHandler
                0x00000000080033c0                CAN1_SCE_IRQHandler
                0x00000000080033c0                FLASH_IRQHandler
                0x00000000080033c0                USART1_IRQHandler
                0x00000000080033c0                OTG_FS_IRQHandler
                0x00000000080033c0                SPI3_IRQHandler
                0x00000000080033c0                I2C1_ER_IRQHandler
                0x00000000080033c0                FMC_IRQHandler
                0x00000000080033c0                SWPMI1_IRQHandler
                0x00000000080033c0                LPTIM1_IRQHandler
                0x00000000080033c0                SAI1_IRQHandler
                0x00000000080033c0                DMA2_Channel3_IRQHandler
                0x00000000080033c0                TIM1_BRK_TIM15_IRQHandler
 .text.LL_GPIO_IsInputPinSet
                0x00000000080033c2       0x2a ./Drivers/AS5145B/as5145b.o
 .text.LL_GPIO_SetOutputPin
                0x00000000080033ec       0x1c ./Drivers/AS5145B/as5145b.o
 .text.LL_GPIO_ResetOutputPin
                0x0000000008003408       0x1c ./Drivers/AS5145B/as5145b.o
 .text.AS5145B_Init
                0x0000000008003424       0x6c ./Drivers/AS5145B/as5145b.o
                0x0000000008003424                AS5145B_Init
 .text.AS5145B_ReadPosition
                0x0000000008003490       0x5c ./Drivers/AS5145B/as5145b.o
                0x0000000008003490                AS5145B_ReadPosition
 .text.AS5145B_ReadPosition_Raw
                0x00000000080034ec       0x3c ./Drivers/AS5145B/as5145b.o
                0x00000000080034ec                AS5145B_ReadPosition_Raw
 .text.ReadStatus
                0x0000000008003528       0x20 ./Drivers/AS5145B/as5145b.o
 .text.ReadData
                0x0000000008003548      0x188 ./Drivers/AS5145B/as5145b.o
 .text.ClearChipSelect
                0x00000000080036d0       0x38 ./Drivers/AS5145B/as5145b.o
 .text.SetChipSelect
                0x0000000008003708       0x38 ./Drivers/AS5145B/as5145b.o
 .text.RaiseClockEdge
                0x0000000008003740       0x38 ./Drivers/AS5145B/as5145b.o
 .text.LowerClockEdge
                0x0000000008003778       0x38 ./Drivers/AS5145B/as5145b.o
 .text.ReadDO_Pin
                0x00000000080037b0       0x40 ./Drivers/AS5145B/as5145b.o
 .text.EPOS4_Init
                0x00000000080037f0      0x198 ./Drivers/EPOS4/epos4.o
                0x00000000080037f0                EPOS4_Init
 .text.EPOS4_WriteTargetTorqueValue
                0x0000000008003988       0x50 ./Drivers/EPOS4/epos4.o
                0x0000000008003988                EPOS4_WriteTargetTorqueValue
 .text.EPOS4_DisableVoltage
                0x00000000080039d8       0x34 ./Drivers/EPOS4/epos4.o
                0x00000000080039d8                EPOS4_DisableVoltage
 .text.ReadObjectValue
                0x0000000008003a0c       0x6c ./Drivers/EPOS4/epos4.o
 .text.WriteObjectValue
                0x0000000008003a78       0x62 ./Drivers/EPOS4/epos4.o
 .text.ParseValueFromData
                0x0000000008003ada       0x40 ./Drivers/EPOS4/epos4.o
 *fill*         0x0000000008003b1a        0x2 
 .text.SDO_Upload
                0x0000000008003b1c       0x7c ./Drivers/EPOS4/epos4.o
 .text.SDO_Download
                0x0000000008003b98       0x80 ./Drivers/EPOS4/epos4.o
 .text.FrameData
                0x0000000008003c18       0x7a ./Drivers/EPOS4/epos4.o
 .text.DisableVoltage
                0x0000000008003c92       0x30 ./Drivers/EPOS4/epos4.o
 *fill*         0x0000000008003cc2        0x2 
 .text.CheckForFault
                0x0000000008003cc4       0x54 ./Drivers/EPOS4/epos4.o
 .text.CheckForAbort
                0x0000000008003d18       0x28 ./Drivers/EPOS4/epos4.o
 .text.WriteFirstStepObjects
                0x0000000008003d40      0x2b0 ./Drivers/EPOS4/epos4.o
 .text.WriteOptionCodes
                0x0000000008003ff0       0xb4 ./Drivers/EPOS4/epos4.o
 .text.WriteModeOfOperation
                0x00000000080040a4       0xf4 ./Drivers/EPOS4/epos4.o
 .text.LL_GPIO_SetOutputPin
                0x0000000008004198       0x1c ./Drivers/MCP25625/mcp25625.o
 .text.LL_GPIO_ResetOutputPin
                0x00000000080041b4       0x1c ./Drivers/MCP25625/mcp25625.o
 .text.LL_SPI_IsActiveFlag_RXNE
                0x00000000080041d0       0x26 ./Drivers/MCP25625/mcp25625.o
 .text.LL_SPI_IsActiveFlag_TXE
                0x00000000080041f6       0x26 ./Drivers/MCP25625/mcp25625.o
 .text.LL_SPI_GetTxFIFOLevel
                0x000000000800421c       0x1c ./Drivers/MCP25625/mcp25625.o
 .text.LL_SPI_ReceiveData8
                0x0000000008004238       0x1c ./Drivers/MCP25625/mcp25625.o
 .text.LL_SPI_TransmitData8
                0x0000000008004254       0x24 ./Drivers/MCP25625/mcp25625.o
 .text.MCP25625_Init
                0x0000000008004278      0x14c ./Drivers/MCP25625/mcp25625.o
                0x0000000008004278                MCP25625_Init
 .text.MCP25625_LoadTxBufferAtSIDH
                0x00000000080043c4      0x1e0 ./Drivers/MCP25625/mcp25625.o
                0x00000000080043c4                MCP25625_LoadTxBufferAtSIDH
 .text.MCP25625_ReadRxBufferAtSIDH
                0x00000000080045a4      0x13c ./Drivers/MCP25625/mcp25625.o
                0x00000000080045a4                MCP25625_ReadRxBufferAtSIDH
 .text.ReadRegisterData
                0x00000000080046e0      0x120 ./Drivers/MCP25625/mcp25625.o
 .text.WriteRegisterData
                0x0000000008004800      0x108 ./Drivers/MCP25625/mcp25625.o
 .text.InitRXBx
                0x0000000008004908       0x2a ./Drivers/MCP25625/mcp25625.o
 *fill*         0x0000000008004932        0x2 
 .text.ResetDevice
                0x0000000008004934       0x98 ./Drivers/MCP25625/mcp25625.o
 .text.ModifyRegisterBits
                0x00000000080049cc      0x110 ./Drivers/MCP25625/mcp25625.o
 .text.RequestToSend
                0x0000000008004adc       0xb8 ./Drivers/MCP25625/mcp25625.o
 .text.ReadStatus
                0x0000000008004b94       0xe4 ./Drivers/MCP25625/mcp25625.o
 .text.SetChipSelect
                0x0000000008004c78       0x40 ./Drivers/MCP25625/mcp25625.o
 .text.ClearChipSelect
                0x0000000008004cb8       0x40 ./Drivers/MCP25625/mcp25625.o
 .text.LL_SPI_IsActiveFlag_RXNE
                0x0000000008004cf8       0x26 ./Drivers/MPU-9255/mpu925x_spi.o
 .text.LL_SPI_IsActiveFlag_TXE
                0x0000000008004d1e       0x26 ./Drivers/MPU-9255/mpu925x_spi.o
 .text.LL_SPI_ReceiveData8
                0x0000000008004d44       0x1c ./Drivers/MPU-9255/mpu925x_spi.o
 .text.LL_SPI_TransmitData8
                0x0000000008004d60       0x24 ./Drivers/MPU-9255/mpu925x_spi.o
 .text.LL_GPIO_SetOutputPin
                0x0000000008004d84       0x1c ./Drivers/MPU-9255/mpu925x_spi.o
 .text.LL_GPIO_ResetOutputPin
                0x0000000008004da0       0x1c ./Drivers/MPU-9255/mpu925x_spi.o
 .text.MPU925x_Init
                0x0000000008004dbc       0x68 ./Drivers/MPU-9255/mpu925x_spi.o
                0x0000000008004dbc                MPU925x_Init
 .text.MPU925x_SetAccelSensitivity
                0x0000000008004e24      0x124 ./Drivers/MPU-9255/mpu925x_spi.o
                0x0000000008004e24                MPU925x_SetAccelSensitivity
 .text.MPU925x_SetGyroSensitivity
                0x0000000008004f48      0x12c ./Drivers/MPU-9255/mpu925x_spi.o
                0x0000000008004f48                MPU925x_SetGyroSensitivity
 .text.MPU925x_ReadIMU
                0x0000000008005074      0x19c ./Drivers/MPU-9255/mpu925x_spi.o
                0x0000000008005074                MPU925x_ReadIMU
 .text.ReadRegData
                0x0000000008005210       0xfc ./Drivers/MPU-9255/mpu925x_spi.o
 .text.WriteRegData
                0x000000000800530c       0xec ./Drivers/MPU-9255/mpu925x_spi.o
 .text.ClearChipSelect
                0x00000000080053f8       0x38 ./Drivers/MPU-9255/mpu925x_spi.o
 .text.SetChipSelect
                0x0000000008005430       0x38 ./Drivers/MPU-9255/mpu925x_spi.o
 .text.LL_ADC_REG_SetSequencerLength
                0x0000000008005468       0x26 ./Drivers/STM32L4xx_HAL_Driver/Src/stm32l4xx_ll_adc.o
 .text.LL_ADC_IsEnabled
                0x000000000800548e       0x26 ./Drivers/STM32L4xx_HAL_Driver/Src/stm32l4xx_ll_adc.o
 .text.LL_ADC_CommonInit
                0x00000000080054b4       0x90 ./Drivers/STM32L4xx_HAL_Driver/Src/stm32l4xx_ll_adc.o
                0x00000000080054b4                LL_ADC_CommonInit
 .text.LL_ADC_Init
                0x0000000008005544       0x4c ./Drivers/STM32L4xx_HAL_Driver/Src/stm32l4xx_ll_adc.o
                0x0000000008005544                LL_ADC_Init
 .text.LL_ADC_REG_Init
                0x0000000008005590       0x94 ./Drivers/STM32L4xx_HAL_Driver/Src/stm32l4xx_ll_adc.o
                0x0000000008005590                LL_ADC_REG_Init
 .text.LL_GPIO_SetPinMode
                0x0000000008005624       0x7a ./Drivers/STM32L4xx_HAL_Driver/Src/stm32l4xx_ll_gpio.o
 .text.LL_GPIO_SetPinOutputType
                0x000000000800569e       0x30 ./Drivers/STM32L4xx_HAL_Driver/Src/stm32l4xx_ll_gpio.o
 .text.LL_GPIO_SetPinSpeed
                0x00000000080056ce       0x7a ./Drivers/STM32L4xx_HAL_Driver/Src/stm32l4xx_ll_gpio.o
 .text.LL_GPIO_SetPinPull
                0x0000000008005748       0x7a ./Drivers/STM32L4xx_HAL_Driver/Src/stm32l4xx_ll_gpio.o
 .text.LL_GPIO_SetAFPin_0_7
                0x00000000080057c2       0x7a ./Drivers/STM32L4xx_HAL_Driver/Src/stm32l4xx_ll_gpio.o
 .text.LL_GPIO_SetAFPin_8_15
                0x000000000800583c       0x7e ./Drivers/STM32L4xx_HAL_Driver/Src/stm32l4xx_ll_gpio.o
 .text.LL_GPIO_Init
                0x00000000080058ba       0xdc ./Drivers/STM32L4xx_HAL_Driver/Src/stm32l4xx_ll_gpio.o
                0x00000000080058ba                LL_GPIO_Init
 *fill*         0x0000000008005996        0x2 
 .text.LL_RCC_HSI_IsReady
                0x0000000008005998       0x28 ./Drivers/STM32L4xx_HAL_Driver/Src/stm32l4xx_ll_rcc.o
 .text.LL_RCC_LSE_IsReady
                0x00000000080059c0       0x28 ./Drivers/STM32L4xx_HAL_Driver/Src/stm32l4xx_ll_rcc.o
 .text.LL_RCC_MSI_IsEnabledRangeSelect
                0x00000000080059e8       0x24 ./Drivers/STM32L4xx_HAL_Driver/Src/stm32l4xx_ll_rcc.o
 .text.LL_RCC_MSI_GetRange
                0x0000000008005a0c       0x1c ./Drivers/STM32L4xx_HAL_Driver/Src/stm32l4xx_ll_rcc.o
 .text.LL_RCC_MSI_GetRangeAfterStandby
                0x0000000008005a28       0x1c ./Drivers/STM32L4xx_HAL_Driver/Src/stm32l4xx_ll_rcc.o
 .text.LL_RCC_GetSysClkSource
                0x0000000008005a44       0x1c ./Drivers/STM32L4xx_HAL_Driver/Src/stm32l4xx_ll_rcc.o
 .text.LL_RCC_GetAHBPrescaler
                0x0000000008005a60       0x1c ./Drivers/STM32L4xx_HAL_Driver/Src/stm32l4xx_ll_rcc.o
 .text.LL_RCC_GetAPB1Prescaler
                0x0000000008005a7c       0x1c ./Drivers/STM32L4xx_HAL_Driver/Src/stm32l4xx_ll_rcc.o
 .text.LL_RCC_GetAPB2Prescaler
                0x0000000008005a98       0x1c ./Drivers/STM32L4xx_HAL_Driver/Src/stm32l4xx_ll_rcc.o
 .text.LL_RCC_GetUSARTClockSource
                0x0000000008005ab4       0x28 ./Drivers/STM32L4xx_HAL_Driver/Src/stm32l4xx_ll_rcc.o
 .text.LL_RCC_GetUARTClockSource
                0x0000000008005adc       0x28 ./Drivers/STM32L4xx_HAL_Driver/Src/stm32l4xx_ll_rcc.o
 .text.LL_RCC_PLL_GetMainSource
                0x0000000008005b04       0x1c ./Drivers/STM32L4xx_HAL_Driver/Src/stm32l4xx_ll_rcc.o
 .text.LL_RCC_PLL_GetN
                0x0000000008005b20       0x1c ./Drivers/STM32L4xx_HAL_Driver/Src/stm32l4xx_ll_rcc.o
 .text.LL_RCC_PLL_GetR
                0x0000000008005b3c       0x1c ./Drivers/STM32L4xx_HAL_Driver/Src/stm32l4xx_ll_rcc.o
 .text.LL_RCC_PLL_GetDivider
                0x0000000008005b58       0x1c ./Drivers/STM32L4xx_HAL_Driver/Src/stm32l4xx_ll_rcc.o
 .text.LL_RCC_GetUSARTClockFreq
                0x0000000008005b74      0x1c8 ./Drivers/STM32L4xx_HAL_Driver/Src/stm32l4xx_ll_rcc.o
                0x0000000008005b74                LL_RCC_GetUSARTClockFreq
 .text.LL_RCC_GetUARTClockFreq
                0x0000000008005d3c      0x130 ./Drivers/STM32L4xx_HAL_Driver/Src/stm32l4xx_ll_rcc.o
                0x0000000008005d3c                LL_RCC_GetUARTClockFreq
 .text.RCC_GetSystemClockFreq
                0x0000000008005e6c      0x120 ./Drivers/STM32L4xx_HAL_Driver/Src/stm32l4xx_ll_rcc.o
 .text.RCC_GetHCLKClockFreq
                0x0000000008005f8c       0x2c ./Drivers/STM32L4xx_HAL_Driver/Src/stm32l4xx_ll_rcc.o
 .text.RCC_GetPCLK1ClockFreq
                0x0000000008005fb8       0x28 ./Drivers/STM32L4xx_HAL_Driver/Src/stm32l4xx_ll_rcc.o
 .text.RCC_GetPCLK2ClockFreq
                0x0000000008005fe0       0x28 ./Drivers/STM32L4xx_HAL_Driver/Src/stm32l4xx_ll_rcc.o
 .text.RCC_PLL_GetFreqDomain_SYS
                0x0000000008006008      0x118 ./Drivers/STM32L4xx_HAL_Driver/Src/stm32l4xx_ll_rcc.o
 .text.LL_SPI_IsEnabled
                0x0000000008006120       0x26 ./Drivers/STM32L4xx_HAL_Driver/Src/stm32l4xx_ll_spi.o
 .text.LL_SPI_SetRxFIFOThreshold
                0x0000000008006146       0x26 ./Drivers/STM32L4xx_HAL_Driver/Src/stm32l4xx_ll_spi.o
 .text.LL_SPI_SetCRCPolynomial
                0x000000000800616c       0x20 ./Drivers/STM32L4xx_HAL_Driver/Src/stm32l4xx_ll_spi.o
 .text.LL_SPI_Init
                0x000000000800618c       0xb0 ./Drivers/STM32L4xx_HAL_Driver/Src/stm32l4xx_ll_spi.o
                0x000000000800618c                LL_SPI_Init
 .text.LL_TIM_SetPrescaler
                0x000000000800623c       0x1c ./Drivers/STM32L4xx_HAL_Driver/Src/stm32l4xx_ll_tim.o
 .text.LL_TIM_SetAutoReload
                0x0000000008006258       0x1c ./Drivers/STM32L4xx_HAL_Driver/Src/stm32l4xx_ll_tim.o
 .text.LL_TIM_SetRepetitionCounter
                0x0000000008006274       0x1c ./Drivers/STM32L4xx_HAL_Driver/Src/stm32l4xx_ll_tim.o
 .text.LL_TIM_GenerateEvent_UPDATE
                0x0000000008006290       0x20 ./Drivers/STM32L4xx_HAL_Driver/Src/stm32l4xx_ll_tim.o
 .text.LL_TIM_Init
                0x00000000080062b0      0x128 ./Drivers/STM32L4xx_HAL_Driver/Src/stm32l4xx_ll_tim.o
                0x00000000080062b0                LL_TIM_Init
 .text.LL_USART_IsEnabled
                0x00000000080063d8       0x26 ./Drivers/STM32L4xx_HAL_Driver/Src/stm32l4xx_ll_usart.o
 .text.LL_USART_SetStopBitsLength
                0x00000000080063fe       0x26 ./Drivers/STM32L4xx_HAL_Driver/Src/stm32l4xx_ll_usart.o
 .text.LL_USART_SetHWFlowCtrl
                0x0000000008006424       0x26 ./Drivers/STM32L4xx_HAL_Driver/Src/stm32l4xx_ll_usart.o
 .text.LL_USART_SetBaudRate
                0x000000000800644a       0x6e ./Drivers/STM32L4xx_HAL_Driver/Src/stm32l4xx_ll_usart.o
 .text.LL_USART_Init
                0x00000000080064b8       0xf8 ./Drivers/STM32L4xx_HAL_Driver/Src/stm32l4xx_ll_usart.o
                0x00000000080064b8                LL_USART_Init
 .text.LL_InitTick
                0x00000000080065b0       0x34 ./Drivers/STM32L4xx_HAL_Driver/Src/stm32l4xx_ll_utils.o
 .text.LL_Init1msTick
                0x00000000080065e4       0x1a ./Drivers/STM32L4xx_HAL_Driver/Src/stm32l4xx_ll_utils.o
                0x00000000080065e4                LL_Init1msTick
 *fill*         0x00000000080065fe        0x2 
 .text.LL_mDelay
                0x0000000008006600       0x50 ./Drivers/STM32L4xx_HAL_Driver/Src/stm32l4xx_ll_utils.o
                0x0000000008006600                LL_mDelay
 .text.LL_SetSystemCoreClock
                0x0000000008006650       0x20 ./Drivers/STM32L4xx_HAL_Driver/Src/stm32l4xx_ll_utils.o
                0x0000000008006650                LL_SetSystemCoreClock
 .text.__libc_init_array
                0x0000000008006670       0x48 c:/st/stm32cubeide_1.10.1/stm32cubeide/plugins/com.st.stm32cube.ide.mcu.externaltools.gnu-tools-for-stm32.10.3-2021.10.win32_1.0.0.202111181127/tools/bin/../lib/gcc/arm-none-eabi/10.3.1/../../../../arm-none-eabi/lib/thumb/v7e-m+fp/hard\libc_nano.a(lib_a-init.o)
                0x0000000008006670                __libc_init_array
 .text.memcpy   0x00000000080066b8       0x1c c:/st/stm32cubeide_1.10.1/stm32cubeide/plugins/com.st.stm32cube.ide.mcu.externaltools.gnu-tools-for-stm32.10.3-2021.10.win32_1.0.0.202111181127/tools/bin/../lib/gcc/arm-none-eabi/10.3.1/../../../../arm-none-eabi/lib/thumb/v7e-m+fp/hard\libc_nano.a(lib_a-memcpy-stub.o)
                0x00000000080066b8                memcpy
 .text.memset   0x00000000080066d4       0x10 c:/st/stm32cubeide_1.10.1/stm32cubeide/plugins/com.st.stm32cube.ide.mcu.externaltools.gnu-tools-for-stm32.10.3-2021.10.win32_1.0.0.202111181127/tools/bin/../lib/gcc/arm-none-eabi/10.3.1/../../../../arm-none-eabi/lib/thumb/v7e-m+fp/hard\libc_nano.a(lib_a-memset.o)
                0x00000000080066d4                memset
 *(.glue_7)
 .glue_7        0x00000000080066e4        0x0 linker stubs
 *(.glue_7t)
 .glue_7t       0x00000000080066e4        0x0 linker stubs
 *(.eh_frame)
 .eh_frame      0x00000000080066e4        0x0 c:/st/stm32cubeide_1.10.1/stm32cubeide/plugins/com.st.stm32cube.ide.mcu.externaltools.gnu-tools-for-stm32.10.3-2021.10.win32_1.0.0.202111181127/tools/bin/../lib/gcc/arm-none-eabi/10.3.1/thumb/v7e-m+fp/hard/crtbegin.o
 *(.init)
 .init          0x00000000080066e4        0x4 c:/st/stm32cubeide_1.10.1/stm32cubeide/plugins/com.st.stm32cube.ide.mcu.externaltools.gnu-tools-for-stm32.10.3-2021.10.win32_1.0.0.202111181127/tools/bin/../lib/gcc/arm-none-eabi/10.3.1/thumb/v7e-m+fp/hard/crti.o
                0x00000000080066e4                _init
 .init          0x00000000080066e8        0x8 c:/st/stm32cubeide_1.10.1/stm32cubeide/plugins/com.st.stm32cube.ide.mcu.externaltools.gnu-tools-for-stm32.10.3-2021.10.win32_1.0.0.202111181127/tools/bin/../lib/gcc/arm-none-eabi/10.3.1/thumb/v7e-m+fp/hard/crtn.o
 *(.fini)
 .fini          0x00000000080066f0        0x4 c:/st/stm32cubeide_1.10.1/stm32cubeide/plugins/com.st.stm32cube.ide.mcu.externaltools.gnu-tools-for-stm32.10.3-2021.10.win32_1.0.0.202111181127/tools/bin/../lib/gcc/arm-none-eabi/10.3.1/thumb/v7e-m+fp/hard/crti.o
                0x00000000080066f0                _fini
 .fini          0x00000000080066f4        0x8 c:/st/stm32cubeide_1.10.1/stm32cubeide/plugins/com.st.stm32cube.ide.mcu.externaltools.gnu-tools-for-stm32.10.3-2021.10.win32_1.0.0.202111181127/tools/bin/../lib/gcc/arm-none-eabi/10.3.1/thumb/v7e-m+fp/hard/crtn.o
                0x00000000080066fc                . = ALIGN (0x4)
                0x00000000080066fc                _etext = .

.vfp11_veneer   0x00000000080066fc        0x0
 .vfp11_veneer  0x00000000080066fc        0x0 linker stubs

.v4_bx          0x00000000080066fc        0x0
 .v4_bx         0x00000000080066fc        0x0 linker stubs

.iplt           0x00000000080066fc        0x0
 .iplt          0x00000000080066fc        0x0 c:/st/stm32cubeide_1.10.1/stm32cubeide/plugins/com.st.stm32cube.ide.mcu.externaltools.gnu-tools-for-stm32.10.3-2021.10.win32_1.0.0.202111181127/tools/bin/../lib/gcc/arm-none-eabi/10.3.1/thumb/v7e-m+fp/hard/crtbegin.o

.rodata         0x00000000080066fc       0x54
                0x00000000080066fc                . = ALIGN (0x4)
 *(.rodata)
 .rodata        0x00000000080066fc        0xc ./Drivers/EPOS4/epos4.o
 *(.rodata*)
 .rodata.AHBPrescTable
                0x0000000008006708       0x10 ./Core/Src/system_stm32l4xx.o
                0x0000000008006708                AHBPrescTable
 .rodata.APBPrescTable
                0x0000000008006718        0x8 ./Core/Src/system_stm32l4xx.o
                0x0000000008006718                APBPrescTable
 .rodata.MSIRangeTable
                0x0000000008006720       0x30 ./Core/Src/system_stm32l4xx.o
                0x0000000008006720                MSIRangeTable
                0x0000000008006750                . = ALIGN (0x4)

.rel.dyn        0x0000000008006750        0x0
 .rel.iplt      0x0000000008006750        0x0 c:/st/stm32cubeide_1.10.1/stm32cubeide/plugins/com.st.stm32cube.ide.mcu.externaltools.gnu-tools-for-stm32.10.3-2021.10.win32_1.0.0.202111181127/tools/bin/../lib/gcc/arm-none-eabi/10.3.1/thumb/v7e-m+fp/hard/crtbegin.o

.ARM.extab      0x0000000008006750        0x0
                0x0000000008006750                . = ALIGN (0x4)
 *(.ARM.extab* .gnu.linkonce.armextab.*)
                0x0000000008006750                . = ALIGN (0x4)

.ARM            0x0000000008006750        0x0
                0x0000000008006750                . = ALIGN (0x4)
                0x0000000008006750                __exidx_start = .
 *(.ARM.exidx*)
                0x0000000008006750                __exidx_end = .
                0x0000000008006750                . = ALIGN (0x4)

.preinit_array  0x0000000008006750        0x0
                0x0000000008006750                . = ALIGN (0x4)
                0x0000000008006750                PROVIDE (__preinit_array_start = .)
 *(.preinit_array*)
                0x0000000008006750                PROVIDE (__preinit_array_end = .)
                0x0000000008006750                . = ALIGN (0x4)

.init_array     0x0000000008006750        0x4
                0x0000000008006750                . = ALIGN (0x4)
                0x0000000008006750                PROVIDE (__init_array_start = .)
 *(SORT_BY_NAME(.init_array.*))
 *(.init_array*)
 .init_array    0x0000000008006750        0x4 c:/st/stm32cubeide_1.10.1/stm32cubeide/plugins/com.st.stm32cube.ide.mcu.externaltools.gnu-tools-for-stm32.10.3-2021.10.win32_1.0.0.202111181127/tools/bin/../lib/gcc/arm-none-eabi/10.3.1/thumb/v7e-m+fp/hard/crtbegin.o
                0x0000000008006754                PROVIDE (__init_array_end = .)
                0x0000000008006754                . = ALIGN (0x4)

.fini_array     0x0000000008006754        0x4
                0x0000000008006754                . = ALIGN (0x4)
                [!provide]                        PROVIDE (__fini_array_start = .)
 *(SORT_BY_NAME(.fini_array.*))
 *(.fini_array*)
 .fini_array    0x0000000008006754        0x4 c:/st/stm32cubeide_1.10.1/stm32cubeide/plugins/com.st.stm32cube.ide.mcu.externaltools.gnu-tools-for-stm32.10.3-2021.10.win32_1.0.0.202111181127/tools/bin/../lib/gcc/arm-none-eabi/10.3.1/thumb/v7e-m+fp/hard/crtbegin.o
                [!provide]                        PROVIDE (__fini_array_end = .)
                0x0000000008006758                . = ALIGN (0x4)
                0x0000000008006758                _sidata = LOADADDR (.data)

.data           0x0000000020000000       0x18 load address 0x0000000008006758
                0x0000000020000000                . = ALIGN (0x4)
                0x0000000020000000                _sdata = .
 *(.data)
 *(.data*)
 .data.dt       0x0000000020000000        0x8 ./Core/Src/prosthesis_v1.o
 .data.isFirst  0x0000000020000008        0x1 ./Core/Src/prosthesis_v1.o
 *fill*         0x0000000020000009        0x1 
 .data.CM_state
                0x000000002000000a        0x2 ./Core/Src/prosthesis_v1.o
 .data.SystemCoreClock
                0x000000002000000c        0x4 ./Core/Src/system_stm32l4xx.o
                0x000000002000000c                SystemCoreClock
 .data.accelSensitivity
                0x0000000020000010        0x4 ./Drivers/MPU-9255/mpu925x_spi.o
 .data.gyroSensitivity
                0x0000000020000014        0x4 ./Drivers/MPU-9255/mpu925x_spi.o
 *(.RamFunc)
 *(.RamFunc*)
                0x0000000020000018                . = ALIGN (0x4)
                0x0000000020000018                _edata = .

.igot.plt       0x0000000020000018        0x0 load address 0x0000000008006770
 .igot.plt      0x0000000020000018        0x0 c:/st/stm32cubeide_1.10.1/stm32cubeide/plugins/com.st.stm32cube.ide.mcu.externaltools.gnu-tools-for-stm32.10.3-2021.10.win32_1.0.0.202111181127/tools/bin/../lib/gcc/arm-none-eabi/10.3.1/thumb/v7e-m+fp/hard/crtbegin.o
                0x0000000020000018                . = ALIGN (0x4)

.bss            0x0000000020000018      0x298 load address 0x0000000008006770
                0x0000000020000018                _sbss = .
                0x0000000020000018                __bss_start__ = _sbss
 *(.bss)
 .bss           0x0000000020000018       0x1c c:/st/stm32cubeide_1.10.1/stm32cubeide/plugins/com.st.stm32cube.ide.mcu.externaltools.gnu-tools-for-stm32.10.3-2021.10.win32_1.0.0.202111181127/tools/bin/../lib/gcc/arm-none-eabi/10.3.1/thumb/v7e-m+fp/hard/crtbegin.o
 *(.bss*)
 .bss.CM_ledCode
                0x0000000020000034        0x1 ./Core/Src/error_handler.o
 *fill*         0x0000000020000035        0x3 
 .bss.Prosthesis_Init
                0x0000000020000038        0x2 ./Core/Src/main.o
                0x0000000020000038                Prosthesis_Init
 .bss.isProsthesisControlRequired
                0x000000002000003a        0x1 ./Core/Src/prosthesis_v1.o
                0x000000002000003a                isProsthesisControlRequired
 *fill*         0x000000002000003b        0x1 
 .bss.Device    0x000000002000003c        0x2 ./Core/Src/prosthesis_v1.o
 .bss.testProgram
                0x000000002000003e        0x1 ./Core/Src/prosthesis_v1.o
 *fill*         0x000000002000003f        0x1 
 .bss.IMU_Data  0x0000000020000040       0x30 ./Core/Src/prosthesis_v1.o
 .bss.isSecond  0x0000000020000070        0x1 ./Core/Src/prosthesis_v1.o
 .bss.isTestProgramRequired
                0x0000000020000071        0x1 ./Core/Src/prosthesis_v1.o
 *fill*         0x0000000020000072        0x2 
 .bss.CM_IMU_GyroZ
                0x0000000020000074        0x4 ./Core/Src/prosthesis_v1.o
 .bss.CM_Ankle  0x0000000020000078       0x78 ./Core/Src/prosthesis_v1.o
 .bss.CM_Knee   0x00000000200000f0       0x78 ./Core/Src/prosthesis_v1.o
 .bss.CM_LoadCell
                0x0000000020000168       0x38 ./Core/Src/prosthesis_v1.o
 .bss.CM_ankleRawEncoderBias
                0x00000000200001a0        0x2 ./Core/Src/prosthesis_v1.o
 .bss.CM_kneeRawEncoderBias
                0x00000000200001a2        0x2 ./Core/Src/prosthesis_v1.o
 .bss.state.4   0x00000000200001a4        0x1 ./Core/Src/prosthesis_v1.o
 *fill*         0x00000000200001a5        0x3 
 .bss.sum.3     0x00000000200001a8        0x4 ./Core/Src/prosthesis_v1.o
 .bss.count.2   0x00000000200001ac        0x2 ./Core/Src/prosthesis_v1.o
 *fill*         0x00000000200001ae        0x2 
 .bss.sum.1     0x00000000200001b0        0x4 ./Core/Src/prosthesis_v1.o
 .bss.count.0   0x00000000200001b4        0x2 ./Core/Src/prosthesis_v1.o
 *fill*         0x00000000200001b6        0x2 
 .bss.Device    0x00000000200001b8       0x40 ./Drivers/AS5145B/as5145b.o
 .bss.Device    0x00000000200001f8       0x80 ./Drivers/EPOS4/epos4.o
 .bss.Device    0x0000000020000278       0x28 ./Drivers/MCP25625/mcp25625.o
 .bss.Device    0x00000000200002a0       0x10 ./Drivers/MPU-9255/mpu925x_spi.o
 *(COMMON)
                0x00000000200002b0                . = ALIGN (0x4)
                0x00000000200002b0                _ebss = .
                0x00000000200002b0                __bss_end__ = _ebss

._user_heap_stack
                0x00000000200002b0      0x600 load address 0x0000000008006770
                0x00000000200002b0                . = ALIGN (0x8)
                [!provide]                        PROVIDE (end = .)
                [!provide]                        PROVIDE (_end = .)
                0x00000000200004b0                . = (. + _Min_Heap_Size)
 *fill*         0x00000000200002b0      0x200 
                0x00000000200008b0                . = (. + _Min_Stack_Size)
 *fill*         0x00000000200004b0      0x400 
                0x00000000200008b0                . = ALIGN (0x8)

/DISCARD/
 libc.a(*)
 libm.a(*)
 libgcc.a(*)

.ARM.attributes
                0x0000000000000000       0x30
 *(.ARM.attributes)
 .ARM.attributes
                0x0000000000000000       0x1e c:/st/stm32cubeide_1.10.1/stm32cubeide/plugins/com.st.stm32cube.ide.mcu.externaltools.gnu-tools-for-stm32.10.3-2021.10.win32_1.0.0.202111181127/tools/bin/../lib/gcc/arm-none-eabi/10.3.1/thumb/v7e-m+fp/hard/crti.o
 .ARM.attributes
                0x000000000000001e       0x34 c:/st/stm32cubeide_1.10.1/stm32cubeide/plugins/com.st.stm32cube.ide.mcu.externaltools.gnu-tools-for-stm32.10.3-2021.10.win32_1.0.0.202111181127/tools/bin/../lib/gcc/arm-none-eabi/10.3.1/thumb/v7e-m+fp/hard/crtbegin.o
 .ARM.attributes
                0x0000000000000052       0x34 ./Core/Src/adc.o
 .ARM.attributes
                0x0000000000000086       0x34 ./Core/Src/error_handler.o
 .ARM.attributes
                0x00000000000000ba       0x34 ./Core/Src/gpio.o
 .ARM.attributes
                0x00000000000000ee       0x34 ./Core/Src/lptim.o
 .ARM.attributes
                0x0000000000000122       0x34 ./Core/Src/main.o
 .ARM.attributes
                0x0000000000000156       0x34 ./Core/Src/prosthesis_v1.o
 .ARM.attributes
                0x000000000000018a       0x34 ./Core/Src/spi.o
 .ARM.attributes
                0x00000000000001be       0x34 ./Core/Src/stm32l4xx_it.o
 .ARM.attributes
                0x00000000000001f2       0x34 ./Core/Src/system_stm32l4xx.o
 .ARM.attributes
                0x0000000000000226       0x34 ./Core/Src/tim.o
 .ARM.attributes
                0x000000000000025a       0x34 ./Core/Src/usart.o
 .ARM.attributes
                0x000000000000028e       0x34 ./Core/Src/utilities.o
 .ARM.attributes
                0x00000000000002c2       0x21 ./Core/Startup/startup_stm32l476rgtx.o
 .ARM.attributes
                0x00000000000002e3       0x34 ./Drivers/AS5145B/as5145b.o
 .ARM.attributes
                0x0000000000000317       0x34 ./Drivers/EPOS4/epos4.o
 .ARM.attributes
                0x000000000000034b       0x34 ./Drivers/MCP25625/mcp25625.o
 .ARM.attributes
                0x000000000000037f       0x34 ./Drivers/MPU-9255/mpu925x_spi.o
 .ARM.attributes
                0x00000000000003b3       0x34 ./Drivers/STM32L4xx_HAL_Driver/Src/stm32l4xx_ll_adc.o
 .ARM.attributes
                0x00000000000003e7       0x34 ./Drivers/STM32L4xx_HAL_Driver/Src/stm32l4xx_ll_gpio.o
 .ARM.attributes
                0x000000000000041b       0x34 ./Drivers/STM32L4xx_HAL_Driver/Src/stm32l4xx_ll_rcc.o
 .ARM.attributes
                0x000000000000044f       0x34 ./Drivers/STM32L4xx_HAL_Driver/Src/stm32l4xx_ll_spi.o
 .ARM.attributes
                0x0000000000000483       0x34 ./Drivers/STM32L4xx_HAL_Driver/Src/stm32l4xx_ll_tim.o
 .ARM.attributes
                0x00000000000004b7       0x34 ./Drivers/STM32L4xx_HAL_Driver/Src/stm32l4xx_ll_usart.o
 .ARM.attributes
                0x00000000000004eb       0x34 ./Drivers/STM32L4xx_HAL_Driver/Src/stm32l4xx_ll_utils.o
 .ARM.attributes
                0x000000000000051f       0x34 c:/st/stm32cubeide_1.10.1/stm32cubeide/plugins/com.st.stm32cube.ide.mcu.externaltools.gnu-tools-for-stm32.10.3-2021.10.win32_1.0.0.202111181127/tools/bin/../lib/gcc/arm-none-eabi/10.3.1/../../../../arm-none-eabi/lib/thumb/v7e-m+fp/hard\libc_nano.a(lib_a-init.o)
 .ARM.attributes
                0x0000000000000553       0x34 c:/st/stm32cubeide_1.10.1/stm32cubeide/plugins/com.st.stm32cube.ide.mcu.externaltools.gnu-tools-for-stm32.10.3-2021.10.win32_1.0.0.202111181127/tools/bin/../lib/gcc/arm-none-eabi/10.3.1/../../../../arm-none-eabi/lib/thumb/v7e-m+fp/hard\libc_nano.a(lib_a-memcpy-stub.o)
 .ARM.attributes
                0x0000000000000587       0x34 c:/st/stm32cubeide_1.10.1/stm32cubeide/plugins/com.st.stm32cube.ide.mcu.externaltools.gnu-tools-for-stm32.10.3-2021.10.win32_1.0.0.202111181127/tools/bin/../lib/gcc/arm-none-eabi/10.3.1/../../../../arm-none-eabi/lib/thumb/v7e-m+fp/hard\libc_nano.a(lib_a-memset.o)
 .ARM.attributes
                0x00000000000005bb       0x1e c:/st/stm32cubeide_1.10.1/stm32cubeide/plugins/com.st.stm32cube.ide.mcu.externaltools.gnu-tools-for-stm32.10.3-2021.10.win32_1.0.0.202111181127/tools/bin/../lib/gcc/arm-none-eabi/10.3.1/thumb/v7e-m+fp/hard\libgcc.a(_arm_addsubdf3.o)
 .ARM.attributes
                0x00000000000005d9       0x1e c:/st/stm32cubeide_1.10.1/stm32cubeide/plugins/com.st.stm32cube.ide.mcu.externaltools.gnu-tools-for-stm32.10.3-2021.10.win32_1.0.0.202111181127/tools/bin/../lib/gcc/arm-none-eabi/10.3.1/thumb/v7e-m+fp/hard\libgcc.a(_arm_muldivdf3.o)
 .ARM.attributes
                0x00000000000005f7       0x1e c:/st/stm32cubeide_1.10.1/stm32cubeide/plugins/com.st.stm32cube.ide.mcu.externaltools.gnu-tools-for-stm32.10.3-2021.10.win32_1.0.0.202111181127/tools/bin/../lib/gcc/arm-none-eabi/10.3.1/thumb/v7e-m+fp/hard\libgcc.a(_arm_cmpdf2.o)
 .ARM.attributes
                0x0000000000000615       0x1e c:/st/stm32cubeide_1.10.1/stm32cubeide/plugins/com.st.stm32cube.ide.mcu.externaltools.gnu-tools-for-stm32.10.3-2021.10.win32_1.0.0.202111181127/tools/bin/../lib/gcc/arm-none-eabi/10.3.1/thumb/v7e-m+fp/hard\libgcc.a(_arm_truncdfsf2.o)
 .ARM.attributes
                0x0000000000000633       0x1e c:/st/stm32cubeide_1.10.1/stm32cubeide/plugins/com.st.stm32cube.ide.mcu.externaltools.gnu-tools-for-stm32.10.3-2021.10.win32_1.0.0.202111181127/tools/bin/../lib/gcc/arm-none-eabi/10.3.1/thumb/v7e-m+fp/hard/crtn.o
OUTPUT(prosthesis_v1.elf elf32-littlearm)
LOAD linker stubs
LOAD c:/st/stm32cubeide_1.10.1/stm32cubeide/plugins/com.st.stm32cube.ide.mcu.externaltools.gnu-tools-for-stm32.10.3-2021.10.win32_1.0.0.202111181127/tools/bin/../lib/gcc/arm-none-eabi/10.3.1/../../../../arm-none-eabi/lib/thumb/v7e-m+fp/hard\libc.a
LOAD c:/st/stm32cubeide_1.10.1/stm32cubeide/plugins/com.st.stm32cube.ide.mcu.externaltools.gnu-tools-for-stm32.10.3-2021.10.win32_1.0.0.202111181127/tools/bin/../lib/gcc/arm-none-eabi/10.3.1/../../../../arm-none-eabi/lib/thumb/v7e-m+fp/hard\libm.a
LOAD c:/st/stm32cubeide_1.10.1/stm32cubeide/plugins/com.st.stm32cube.ide.mcu.externaltools.gnu-tools-for-stm32.10.3-2021.10.win32_1.0.0.202111181127/tools/bin/../lib/gcc/arm-none-eabi/10.3.1/thumb/v7e-m+fp/hard\libgcc.a

.debug_info     0x0000000000000000     0xf249
 .debug_info    0x0000000000000000      0xb90 ./Core/Src/adc.o
 .debug_info    0x0000000000000b90      0x447 ./Core/Src/error_handler.o
 .debug_info    0x0000000000000fd7      0x577 ./Core/Src/gpio.o
 .debug_info    0x000000000000154e      0xc1e ./Core/Src/lptim.o
 .debug_info    0x000000000000216c     0x1e10 ./Core/Src/main.o
 .debug_info    0x0000000000003f7c      0xc68 ./Core/Src/prosthesis_v1.o
 .debug_info    0x0000000000004be4      0x7c3 ./Core/Src/spi.o
 .debug_info    0x00000000000053a7      0x2f9 ./Core/Src/stm32l4xx_it.o
 .debug_info    0x00000000000056a0      0x5bf ./Core/Src/system_stm32l4xx.o
 .debug_info    0x0000000000005c5f      0x694 ./Core/Src/tim.o
 .debug_info    0x00000000000062f3      0x7a3 ./Core/Src/usart.o
 .debug_info    0x0000000000006a96      0x590 ./Core/Src/utilities.o
 .debug_info    0x0000000000007026       0x22 ./Core/Startup/startup_stm32l476rgtx.o
 .debug_info    0x0000000000007048      0x85c ./Drivers/AS5145B/as5145b.o
 .debug_info    0x00000000000078a4      0xc8e ./Drivers/EPOS4/epos4.o
 .debug_info    0x0000000000008532     0x117c ./Drivers/MCP25625/mcp25625.o
 .debug_info    0x00000000000096ae      0xa4e ./Drivers/MPU-9255/mpu925x_spi.o
 .debug_info    0x000000000000a0fc      0xb94 ./Drivers/STM32L4xx_HAL_Driver/Src/stm32l4xx_ll_adc.o
 .debug_info    0x000000000000ac90      0xa01 ./Drivers/STM32L4xx_HAL_Driver/Src/stm32l4xx_ll_gpio.o
 .debug_info    0x000000000000b691      0xf50 ./Drivers/STM32L4xx_HAL_Driver/Src/stm32l4xx_ll_rcc.o
 .debug_info    0x000000000000c5e1      0x5f4 ./Drivers/STM32L4xx_HAL_Driver/Src/stm32l4xx_ll_spi.o
 .debug_info    0x000000000000cbd5     0x11d7 ./Drivers/STM32L4xx_HAL_Driver/Src/stm32l4xx_ll_tim.o
 .debug_info    0x000000000000ddac      0x806 ./Drivers/STM32L4xx_HAL_Driver/Src/stm32l4xx_ll_usart.o
 .debug_info    0x000000000000e5b2      0xc97 ./Drivers/STM32L4xx_HAL_Driver/Src/stm32l4xx_ll_utils.o

.debug_abbrev   0x0000000000000000     0x2aa2
 .debug_abbrev  0x0000000000000000      0x1a4 ./Core/Src/adc.o
 .debug_abbrev  0x00000000000001a4      0x136 ./Core/Src/error_handler.o
 .debug_abbrev  0x00000000000002da      0x191 ./Core/Src/gpio.o
 .debug_abbrev  0x000000000000046b      0x1b2 ./Core/Src/lptim.o
 .debug_abbrev  0x000000000000061d      0x2cb ./Core/Src/main.o
 .debug_abbrev  0x00000000000008e8      0x299 ./Core/Src/prosthesis_v1.o
 .debug_abbrev  0x0000000000000b81      0x191 ./Core/Src/spi.o
 .debug_abbrev  0x0000000000000d12      0x144 ./Core/Src/stm32l4xx_it.o
 .debug_abbrev  0x0000000000000e56      0x116 ./Core/Src/system_stm32l4xx.o
 .debug_abbrev  0x0000000000000f6c      0x180 ./Core/Src/tim.o
 .debug_abbrev  0x00000000000010ec      0x191 ./Core/Src/usart.o
 .debug_abbrev  0x000000000000127d      0x15f ./Core/Src/utilities.o
 .debug_abbrev  0x00000000000013dc       0x12 ./Core/Startup/startup_stm32l476rgtx.o
 .debug_abbrev  0x00000000000013ee      0x1f9 ./Drivers/AS5145B/as5145b.o
 .debug_abbrev  0x00000000000015e7      0x22e ./Drivers/EPOS4/epos4.o
 .debug_abbrev  0x0000000000001815      0x2bf ./Drivers/MCP25625/mcp25625.o
 .debug_abbrev  0x0000000000001ad4      0x26f ./Drivers/MPU-9255/mpu925x_spi.o
 .debug_abbrev  0x0000000000001d43      0x195 ./Drivers/STM32L4xx_HAL_Driver/Src/stm32l4xx_ll_adc.o
 .debug_abbrev  0x0000000000001ed8      0x223 ./Drivers/STM32L4xx_HAL_Driver/Src/stm32l4xx_ll_gpio.o
 .debug_abbrev  0x00000000000020fb      0x214 ./Drivers/STM32L4xx_HAL_Driver/Src/stm32l4xx_ll_rcc.o
 .debug_abbrev  0x000000000000230f      0x17a ./Drivers/STM32L4xx_HAL_Driver/Src/stm32l4xx_ll_spi.o
 .debug_abbrev  0x0000000000002489      0x205 ./Drivers/STM32L4xx_HAL_Driver/Src/stm32l4xx_ll_tim.o
 .debug_abbrev  0x000000000000268e      0x1bd ./Drivers/STM32L4xx_HAL_Driver/Src/stm32l4xx_ll_usart.o
 .debug_abbrev  0x000000000000284b      0x257 ./Drivers/STM32L4xx_HAL_Driver/Src/stm32l4xx_ll_utils.o

.debug_aranges  0x0000000000000000      0xee0
 .debug_aranges
                0x0000000000000000       0x70 ./Core/Src/adc.o
 .debug_aranges
                0x0000000000000070       0x38 ./Core/Src/error_handler.o
 .debug_aranges
                0x00000000000000a8       0x30 ./Core/Src/gpio.o
 .debug_aranges
                0x00000000000000d8       0x88 ./Core/Src/lptim.o
 .debug_aranges
                0x0000000000000160      0x138 ./Core/Src/main.o
 .debug_aranges
                0x0000000000000298       0x78 ./Core/Src/prosthesis_v1.o
 .debug_aranges
                0x0000000000000310       0x58 ./Core/Src/spi.o
 .debug_aranges
                0x0000000000000368       0x78 ./Core/Src/stm32l4xx_it.o
 .debug_aranges
                0x00000000000003e0       0x28 ./Core/Src/system_stm32l4xx.o
 .debug_aranges
                0x0000000000000408       0x40 ./Core/Src/tim.o
 .debug_aranges
                0x0000000000000448       0x48 ./Core/Src/usart.o
 .debug_aranges
                0x0000000000000490       0x30 ./Core/Src/utilities.o
 .debug_aranges
                0x00000000000004c0       0x28 ./Core/Startup/startup_stm32l476rgtx.o
 .debug_aranges
                0x00000000000004e8       0x90 ./Drivers/AS5145B/as5145b.o
 .debug_aranges
                0x0000000000000578       0xb0 ./Drivers/EPOS4/epos4.o
 .debug_aranges
                0x0000000000000628       0xc0 ./Drivers/MCP25625/mcp25625.o
 .debug_aranges
                0x00000000000006e8       0xb0 ./Drivers/MPU-9255/mpu925x_spi.o
 .debug_aranges
                0x0000000000000798       0xe0 ./Drivers/STM32L4xx_HAL_Driver/Src/stm32l4xx_ll_adc.o
 .debug_aranges
                0x0000000000000878       0x70 ./Drivers/STM32L4xx_HAL_Driver/Src/stm32l4xx_ll_gpio.o
 .debug_aranges
                0x00000000000008e8      0x288 ./Drivers/STM32L4xx_HAL_Driver/Src/stm32l4xx_ll_rcc.o
 .debug_aranges
                0x0000000000000b70       0x68 ./Drivers/STM32L4xx_HAL_Driver/Src/stm32l4xx_ll_spi.o
 .debug_aranges
                0x0000000000000bd8      0x148 ./Drivers/STM32L4xx_HAL_Driver/Src/stm32l4xx_ll_tim.o
 .debug_aranges
                0x0000000000000d20       0x88 ./Drivers/STM32L4xx_HAL_Driver/Src/stm32l4xx_ll_usart.o
 .debug_aranges
                0x0000000000000da8      0x138 ./Drivers/STM32L4xx_HAL_Driver/Src/stm32l4xx_ll_utils.o

.debug_ranges   0x0000000000000000      0xd68
 .debug_ranges  0x0000000000000000       0x60 ./Core/Src/adc.o
 .debug_ranges  0x0000000000000060       0x28 ./Core/Src/error_handler.o
 .debug_ranges  0x0000000000000088       0x20 ./Core/Src/gpio.o
 .debug_ranges  0x00000000000000a8       0x78 ./Core/Src/lptim.o
 .debug_ranges  0x0000000000000120      0x128 ./Core/Src/main.o
 .debug_ranges  0x0000000000000248       0x68 ./Core/Src/prosthesis_v1.o
 .debug_ranges  0x00000000000002b0       0x48 ./Core/Src/spi.o
 .debug_ranges  0x00000000000002f8       0x68 ./Core/Src/stm32l4xx_it.o
 .debug_ranges  0x0000000000000360       0x18 ./Core/Src/system_stm32l4xx.o
 .debug_ranges  0x0000000000000378       0x30 ./Core/Src/tim.o
 .debug_ranges  0x00000000000003a8       0x38 ./Core/Src/usart.o
 .debug_ranges  0x00000000000003e0       0x20 ./Core/Src/utilities.o
 .debug_ranges  0x0000000000000400       0x20 ./Core/Startup/startup_stm32l476rgtx.o
 .debug_ranges  0x0000000000000420       0x80 ./Drivers/AS5145B/as5145b.o
 .debug_ranges  0x00000000000004a0       0xa0 ./Drivers/EPOS4/epos4.o
 .debug_ranges  0x0000000000000540       0xb0 ./Drivers/MCP25625/mcp25625.o
 .debug_ranges  0x00000000000005f0       0xa0 ./Drivers/MPU-9255/mpu925x_spi.o
 .debug_ranges  0x0000000000000690       0xd0 ./Drivers/STM32L4xx_HAL_Driver/Src/stm32l4xx_ll_adc.o
 .debug_ranges  0x0000000000000760       0x60 ./Drivers/STM32L4xx_HAL_Driver/Src/stm32l4xx_ll_gpio.o
 .debug_ranges  0x00000000000007c0      0x278 ./Drivers/STM32L4xx_HAL_Driver/Src/stm32l4xx_ll_rcc.o
 .debug_ranges  0x0000000000000a38       0x58 ./Drivers/STM32L4xx_HAL_Driver/Src/stm32l4xx_ll_spi.o
 .debug_ranges  0x0000000000000a90      0x138 ./Drivers/STM32L4xx_HAL_Driver/Src/stm32l4xx_ll_tim.o
 .debug_ranges  0x0000000000000bc8       0x78 ./Drivers/STM32L4xx_HAL_Driver/Src/stm32l4xx_ll_usart.o
 .debug_ranges  0x0000000000000c40      0x128 ./Drivers/STM32L4xx_HAL_Driver/Src/stm32l4xx_ll_utils.o

.debug_macro    0x0000000000000000    0x25514
 .debug_macro   0x0000000000000000      0x180 ./Core/Src/adc.o
 .debug_macro   0x0000000000000180      0xac6 ./Core/Src/adc.o
 .debug_macro   0x0000000000000c46       0x2e ./Core/Src/adc.o
 .debug_macro   0x0000000000000c74       0x28 ./Core/Src/adc.o
 .debug_macro   0x0000000000000c9c       0x22 ./Core/Src/adc.o
 .debug_macro   0x0000000000000cbe       0x8e ./Core/Src/adc.o
 .debug_macro   0x0000000000000d4c       0x51 ./Core/Src/adc.o
 .debug_macro   0x0000000000000d9d      0x103 ./Core/Src/adc.o
 .debug_macro   0x0000000000000ea0       0x6a ./Core/Src/adc.o
 .debug_macro   0x0000000000000f0a      0x1df ./Core/Src/adc.o
 .debug_macro   0x00000000000010e9       0x1c ./Core/Src/adc.o
 .debug_macro   0x0000000000001105       0x22 ./Core/Src/adc.o
 .debug_macro   0x0000000000001127       0xfb ./Core/Src/adc.o
 .debug_macro   0x0000000000001222     0x1011 ./Core/Src/adc.o
 .debug_macro   0x0000000000002233      0x11f ./Core/Src/adc.o
 .debug_macro   0x0000000000002352    0x1a17a ./Core/Src/adc.o
 .debug_macro   0x000000000001c4cc       0x6d ./Core/Src/adc.o
 .debug_macro   0x000000000001c539      0xf84 ./Core/Src/adc.o
 .debug_macro   0x000000000001d4bd      0x1d4 ./Core/Src/adc.o
 .debug_macro   0x000000000001d691      0x716 ./Core/Src/adc.o
 .debug_macro   0x000000000001dda7      0x1bf ./Core/Src/adc.o
 .debug_macro   0x000000000001df66      0x2f5 ./Core/Src/adc.o
 .debug_macro   0x000000000001e25b      0x163 ./Core/Src/adc.o
 .debug_macro   0x000000000001e3be      0x1a6 ./Core/Src/adc.o
 .debug_macro   0x000000000001e564       0xa7 ./Core/Src/adc.o
 .debug_macro   0x000000000001e60b      0x20d ./Core/Src/adc.o
 .debug_macro   0x000000000001e818      0x2cb ./Core/Src/adc.o
 .debug_macro   0x000000000001eae3      0x1d2 ./Core/Src/adc.o
 .debug_macro   0x000000000001ecb5      0x99e ./Core/Src/adc.o
 .debug_macro   0x000000000001f653      0x2f7 ./Core/Src/adc.o
 .debug_macro   0x000000000001f94a      0x169 ./Core/Src/adc.o
 .debug_macro   0x000000000001fab3      0x13a ./Core/Src/adc.o
 .debug_macro   0x000000000001fbed      0x1b8 ./Core/Src/error_handler.o
 .debug_macro   0x000000000001fda5      0x163 ./Core/Src/error_handler.o
 .debug_macro   0x000000000001ff08       0x10 ./Core/Src/error_handler.o
 .debug_macro   0x000000000001ff18       0xd6 ./Core/Src/error_handler.o
 .debug_macro   0x000000000001ffee      0xf8a ./Core/Src/error_handler.o
 .debug_macro   0x0000000000020f78      0x180 ./Core/Src/gpio.o
 .debug_macro   0x00000000000210f8      0x180 ./Core/Src/lptim.o
 .debug_macro   0x0000000000021278      0x2c4 ./Core/Src/main.o
 .debug_macro   0x000000000002153c       0x16 ./Core/Src/main.o
 .debug_macro   0x0000000000021552       0x10 ./Core/Src/main.o
 .debug_macro   0x0000000000021562       0x52 ./Core/Src/main.o
 .debug_macro   0x00000000000215b4       0x1e ./Core/Src/main.o
 .debug_macro   0x00000000000215d2       0x3c ./Core/Src/main.o
 .debug_macro   0x000000000002160e       0x34 ./Core/Src/main.o
 .debug_macro   0x0000000000021642      0x174 ./Core/Src/main.o
 .debug_macro   0x00000000000217b6       0x16 ./Core/Src/main.o
 .debug_macro   0x00000000000217cc       0x43 ./Core/Src/main.o
 .debug_macro   0x000000000002180f       0x34 ./Core/Src/main.o
 .debug_macro   0x0000000000021843       0x10 ./Core/Src/main.o
 .debug_macro   0x0000000000021853       0x58 ./Core/Src/main.o
 .debug_macro   0x00000000000218ab       0x71 ./Core/Src/main.o
 .debug_macro   0x000000000002191c       0x1c ./Core/Src/main.o
 .debug_macro   0x0000000000021938      0x12a ./Core/Src/main.o
 .debug_macro   0x0000000000021a62      0x341 ./Core/Src/main.o
 .debug_macro   0x0000000000021da3       0x10 ./Core/Src/main.o
 .debug_macro   0x0000000000021db3       0x35 ./Core/Src/main.o
 .debug_macro   0x0000000000021de8       0x20 ./Core/Src/main.o
 .debug_macro   0x0000000000021e08      0x2aa ./Core/Src/prosthesis_v1.o
 .debug_macro   0x00000000000220b2      0x19b ./Core/Src/prosthesis_v1.o
 .debug_macro   0x000000000002224d       0x16 ./Core/Src/prosthesis_v1.o
 .debug_macro   0x0000000000022263      0x180 ./Core/Src/spi.o
 .debug_macro   0x00000000000223e3      0x184 ./Core/Src/stm32l4xx_it.o
 .debug_macro   0x0000000000022567       0xce ./Core/Src/system_stm32l4xx.o
 .debug_macro   0x0000000000022635      0x180 ./Core/Src/tim.o
 .debug_macro   0x00000000000227b5      0x180 ./Core/Src/usart.o
 .debug_macro   0x0000000000022935      0x173 ./Core/Src/utilities.o
 .debug_macro   0x0000000000022aa8       0x4c ./Core/Src/utilities.o
 .debug_macro   0x0000000000022af4       0x94 ./Core/Src/utilities.o
 .debug_macro   0x0000000000022b88       0x57 ./Core/Src/utilities.o
 .debug_macro   0x0000000000022bdf      0x1cd ./Drivers/AS5145B/as5145b.o
 .debug_macro   0x0000000000022dac      0x2d5 ./Drivers/EPOS4/epos4.o
 .debug_macro   0x0000000000023081      0x2bc ./Drivers/MCP25625/mcp25625.o
 .debug_macro   0x000000000002333d      0x1c8 ./Drivers/MPU-9255/mpu925x_spi.o
 .debug_macro   0x0000000000023505      0x1cc ./Drivers/MPU-9255/mpu925x_spi.o
 .debug_macro   0x00000000000236d1       0xd0 ./Drivers/MPU-9255/mpu925x_spi.o
 .debug_macro   0x00000000000237a1      0x17e ./Drivers/STM32L4xx_HAL_Driver/Src/stm32l4xx_ll_adc.o
 .debug_macro   0x000000000002391f      0x110 ./Drivers/STM32L4xx_HAL_Driver/Src/stm32l4xx_ll_gpio.o
 .debug_macro   0x0000000000023a2f      0x12b ./Drivers/STM32L4xx_HAL_Driver/Src/stm32l4xx_ll_rcc.o
 .debug_macro   0x0000000000023b5a      0x710 ./Drivers/STM32L4xx_HAL_Driver/Src/stm32l4xx_ll_rcc.o
 .debug_macro   0x000000000002426a      0x12e ./Drivers/STM32L4xx_HAL_Driver/Src/stm32l4xx_ll_spi.o
 .debug_macro   0x0000000000024398      0x177 ./Drivers/STM32L4xx_HAL_Driver/Src/stm32l4xx_ll_tim.o
 .debug_macro   0x000000000002450f      0x998 ./Drivers/STM32L4xx_HAL_Driver/Src/stm32l4xx_ll_tim.o
 .debug_macro   0x0000000000024ea7      0x13d ./Drivers/STM32L4xx_HAL_Driver/Src/stm32l4xx_ll_usart.o
 .debug_macro   0x0000000000024fe4      0x2f1 ./Drivers/STM32L4xx_HAL_Driver/Src/stm32l4xx_ll_usart.o
 .debug_macro   0x00000000000252d5      0x19e ./Drivers/STM32L4xx_HAL_Driver/Src/stm32l4xx_ll_utils.o
 .debug_macro   0x0000000000025473       0xa1 ./Drivers/STM32L4xx_HAL_Driver/Src/stm32l4xx_ll_utils.o

.debug_line     0x0000000000000000     0xdbd3
 .debug_line    0x0000000000000000      0x7c3 ./Core/Src/adc.o
 .debug_line    0x00000000000007c3      0x738 ./Core/Src/error_handler.o
 .debug_line    0x0000000000000efb      0x681 ./Core/Src/gpio.o
 .debug_line    0x000000000000157c      0x7db ./Core/Src/lptim.o
 .debug_line    0x0000000000001d57      0xde9 ./Core/Src/main.o
 .debug_line    0x0000000000002b40      0xebb ./Core/Src/prosthesis_v1.o
 .debug_line    0x00000000000039fb      0x77e ./Core/Src/spi.o
 .debug_line    0x0000000000004179      0x738 ./Core/Src/stm32l4xx_it.o
 .debug_line    0x00000000000048b1      0x4fd ./Core/Src/system_stm32l4xx.o
 .debug_line    0x0000000000004dae      0x67d ./Core/Src/tim.o
 .debug_line    0x000000000000542b      0x6ca ./Core/Src/usart.o
 .debug_line    0x0000000000005af5      0x744 ./Core/Src/utilities.o
 .debug_line    0x0000000000006239       0x88 ./Core/Startup/startup_stm32l476rgtx.o
 .debug_line    0x00000000000062c1      0x8b6 ./Drivers/AS5145B/as5145b.o
 .debug_line    0x0000000000006b77      0xbbc ./Drivers/EPOS4/epos4.o
 .debug_line    0x0000000000007733      0xbe1 ./Drivers/MCP25625/mcp25625.o
 .debug_line    0x0000000000008314      0xbcb ./Drivers/MPU-9255/mpu925x_spi.o
 .debug_line    0x0000000000008edf      0x8bd ./Drivers/STM32L4xx_HAL_Driver/Src/stm32l4xx_ll_adc.o
 .debug_line    0x000000000000979c      0x7b0 ./Drivers/STM32L4xx_HAL_Driver/Src/stm32l4xx_ll_gpio.o
 .debug_line    0x0000000000009f4c     0x1853 ./Drivers/STM32L4xx_HAL_Driver/Src/stm32l4xx_ll_rcc.o
 .debug_line    0x000000000000b79f      0x60e ./Drivers/STM32L4xx_HAL_Driver/Src/stm32l4xx_ll_spi.o
 .debug_line    0x000000000000bdad      0xc03 ./Drivers/STM32L4xx_HAL_Driver/Src/stm32l4xx_ll_tim.o
 .debug_line    0x000000000000c9b0      0x6f9 ./Drivers/STM32L4xx_HAL_Driver/Src/stm32l4xx_ll_usart.o
 .debug_line    0x000000000000d0a9      0xb2a ./Drivers/STM32L4xx_HAL_Driver/Src/stm32l4xx_ll_utils.o

.debug_str      0x0000000000000000    0xc94e7
 .debug_str     0x0000000000000000    0xbae21 ./Core/Src/adc.o
                                      0xbb039 (size before relaxing)
 .debug_str     0x00000000000bae21      0x946 ./Core/Src/error_handler.o
                                      0xbb3c2 (size before relaxing)
 .debug_str     0x00000000000bb767       0x43 ./Core/Src/gpio.o
                                      0xbacdf (size before relaxing)
 .debug_str     0x00000000000bb7aa      0x675 ./Core/Src/lptim.o
                                      0xbb35b (size before relaxing)
 .debug_str     0x00000000000bbe1f     0x3fdd ./Core/Src/main.o
                                      0xbf660 (size before relaxing)
 .debug_str     0x00000000000bfdfc      0xbaa ./Core/Src/prosthesis_v1.o
                                      0xbefaa (size before relaxing)
 .debug_str     0x00000000000c09a6       0xc2 ./Core/Src/spi.o
                                      0xbadeb (size before relaxing)
 .debug_str     0x00000000000c0a68      0x102 ./Core/Src/stm32l4xx_it.o
                                      0xbabae (size before relaxing)
 .debug_str     0x00000000000c0b6a       0x8e ./Core/Src/system_stm32l4xx.o
                                      0x9eb26 (size before relaxing)
 .debug_str     0x00000000000c0bf8       0xbd ./Core/Src/tim.o
                                      0xbad6c (size before relaxing)
 .debug_str     0x00000000000c0cb5       0xe9 ./Core/Src/usart.o
                                      0xbadea (size before relaxing)
 .debug_str     0x00000000000c0d9e       0xfb ./Core/Src/utilities.o
                                      0xa1c75 (size before relaxing)
 .debug_str     0x00000000000c0e99       0x36 ./Core/Startup/startup_stm32l476rgtx.o
                                         0x6e (size before relaxing)
 .debug_str     0x00000000000c0ecf       0xd9 ./Drivers/AS5145B/as5145b.o
                                      0xa2587 (size before relaxing)
 .debug_str     0x00000000000c0fa8      0x87a ./Drivers/EPOS4/epos4.o
                                      0xa3b55 (size before relaxing)
 .debug_str     0x00000000000c1822      0x6e3 ./Drivers/MCP25625/mcp25625.o
                                      0xa404f (size before relaxing)
 .debug_str     0x00000000000c1f05      0x302 ./Drivers/MPU-9255/mpu925x_spi.o
                                      0xa386b (size before relaxing)
 .debug_str     0x00000000000c2207     0x2503 ./Drivers/STM32L4xx_HAL_Driver/Src/stm32l4xx_ll_adc.o
                                      0xac4a7 (size before relaxing)
 .debug_str     0x00000000000c470a      0x62c ./Drivers/STM32L4xx_HAL_Driver/Src/stm32l4xx_ll_gpio.o
                                      0xa04e8 (size before relaxing)
 .debug_str     0x00000000000c4d36      0xd9f ./Drivers/STM32L4xx_HAL_Driver/Src/stm32l4xx_ll_rcc.o
                                      0xa3328 (size before relaxing)
 .debug_str     0x00000000000c5ad5      0x997 ./Drivers/STM32L4xx_HAL_Driver/Src/stm32l4xx_ll_spi.o
                                      0xa0bb0 (size before relaxing)
 .debug_str     0x00000000000c646c     0x1bc6 ./Drivers/STM32L4xx_HAL_Driver/Src/stm32l4xx_ll_tim.o
                                      0xa60c3 (size before relaxing)
 .debug_str     0x00000000000c8032      0x7e7 ./Drivers/STM32L4xx_HAL_Driver/Src/stm32l4xx_ll_usart.o
                                      0xa4a1b (size before relaxing)
 .debug_str     0x00000000000c8819      0xcce ./Drivers/STM32L4xx_HAL_Driver/Src/stm32l4xx_ll_utils.o
                                      0xa5826 (size before relaxing)

.comment        0x0000000000000000       0x50
 .comment       0x0000000000000000       0x50 ./Core/Src/adc.o
                                         0x51 (size before relaxing)
 .comment       0x0000000000000050       0x51 ./Core/Src/error_handler.o
 .comment       0x0000000000000050       0x51 ./Core/Src/gpio.o
 .comment       0x0000000000000050       0x51 ./Core/Src/lptim.o
 .comment       0x0000000000000050       0x51 ./Core/Src/main.o
 .comment       0x0000000000000050       0x51 ./Core/Src/prosthesis_v1.o
 .comment       0x0000000000000050       0x51 ./Core/Src/spi.o
 .comment       0x0000000000000050       0x51 ./Core/Src/stm32l4xx_it.o
 .comment       0x0000000000000050       0x51 ./Core/Src/system_stm32l4xx.o
 .comment       0x0000000000000050       0x51 ./Core/Src/tim.o
 .comment       0x0000000000000050       0x51 ./Core/Src/usart.o
 .comment       0x0000000000000050       0x51 ./Core/Src/utilities.o
 .comment       0x0000000000000050       0x51 ./Drivers/AS5145B/as5145b.o
 .comment       0x0000000000000050       0x51 ./Drivers/EPOS4/epos4.o
 .comment       0x0000000000000050       0x51 ./Drivers/MCP25625/mcp25625.o
 .comment       0x0000000000000050       0x51 ./Drivers/MPU-9255/mpu925x_spi.o
 .comment       0x0000000000000050       0x51 ./Drivers/STM32L4xx_HAL_Driver/Src/stm32l4xx_ll_adc.o
 .comment       0x0000000000000050       0x51 ./Drivers/STM32L4xx_HAL_Driver/Src/stm32l4xx_ll_gpio.o
 .comment       0x0000000000000050       0x51 ./Drivers/STM32L4xx_HAL_Driver/Src/stm32l4xx_ll_rcc.o
 .comment       0x0000000000000050       0x51 ./Drivers/STM32L4xx_HAL_Driver/Src/stm32l4xx_ll_spi.o
 .comment       0x0000000000000050       0x51 ./Drivers/STM32L4xx_HAL_Driver/Src/stm32l4xx_ll_tim.o
 .comment       0x0000000000000050       0x51 ./Drivers/STM32L4xx_HAL_Driver/Src/stm32l4xx_ll_usart.o
 .comment       0x0000000000000050       0x51 ./Drivers/STM32L4xx_HAL_Driver/Src/stm32l4xx_ll_utils.o

.debug_frame    0x0000000000000000     0x3df4
 .debug_frame   0x0000000000000000      0x1c0 ./Core/Src/adc.o
 .debug_frame   0x00000000000001c0       0x84 ./Core/Src/error_handler.o
 .debug_frame   0x0000000000000244       0x84 ./Core/Src/gpio.o
 .debug_frame   0x00000000000002c8      0x22c ./Core/Src/lptim.o
 .debug_frame   0x00000000000004f4      0x528 ./Core/Src/main.o
 .debug_frame   0x0000000000000a1c      0x1d8 ./Core/Src/prosthesis_v1.o
 .debug_frame   0x0000000000000bf4      0x144 ./Core/Src/spi.o
 .debug_frame   0x0000000000000d38      0x174 ./Core/Src/stm32l4xx_it.o
 .debug_frame   0x0000000000000eac       0x58 ./Core/Src/system_stm32l4xx.o
 .debug_frame   0x0000000000000f04       0xd4 ./Core/Src/tim.o
 .debug_frame   0x0000000000000fd8       0xfc ./Core/Src/usart.o
 .debug_frame   0x00000000000010d4       0x94 ./Core/Src/utilities.o
 .debug_frame   0x0000000000001168      0x238 ./Drivers/AS5145B/as5145b.o
 .debug_frame   0x00000000000013a0      0x2e4 ./Drivers/EPOS4/epos4.o
 .debug_frame   0x0000000000001684      0x32c ./Drivers/MCP25625/mcp25625.o
 .debug_frame   0x00000000000019b0      0x2dc ./Drivers/MPU-9255/mpu925x_spi.o
 .debug_frame   0x0000000000001c8c      0x3e8 ./Drivers/STM32L4xx_HAL_Driver/Src/stm32l4xx_ll_adc.o
 .debug_frame   0x0000000000002074      0x1c0 ./Drivers/STM32L4xx_HAL_Driver/Src/stm32l4xx_ll_gpio.o
 .debug_frame   0x0000000000002234      0xad0 ./Drivers/STM32L4xx_HAL_Driver/Src/stm32l4xx_ll_rcc.o
 .debug_frame   0x0000000000002d04      0x198 ./Drivers/STM32L4xx_HAL_Driver/Src/stm32l4xx_ll_spi.o
 .debug_frame   0x0000000000002e9c      0x5d0 ./Drivers/STM32L4xx_HAL_Driver/Src/stm32l4xx_ll_tim.o
 .debug_frame   0x000000000000346c      0x234 ./Drivers/STM32L4xx_HAL_Driver/Src/stm32l4xx_ll_usart.o
 .debug_frame   0x00000000000036a0      0x4fc ./Drivers/STM32L4xx_HAL_Driver/Src/stm32l4xx_ll_utils.o
 .debug_frame   0x0000000000003b9c       0x2c c:/st/stm32cubeide_1.10.1/stm32cubeide/plugins/com.st.stm32cube.ide.mcu.externaltools.gnu-tools-for-stm32.10.3-2021.10.win32_1.0.0.202111181127/tools/bin/../lib/gcc/arm-none-eabi/10.3.1/../../../../arm-none-eabi/lib/thumb/v7e-m+fp/hard\libc_nano.a(lib_a-init.o)
 .debug_frame   0x0000000000003bc8       0x28 c:/st/stm32cubeide_1.10.1/stm32cubeide/plugins/com.st.stm32cube.ide.mcu.externaltools.gnu-tools-for-stm32.10.3-2021.10.win32_1.0.0.202111181127/tools/bin/../lib/gcc/arm-none-eabi/10.3.1/../../../../arm-none-eabi/lib/thumb/v7e-m+fp/hard\libc_nano.a(lib_a-memcpy-stub.o)
 .debug_frame   0x0000000000003bf0       0x20 c:/st/stm32cubeide_1.10.1/stm32cubeide/plugins/com.st.stm32cube.ide.mcu.externaltools.gnu-tools-for-stm32.10.3-2021.10.win32_1.0.0.202111181127/tools/bin/../lib/gcc/arm-none-eabi/10.3.1/../../../../arm-none-eabi/lib/thumb/v7e-m+fp/hard\libc_nano.a(lib_a-memset.o)
 .debug_frame   0x0000000000003c10       0xac c:/st/stm32cubeide_1.10.1/stm32cubeide/plugins/com.st.stm32cube.ide.mcu.externaltools.gnu-tools-for-stm32.10.3-2021.10.win32_1.0.0.202111181127/tools/bin/../lib/gcc/arm-none-eabi/10.3.1/thumb/v7e-m+fp/hard\libgcc.a(_arm_addsubdf3.o)
 .debug_frame   0x0000000000003cbc       0x50 c:/st/stm32cubeide_1.10.1/stm32cubeide/plugins/com.st.stm32cube.ide.mcu.externaltools.gnu-tools-for-stm32.10.3-2021.10.win32_1.0.0.202111181127/tools/bin/../lib/gcc/arm-none-eabi/10.3.1/thumb/v7e-m+fp/hard\libgcc.a(_arm_muldivdf3.o)
 .debug_frame   0x0000000000003d0c       0xc4 c:/st/stm32cubeide_1.10.1/stm32cubeide/plugins/com.st.stm32cube.ide.mcu.externaltools.gnu-tools-for-stm32.10.3-2021.10.win32_1.0.0.202111181127/tools/bin/../lib/gcc/arm-none-eabi/10.3.1/thumb/v7e-m+fp/hard\libgcc.a(_arm_cmpdf2.o)
 .debug_frame   0x0000000000003dd0       0x24 c:/st/stm32cubeide_1.10.1/stm32cubeide/plugins/com.st.stm32cube.ide.mcu.externaltools.gnu-tools-for-stm32.10.3-2021.10.win32_1.0.0.202111181127/tools/bin/../lib/gcc/arm-none-eabi/10.3.1/thumb/v7e-m+fp/hard\libgcc.a(_arm_truncdfsf2.o)
