Archive member included to satisfy reference by file (symbol)

c:/st/stm32cubeide_1.10.1/stm32cubeide/plugins/com.st.stm32cube.ide.mcu.externaltools.gnu-tools-for-stm32.10.3-2021.10.win32_1.0.0.202111181127/tools/bin/../lib/gcc/arm-none-eabi/10.3.1/../../../../arm-none-eabi/lib/thumb/v7e-m+fp/hard\libc_nano.a(lib_a-exit.o)
                              c:/st/stm32cubeide_1.10.1/stm32cubeide/plugins/com.st.stm32cube.ide.mcu.externaltools.gnu-tools-for-stm32.10.3-2021.10.win32_1.0.0.202111181127/tools/bin/../lib/gcc/arm-none-eabi/10.3.1/../../../../arm-none-eabi/lib/thumb/v7e-m+fp/hard/crt0.o (exit)
c:/st/stm32cubeide_1.10.1/stm32cubeide/plugins/com.st.stm32cube.ide.mcu.externaltools.gnu-tools-for-stm32.10.3-2021.10.win32_1.0.0.202111181127/tools/bin/../lib/gcc/arm-none-eabi/10.3.1/../../../../arm-none-eabi/lib/thumb/v7e-m+fp/hard\libc_nano.a(lib_a-impure.o)
                              c:/st/stm32cubeide_1.10.1/stm32cubeide/plugins/com.st.stm32cube.ide.mcu.externaltools.gnu-tools-for-stm32.10.3-2021.10.win32_1.0.0.202111181127/tools/bin/../lib/gcc/arm-none-eabi/10.3.1/../../../../arm-none-eabi/lib/thumb/v7e-m+fp/hard\libc_nano.a(lib_a-exit.o) (_global_impure_ptr)
c:/st/stm32cubeide_1.10.1/stm32cubeide/plugins/com.st.stm32cube.ide.mcu.externaltools.gnu-tools-for-stm32.10.3-2021.10.win32_1.0.0.202111181127/tools/bin/../lib/gcc/arm-none-eabi/10.3.1/../../../../arm-none-eabi/lib/thumb/v7e-m+fp/hard\libc_nano.a(lib_a-init.o)
                              c:/st/stm32cubeide_1.10.1/stm32cubeide/plugins/com.st.stm32cube.ide.mcu.externaltools.gnu-tools-for-stm32.10.3-2021.10.win32_1.0.0.202111181127/tools/bin/../lib/gcc/arm-none-eabi/10.3.1/../../../../arm-none-eabi/lib/thumb/v7e-m+fp/hard/crt0.o (__libc_init_array)
c:/st/stm32cubeide_1.10.1/stm32cubeide/plugins/com.st.stm32cube.ide.mcu.externaltools.gnu-tools-for-stm32.10.3-2021.10.win32_1.0.0.202111181127/tools/bin/../lib/gcc/arm-none-eabi/10.3.1/../../../../arm-none-eabi/lib/thumb/v7e-m+fp/hard\libc_nano.a(lib_a-memcpy-stub.o)
                              ./Drivers/AS5145B/as5145b.o (memcpy)
c:/st/stm32cubeide_1.10.1/stm32cubeide/plugins/com.st.stm32cube.ide.mcu.externaltools.gnu-tools-for-stm32.10.3-2021.10.win32_1.0.0.202111181127/tools/bin/../lib/gcc/arm-none-eabi/10.3.1/../../../../arm-none-eabi/lib/thumb/v7e-m+fp/hard\libc_nano.a(lib_a-memset.o)
                              c:/st/stm32cubeide_1.10.1/stm32cubeide/plugins/com.st.stm32cube.ide.mcu.externaltools.gnu-tools-for-stm32.10.3-2021.10.win32_1.0.0.202111181127/tools/bin/../lib/gcc/arm-none-eabi/10.3.1/../../../../arm-none-eabi/lib/thumb/v7e-m+fp/hard/crt0.o (memset)
c:/st/stm32cubeide_1.10.1/stm32cubeide/plugins/com.st.stm32cube.ide.mcu.externaltools.gnu-tools-for-stm32.10.3-2021.10.win32_1.0.0.202111181127/tools/bin/../lib/gcc/arm-none-eabi/10.3.1/../../../../arm-none-eabi/lib/thumb/v7e-m+fp/hard\libm.a(lib_a-s_atan.o)
                              ./Core/Src/prosthesis_control.o (atan)
c:/st/stm32cubeide_1.10.1/stm32cubeide/plugins/com.st.stm32cube.ide.mcu.externaltools.gnu-tools-for-stm32.10.3-2021.10.win32_1.0.0.202111181127/tools/bin/../lib/gcc/arm-none-eabi/10.3.1/../../../../arm-none-eabi/lib/thumb/v7e-m+fp/hard\libm.a(lib_a-s_fabs.o)
                              c:/st/stm32cubeide_1.10.1/stm32cubeide/plugins/com.st.stm32cube.ide.mcu.externaltools.gnu-tools-for-stm32.10.3-2021.10.win32_1.0.0.202111181127/tools/bin/../lib/gcc/arm-none-eabi/10.3.1/../../../../arm-none-eabi/lib/thumb/v7e-m+fp/hard\libm.a(lib_a-s_atan.o) (fabs)
c:/st/stm32cubeide_1.10.1/stm32cubeide/plugins/com.st.stm32cube.ide.mcu.externaltools.gnu-tools-for-stm32.10.3-2021.10.win32_1.0.0.202111181127/tools/bin/../lib/gcc/arm-none-eabi/10.3.1/../../../../arm-none-eabi/lib/thumb/v7e-m+fp/hard\libm.a(lib_a-w_pow.o)
                              ./Core/Src/prosthesis_control.o (pow)
c:/st/stm32cubeide_1.10.1/stm32cubeide/plugins/com.st.stm32cube.ide.mcu.externaltools.gnu-tools-for-stm32.10.3-2021.10.win32_1.0.0.202111181127/tools/bin/../lib/gcc/arm-none-eabi/10.3.1/../../../../arm-none-eabi/lib/thumb/v7e-m+fp/hard\libm.a(lib_a-w_sqrt.o)
                              ./Core/Src/prosthesis_control.o (sqrt)
c:/st/stm32cubeide_1.10.1/stm32cubeide/plugins/com.st.stm32cube.ide.mcu.externaltools.gnu-tools-for-stm32.10.3-2021.10.win32_1.0.0.202111181127/tools/bin/../lib/gcc/arm-none-eabi/10.3.1/../../../../arm-none-eabi/lib/thumb/v7e-m+fp/hard\libm.a(lib_a-e_pow.o)
                              c:/st/stm32cubeide_1.10.1/stm32cubeide/plugins/com.st.stm32cube.ide.mcu.externaltools.gnu-tools-for-stm32.10.3-2021.10.win32_1.0.0.202111181127/tools/bin/../lib/gcc/arm-none-eabi/10.3.1/../../../../arm-none-eabi/lib/thumb/v7e-m+fp/hard\libm.a(lib_a-w_pow.o) (__ieee754_pow)
c:/st/stm32cubeide_1.10.1/stm32cubeide/plugins/com.st.stm32cube.ide.mcu.externaltools.gnu-tools-for-stm32.10.3-2021.10.win32_1.0.0.202111181127/tools/bin/../lib/gcc/arm-none-eabi/10.3.1/../../../../arm-none-eabi/lib/thumb/v7e-m+fp/hard\libm.a(lib_a-e_sqrt.o)
[...]
Memory Configuration

Name             Origin             Length             Attributes
RAM              0x0000000020000000 0x0000000000018000 xrw
RAM2             0x0000000010000000 0x0000000000008000 xrw
FLASH            0x0000000008000000 0x0000000000100000 xr
*default*        0x0000000000000000 0xffffffffffffffff

Linker script and memory map

LOAD c:/st/stm32cubeide_1.10.1/stm32cubeide/plugins/com.st.stm32cube.ide.mcu.externaltools.gnu-tools-for-stm32.10.3-2021.10.win32_1.0.0.202111181127/tools/bin/../lib/gcc/arm-none-eabi/10.3.1/thumb/v7e-m+fp/hard/crti.o
LOAD c:/st/stm32cubeide_1.10.1/stm32cubeide/plugins/com.st.stm32cube.ide.mcu.externaltools.gnu-tools-for-stm32.10.3-2021.10.win32_1.0.0.202111181127/tools/bin/../lib/gcc/arm-none-eabi/10.3.1/thumb/v7e-m+fp/hard/crtbegin.o
LOAD c:/st/stm32cubeide_1.10.1/stm32cubeide/plugins/com.st.stm32cube.ide.mcu.externaltools.gnu-tools-for-stm32.10.3-2021.10.win32_1.0.0.202111181127/tools/bin/../lib/gcc/arm-none-eabi/10.3.1/../../../../arm-none-eabi/lib/thumb/v7e-m+fp/hard/crt0.o
LOAD ./Core/Src/adc.o
LOAD ./Core/Src/gpio.o
LOAD ./Core/Src/lptim.o
LOAD ./Core/Src/main.o
LOAD ./Core/Src/prosthesis_control.o
LOAD ./Core/Src/spi.o
LOAD ./Core/Src/stm32l4xx_it.o
LOAD ./Core/Src/system_stm32l4xx.o
LOAD ./Core/Src/systick_app_timer.o
LOAD ./Core/Src/usart.o
LOAD ./Core/Startup/startup_stm32l476rgtx.o
LOAD ./Drivers/AS5145B/as5145b.o
LOAD ./Drivers/EPOS4/EPOS4.o
LOAD ./Drivers/MCP25625/mcp25625.o
LOAD ./Drivers/MPU-9255/mpu925x_spi.o
LOAD ./Drivers/STM32L4xx_HAL_Driver/Src/stm32l4xx_ll_adc.o
LOAD ./Drivers/STM32L4xx_HAL_Driver/Src/stm32l4xx_ll_dma.o
LOAD ./Drivers/STM32L4xx_HAL_Driver/Src/stm32l4xx_ll_exti.o
LOAD ./Drivers/STM32L4xx_HAL_Driver/Src/stm32l4xx_ll_gpio.o
LOAD ./Drivers/STM32L4xx_HAL_Driver/Src/stm32l4xx_ll_lptim.o
LOAD ./Drivers/STM32L4xx_HAL_Driver/Src/stm32l4xx_ll_pwr.o
LOAD ./Drivers/STM32L4xx_HAL_Driver/Src/stm32l4xx_ll_rcc.o
LOAD ./Drivers/STM32L4xx_HAL_Driver/Src/stm32l4xx_ll_spi.o
LOAD ./Drivers/STM32L4xx_HAL_Driver/Src/stm32l4xx_ll_usart.o
LOAD ./Drivers/STM32L4xx_HAL_Driver/Src/stm32l4xx_ll_utils.o
START GROUP
LOAD c:/st/stm32cubeide_1.10.1/stm32cubeide/plugins/com.st.stm32cube.ide.mcu.externaltools.gnu-tools-for-stm32.10.3-2021.10.win32_1.0.0.202111181127/tools/bin/../lib/gcc/arm-none-eabi/10.3.1/../../../../arm-none-eabi/lib/thumb/v7e-m+fp/hard\libc_nano.a
LOAD c:/st/stm32cubeide_1.10.1/stm32cubeide/plugins/com.st.stm32cube.ide.mcu.externaltools.gnu-tools-for-stm32.10.3-2021.10.win32_1.0.0.202111181127/tools/bin/../lib/gcc/arm-none-eabi/10.3.1/../../../../arm-none-eabi/lib/thumb/v7e-m+fp/hard\libm.a
END GROUP
START GROUP
LOAD c:/st/stm32cubeide_1.10.1/stm32cubeide/plugins/com.st.stm32cube.ide.mcu.externaltools.gnu-tools-for-stm32.10.3-2021.10.win32_1.0.0.202111181127/tools/bin/../lib/gcc/arm-none-eabi/10.3.1/thumb/v7e-m+fp/hard\libgcc.a
LOAD c:/st/stm32cubeide_1.10.1/stm32cubeide/plugins/com.st.stm32cube.ide.mcu.externaltools.gnu-tools-for-stm32.10.3-2021.10.win32_1.0.0.202111181127/tools/bin/../lib/gcc/arm-none-eabi/10.3.1/../../../../arm-none-eabi/lib/thumb/v7e-m+fp/hard\libc_nano.a
END GROUP
START GROUP
LOAD c:/st/stm32cubeide_1.10.1/stm32cubeide/plugins/com.st.stm32cube.ide.mcu.externaltools.gnu-tools-for-stm32.10.3-2021.10.win32_1.0.0.202111181127/tools/bin/../lib/gcc/arm-none-eabi/10.3.1/thumb/v7e-m+fp/hard\libgcc.a
LOAD c:/st/stm32cubeide_1.10.1/stm32cubeide/plugins/com.st.stm32cube.ide.mcu.externaltools.gnu-tools-for-stm32.10.3-2021.10.win32_1.0.0.202111181127/tools/bin/../lib/gcc/arm-none-eabi/10.3.1/../../../../arm-none-eabi/lib/thumb/v7e-m+fp/hard\libc_nano.a
LOAD c:/st/stm32cubeide_1.10.1/stm32cubeide/plugins/com.st.stm32cube.ide.mcu.externaltools.gnu-tools-for-stm32.10.3-2021.10.win32_1.0.0.202111181127/tools/bin/../lib/gcc/arm-none-eabi/10.3.1/../../../../arm-none-eabi/lib/thumb/v7e-m+fp/hard\libnosys.a
END GROUP
START GROUP
LOAD c:/st/stm32cubeide_1.10.1/stm32cubeide/plugins/com.st.stm32cube.ide.mcu.externaltools.gnu-tools-for-stm32.10.3-2021.10.win32_1.0.0.202111181127/tools/bin/../lib/gcc/arm-none-eabi/10.3.1/thumb/v7e-m+fp/hard\libgcc.a
LOAD c:/st/stm32cubeide_1.10.1/stm32cubeide/plugins/com.st.stm32cube.ide.mcu.externaltools.gnu-tools-for-stm32.10.3-2021.10.win32_1.0.0.202111181127/tools/bin/../lib/gcc/arm-none-eabi/10.3.1/../../../../arm-none-eabi/lib/thumb/v7e-m+fp/hard\libc_nano.a
LOAD c:/st/stm32cubeide_1.10.1/stm32cubeide/plugins/com.st.stm32cube.ide.mcu.externaltools.gnu-tools-for-stm32.10.3-2021.10.win32_1.0.0.202111181127/tools/bin/../lib/gcc/arm-none-eabi/10.3.1/../../../../arm-none-eabi/lib/thumb/v7e-m+fp/hard\libnosys.a
END GROUP
LOAD c:/st/stm32cubeide_1.10.1/stm32cubeide/plugins/com.st.stm32cube.ide.mcu.externaltools.gnu-tools-for-stm32.10.3-2021.10.win32_1.0.0.202111181127/tools/bin/../lib/gcc/arm-none-eabi/10.3.1/thumb/v7e-m+fp/hard/crtend.o
LOAD c:/st/stm32cubeide_1.10.1/stm32cubeide/plugins/com.st.stm32cube.ide.mcu.externaltools.gnu-tools-for-stm32.10.3-2021.10.win32_1.0.0.202111181127/tools/bin/../lib/gcc/arm-none-eabi/10.3.1/thumb/v7e-m+fp/hard/crtn.o
                0x0000000020018000                _estack = (ORIGIN (RAM) + LENGTH (RAM))
                0x0000000000000200                _Min_Heap_Size = 0x200
                0x0000000000000400                _Min_Stack_Size = 0x400

.isr_vector     0x0000000008000000      0x188
                0x0000000008000000                . = ALIGN (0x4)
 *(.isr_vector)
 .isr_vector    0x0000000008000000      0x188 ./Core/Startup/startup_stm32l476rgtx.o
                0x0000000008000000                g_pfnVectors
                0x0000000008000188                . = ALIGN (0x4)

.text           0x0000000008000188     0x6838
                0x0000000008000188                . = ALIGN (0x4)
 *(.text)
 .text          0x0000000008000188       0x40 c:/st/stm32cubeide_1.10.1/stm32cubeide/plugins/com.st.stm32cube.ide.mcu.externaltools.gnu-tools-for-stm32.10.3-2021.10.win32_1.0.0.202111181127/tools/bin/../lib/gcc/arm-none-eabi/10.3.1/thumb/v7e-m+fp/hard/crtbegin.o
 .text          0x00000000080001c8      0x378 c:/st/stm32cubeide_1.10.1/stm32cubeide/plugins/com.st.stm32cube.ide.mcu.externaltools.gnu-tools-for-stm32.10.3-2021.10.win32_1.0.0.202111181127/tools/bin/../lib/gcc/arm-none-eabi/10.3.1/thumb/v7e-m+fp/hard\libgcc.a(_arm_addsubdf3.o)
                0x00000000080001c8                __aeabi_drsub
                0x00000000080001d0                __aeabi_dsub
                0x00000000080001d0                __subdf3
                0x00000000080001d4                __aeabi_dadd
                0x00000000080001d4                __adddf3
                0x000000000800044c                __floatunsidf
                0x000000000800044c                __aeabi_ui2d
                0x000000000800046c                __floatsidf
                0x000000000800046c                __aeabi_i2d
                0x0000000008000490                __aeabi_f2d
                0x0000000008000490                __extendsfdf2
                0x00000000080004d4                __floatundidf
                0x00000000080004d4                __aeabi_ul2d
                0x00000000080004e4                __floatdidf
                0x00000000080004e4                __aeabi_l2d
 .text          0x0000000008000540      0x424 c:/st/stm32cubeide_1.10.1/stm32cubeide/plugins/com.st.stm32cube.ide.mcu.externaltools.gnu-tools-for-stm32.10.3-2021.10.win32_1.0.0.202111181127/tools/bin/../lib/gcc/arm-none-eabi/10.3.1/thumb/v7e-m+fp/hard\libgcc.a(_arm_muldivdf3.o)
                0x0000000008000540                __aeabi_dmul
                0x0000000008000540                __muldf3
                0x0000000008000794                __divdf3
                0x0000000008000794                __aeabi_ddiv
 .text          0x0000000008000964      0x110 c:/st/stm32cubeide_1.10.1/stm32cubeide/plugins/com.st.stm32cube.ide.mcu.externaltools.gnu-tools-for-stm32.10.3-2021.10.win32_1.0.0.202111181127/tools/bin/../lib/gcc/arm-none-eabi/10.3.1/thumb/v7e-m+fp/hard\libgcc.a(_arm_cmpdf2.o)
                0x0000000008000964                __gtdf2
                0x0000000008000964                __gedf2
                0x000000000800096c                __ltdf2
                0x000000000800096c                __ledf2
                0x0000000008000974                __nedf2
                0x0000000008000974                __eqdf2
                0x0000000008000974                __cmpdf2
                0x00000000080009f0                __aeabi_cdrcmple
                0x0000000008000a00                __aeabi_cdcmpeq
                0x0000000008000a00                __aeabi_cdcmple
                0x0000000008000a10                __aeabi_dcmpeq
                0x0000000008000a24                __aeabi_dcmplt
                0x0000000008000a38                __aeabi_dcmple
                0x0000000008000a4c                __aeabi_dcmpge
                0x0000000008000a60                __aeabi_dcmpgt
 .text          0x0000000008000a74       0x2c c:/st/stm32cubeide_1.10.1/stm32cubeide/plugins/com.st.stm32cube.ide.mcu.externaltools.gnu-tools-for-stm32.10.3-2021.10.win32_1.0.0.202111181127/tools/bin/../lib/gcc/arm-none-eabi/10.3.1/thumb/v7e-m+fp/hard\libgcc.a(_arm_unorddf2.o)
                0x0000000008000a74                __unorddf2
                0x0000000008000a74                __aeabi_dcmpun
 .text          0x0000000008000aa0       0xa0 c:/st/stm32cubeide_1.10.1/stm32cubeide/plugins/com.st.stm32cube.ide.mcu.externaltools.gnu-tools-for-stm32.10.3-2021.10.win32_1.0.0.202111181127/tools/bin/../lib/gcc/arm-none-eabi/10.3.1/thumb/v7e-m+fp/hard\libgcc.a(_arm_truncdfsf2.o)
                0x0000000008000aa0                __truncdfsf2
                0x0000000008000aa0                __aeabi_d2f
 *(.text*)
 .text.LL_ADC_SetCommonPathInternalCh
                0x0000000008000b40       0x26 ./Core/Src/adc.o
 .text.LL_ADC_REG_SetSequencerRanks
                0x0000000008000b66       0x58 ./Core/Src/adc.o
 .text.LL_ADC_SetChannelSamplingTime
                0x0000000008000bbe       0x56 ./Core/Src/adc.o
 .text.LL_ADC_SetChannelSingleDiff
                0x0000000008000c14       0x48 ./Core/Src/adc.o
 .text.LL_ADC_DisableDeepPowerDown
                0x0000000008000c5c       0x24 ./Core/Src/adc.o
 .text.LL_ADC_EnableInternalRegulator
                0x0000000008000c80       0x28 ./Core/Src/adc.o
 .text.LL_RCC_SetADCClockSource
                0x0000000008000ca8       0x2c ./Core/Src/adc.o
 .text.LL_AHB2_GRP1_EnableClock
                0x0000000008000cd4       0x30 ./Core/Src/adc.o
 .text.LL_GPIO_EnablePinAnalogControl
                0x0000000008000d04       0x22 ./Core/Src/adc.o
 *fill*         0x0000000008000d26        0x2 
 .text.MX_ADC1_Init
                0x0000000008000d28      0x14c ./Core/Src/adc.o
                0x0000000008000d28                MX_ADC1_Init
 .text.MX_ADC2_Init
                0x0000000008000e74      0x148 ./Core/Src/adc.o
                0x0000000008000e74                MX_ADC2_Init
 .text.LL_AHB2_GRP1_EnableClock
                0x0000000008000fbc       0x30 ./Core/Src/gpio.o
 .text.LL_SYSCFG_SetEXTISource
                0x0000000008000fec       0x6c ./Core/Src/gpio.o
 .text.LL_GPIO_SetPinMode
                0x0000000008001058       0x7a ./Core/Src/gpio.o
 .text.LL_GPIO_SetPinPull
                0x00000000080010d2       0x7a ./Core/Src/gpio.o
 .text.LL_GPIO_ResetOutputPin
                0x000000000800114c       0x1c ./Core/Src/gpio.o
 .text.MX_GPIO_Init
                0x0000000008001168      0x128 ./Core/Src/gpio.o
                0x0000000008001168                MX_GPIO_Init
 .text.__NVIC_GetPriorityGrouping
                0x0000000008001290       0x1c ./Core/Src/lptim.o
 .text.__NVIC_EnableIRQ
                0x00000000080012ac       0x3c ./Core/Src/lptim.o
 .text.__NVIC_SetPriority
                0x00000000080012e8       0x54 ./Core/Src/lptim.o
 .text.NVIC_EncodePriority
                0x000000000800133c       0x66 ./Core/Src/lptim.o
 .text.LL_LPTIM_SetUpdateMode
                0x00000000080013a2       0x26 ./Core/Src/lptim.o
 .text.LL_LPTIM_SetCounterMode
                0x00000000080013c8       0x26 ./Core/Src/lptim.o
 .text.LL_LPTIM_SetPolarity
                0x00000000080013ee       0x26 ./Core/Src/lptim.o
 .text.LL_LPTIM_SetPrescaler
                0x0000000008001414       0x26 ./Core/Src/lptim.o
 .text.LL_LPTIM_SetInput1Src
                0x000000000800143a       0x26 ./Core/Src/lptim.o
 .text.LL_LPTIM_TrigSw
                0x0000000008001460       0x20 ./Core/Src/lptim.o
 .text.LL_LPTIM_SetClockSource
                0x0000000008001480       0x26 ./Core/Src/lptim.o
 *fill*         0x00000000080014a6        0x2 
 .text.LL_RCC_SetLPTIMClockSource
                0x00000000080014a8       0x34 ./Core/Src/lptim.o
 .text.LL_APB1_GRP2_EnableClock
                0x00000000080014dc       0x30 ./Core/Src/lptim.o
 .text.MX_LPTIM2_Init
                0x000000000800150c       0x70 ./Core/Src/lptim.o
                0x000000000800150c                MX_LPTIM2_Init
 .text.__NVIC_SetPriorityGrouping
                0x000000000800157c       0x48 ./Core/Src/main.o
 .text.LL_ADC_Enable
                0x00000000080015c4       0x28 ./Core/Src/main.o
 .text.LL_LPTIM_Enable
                0x00000000080015ec       0x20 ./Core/Src/main.o
 .text.LL_LPTIM_StartCounter
                0x000000000800160c       0x26 ./Core/Src/main.o
 .text.LL_LPTIM_SetAutoReload
                0x0000000008001632       0x26 ./Core/Src/main.o
 .text.LL_LPTIM_EnableIT_ARRM
                0x0000000008001658       0x20 ./Core/Src/main.o
 .text.LL_RCC_LSE_Enable
                0x0000000008001678       0x24 ./Core/Src/main.o
 .text.LL_RCC_LSE_SetDriveCapability
                0x000000000800169c       0x2c ./Core/Src/main.o
 .text.LL_RCC_LSE_IsReady
                0x00000000080016c8       0x28 ./Core/Src/main.o
 .text.LL_RCC_MSI_Enable
                0x00000000080016f0       0x20 ./Core/Src/main.o
 .text.LL_RCC_MSI_IsReady
                0x0000000008001710       0x24 ./Core/Src/main.o
 .text.LL_RCC_MSI_EnablePLLMode
                0x0000000008001734       0x20 ./Core/Src/main.o
 .text.LL_RCC_MSI_EnableRangeSelection
                0x0000000008001754       0x20 ./Core/Src/main.o
 .text.LL_RCC_MSI_SetRange
                0x0000000008001774       0x28 ./Core/Src/main.o
 .text.LL_RCC_MSI_SetCalibTrimming
                0x000000000800179c       0x2c ./Core/Src/main.o
 .text.LL_RCC_SetSysClkSource
                0x00000000080017c8       0x28 ./Core/Src/main.o
 .text.LL_RCC_GetSysClkSource
                0x00000000080017f0       0x1c ./Core/Src/main.o
 .text.LL_RCC_SetAHBPrescaler
                0x000000000800180c       0x28 ./Core/Src/main.o
 .text.LL_RCC_SetAPB1Prescaler
                0x0000000008001834       0x28 ./Core/Src/main.o
 .text.LL_RCC_SetAPB2Prescaler
                0x000000000800185c       0x28 ./Core/Src/main.o
 .text.LL_RCC_PLL_Enable
                0x0000000008001884       0x20 ./Core/Src/main.o
 .text.LL_RCC_PLL_IsReady
                0x00000000080018a4       0x28 ./Core/Src/main.o
 .text.LL_RCC_PLL_ConfigDomain_SYS
                0x00000000080018cc       0x40 ./Core/Src/main.o
 .text.LL_RCC_PLL_EnableDomain_SYS
                0x000000000800190c       0x20 ./Core/Src/main.o
 .text.LL_APB1_GRP1_EnableClock
                0x000000000800192c       0x30 ./Core/Src/main.o
 .text.LL_APB2_GRP1_EnableClock
                0x000000000800195c       0x30 ./Core/Src/main.o
 .text.LL_FLASH_SetLatency
                0x000000000800198c       0x28 ./Core/Src/main.o
 .text.LL_FLASH_GetLatency
                0x00000000080019b4       0x1c ./Core/Src/main.o
 .text.LL_SYSTICK_EnableIT
                0x00000000080019d0       0x20 ./Core/Src/main.o
 .text.LL_PWR_SetRegulVoltageScaling
                0x00000000080019f0       0x28 ./Core/Src/main.o
 .text.LL_PWR_EnableBkUpAccess
                0x0000000008001a18       0x20 ./Core/Src/main.o
 .text.LL_SPI_Enable
                0x0000000008001a38       0x20 ./Core/Src/main.o
 .text.main     0x0000000008001a58      0x11c ./Core/Src/main.o
                0x0000000008001a58                main
 .text.SystemClock_Config
                0x0000000008001b74       0xbc ./Core/Src/main.o
                0x0000000008001b74                SystemClock_Config
 .text.Error_Handler
                0x0000000008001c30        0xa ./Core/Src/main.o
                0x0000000008001c30                Error_Handler
 .text.LL_ADC_REG_StartConversion
                0x0000000008001c3a       0x28 ./Core/Src/prosthesis_control.o
 .text.LL_ADC_REG_ReadConversionData12
                0x0000000008001c62       0x1a ./Core/Src/prosthesis_control.o
 .text.LL_ADC_IsActiveFlag_EOC
                0x0000000008001c7c       0x26 ./Core/Src/prosthesis_control.o
 .text.LL_ADC_ClearFlag_EOC
                0x0000000008001ca2       0x1a ./Core/Src/prosthesis_control.o
 .text.InitProsthesisControl
                0x0000000008001cbc       0x90 ./Core/Src/prosthesis_control.o
                0x0000000008001cbc                InitProsthesisControl
 .text.RequireTestProgram
                0x0000000008001d4c       0x34 ./Core/Src/prosthesis_control.o
                0x0000000008001d4c                RequireTestProgram
 .text.RunProsthesisControl
                0x0000000008001d80       0x58 ./Core/Src/prosthesis_control.o
                0x0000000008001d80                RunProsthesisControl
 .text.GetInputs
                0x0000000008001dd8       0x98 ./Core/Src/prosthesis_control.o
                0x0000000008001dd8                GetInputs
 .text.ReadLoadCell
                0x0000000008001e70       0x36 ./Core/Src/prosthesis_control.o
                0x0000000008001e70                ReadLoadCell
 *fill*         0x0000000008001ea6        0x2 
 .text.ProcessInputs
                0x0000000008001ea8      0x47c ./Core/Src/prosthesis_control.o
                0x0000000008001ea8                ProcessInputs
 *fill*         0x0000000008002324        0x4 
 .text.CalibrateIMU
                0x0000000008002328      0x658 ./Core/Src/prosthesis_control.o
                0x0000000008002328                CalibrateIMU
 .text.ComputeLimbAngle
                0x0000000008002980      0x1a8 ./Core/Src/prosthesis_control.o
                0x0000000008002980                ComputeLimbAngle
 .text.RunStateMachine
                0x0000000008002b28      0x158 ./Core/Src/prosthesis_control.o
                0x0000000008002b28                RunStateMachine
 .text.RunImpedanceControl
                0x0000000008002c80       0xf4 ./Core/Src/prosthesis_control.o
                0x0000000008002c80                RunImpedanceControl
 .text.RunTestProgram
                0x0000000008002d74      0x114 ./Core/Src/prosthesis_control.o
                0x0000000008002d74                RunTestProgram
 .text.LL_AHB2_GRP1_EnableClock
                0x0000000008002e88       0x30 ./Core/Src/spi.o
 .text.LL_APB1_GRP1_EnableClock
                0x0000000008002eb8       0x30 ./Core/Src/spi.o
 .text.LL_APB2_GRP1_EnableClock
                0x0000000008002ee8       0x30 ./Core/Src/spi.o
 .text.LL_SPI_SetStandard
                0x0000000008002f18       0x26 ./Core/Src/spi.o
 .text.LL_SPI_DisableNSSPulseMgt
                0x0000000008002f3e       0x20 ./Core/Src/spi.o
 *fill*         0x0000000008002f5e        0x2 
 .text.MX_SPI1_Init
                0x0000000008002f60       0xac ./Core/Src/spi.o
                0x0000000008002f60                MX_SPI1_Init
 .text.MX_SPI2_Init
                0x000000000800300c       0xb0 ./Core/Src/spi.o
                0x000000000800300c                MX_SPI2_Init
 .text.LL_LPTIM_ClearFLAG_ARRM
                0x00000000080030bc       0x20 ./Core/Src/stm32l4xx_it.o
 .text.LL_LPTIM_IsActiveFlag_ARRM
                0x00000000080030dc       0x26 ./Core/Src/stm32l4xx_it.o
 .text.NMI_Handler
                0x0000000008003102        0x6 ./Core/Src/stm32l4xx_it.o
                0x0000000008003102                NMI_Handler
 .text.HardFault_Handler
                0x0000000008003108        0x6 ./Core/Src/stm32l4xx_it.o
                0x0000000008003108                HardFault_Handler
 .text.MemManage_Handler
                0x000000000800310e        0x6 ./Core/Src/stm32l4xx_it.o
                0x000000000800310e                MemManage_Handler
 .text.BusFault_Handler
                0x0000000008003114        0x6 ./Core/Src/stm32l4xx_it.o
                0x0000000008003114                BusFault_Handler
 .text.UsageFault_Handler
                0x000000000800311a        0x6 ./Core/Src/stm32l4xx_it.o
                0x000000000800311a                UsageFault_Handler
 .text.SVC_Handler
                0x0000000008003120        0xe ./Core/Src/stm32l4xx_it.o
                0x0000000008003120                SVC_Handler
 .text.DebugMon_Handler
                0x000000000800312e        0xe ./Core/Src/stm32l4xx_it.o
                0x000000000800312e                DebugMon_Handler
 .text.PendSV_Handler
                0x000000000800313c        0xe ./Core/Src/stm32l4xx_it.o
                0x000000000800313c                PendSV_Handler
 .text.SysTick_Handler
                0x000000000800314a        0xc ./Core/Src/stm32l4xx_it.o
                0x000000000800314a                SysTick_Handler
 *fill*         0x0000000008003156        0x2 
 .text.LPTIM2_IRQHandler
                0x0000000008003158       0x28 ./Core/Src/stm32l4xx_it.o
                0x0000000008003158                LPTIM2_IRQHandler
 .text.SystemInit
                0x0000000008003180       0x24 ./Core/Src/system_stm32l4xx.o
                0x0000000008003180                SystemInit
 .text.systick_app_timer_tickAndProcess
                0x00000000080031a4       0xc4 ./Core/Src/systick_app_timer.o
                0x00000000080031a4                systick_app_timer_tickAndProcess
 .text.LL_RCC_SetUSARTClockSource
                0x0000000008003268       0x34 ./Core/Src/usart.o
 .text.LL_AHB2_GRP1_EnableClock
                0x000000000800329c       0x30 ./Core/Src/usart.o
 .text.LL_APB1_GRP1_EnableClock
                0x00000000080032cc       0x30 ./Core/Src/usart.o
 .text.LL_USART_Enable
                0x00000000080032fc       0x20 ./Core/Src/usart.o
 .text.LL_USART_ConfigAsyncMode
                0x000000000800331c       0x2c ./Core/Src/usart.o
 .text.MX_USART2_UART_Init
                0x0000000008003348       0xa8 ./Core/Src/usart.o
                0x0000000008003348                MX_USART2_UART_Init
 .text.Reset_Handler
                0x00000000080033f0       0x50 ./Core/Startup/startup_stm32l476rgtx.o
                0x00000000080033f0                Reset_Handler
 .text.Default_Handler
                0x0000000008003440        0x2 ./Core/Startup/startup_stm32l476rgtx.o
                0x0000000008003440                RTC_Alarm_IRQHandler
                0x0000000008003440                EXTI2_IRQHandler
                0x0000000008003440                TIM8_TRG_COM_IRQHandler
                0x0000000008003440                TIM8_CC_IRQHandler
                0x0000000008003440                TIM1_CC_IRQHandler
                0x0000000008003440                TSC_IRQHandler
                0x0000000008003440                TAMP_STAMP_IRQHandler
                0x0000000008003440                EXTI3_IRQHandler
                0x0000000008003440                DFSDM1_FLT1_IRQHandler
                0x0000000008003440                I2C3_ER_IRQHandler
                0x0000000008003440                DFSDM1_FLT2_IRQHandler
                0x0000000008003440                EXTI0_IRQHandler
                0x0000000008003440                I2C2_EV_IRQHandler
                0x0000000008003440                CAN1_RX0_IRQHandler
                0x0000000008003440                FPU_IRQHandler
                0x0000000008003440                TIM1_UP_TIM16_IRQHandler
                0x0000000008003440                ADC1_2_IRQHandler
                0x0000000008003440                SPI1_IRQHandler
                0x0000000008003440                TIM6_DAC_IRQHandler
                0x0000000008003440                TIM8_UP_IRQHandler
                0x0000000008003440                DMA2_Channel2_IRQHandler
                0x0000000008003440                DMA1_Channel4_IRQHandler
                0x0000000008003440                SAI2_IRQHandler
                0x0000000008003440                DFSDM1_FLT3_IRQHandler
                0x0000000008003440                USART3_IRQHandler
                0x0000000008003440                DMA1_Channel7_IRQHandler
                0x0000000008003440                CAN1_RX1_IRQHandler
                0x0000000008003440                LCD_IRQHandler
                0x0000000008003440                UART5_IRQHandler
                0x0000000008003440                ADC3_IRQHandler
                0x0000000008003440                TIM4_IRQHandler
                0x0000000008003440                DMA2_Channel1_IRQHandler
                0x0000000008003440                QUADSPI_IRQHandler
                0x0000000008003440                I2C1_EV_IRQHandler
                0x0000000008003440                DMA1_Channel6_IRQHandler
                0x0000000008003440                UART4_IRQHandler
                0x0000000008003440                DMA2_Channel4_IRQHandler
                0x0000000008003440                TIM3_IRQHandler
                0x0000000008003440                RCC_IRQHandler
                0x0000000008003440                DMA1_Channel1_IRQHandler
                0x0000000008003440                Default_Handler
                0x0000000008003440                DMA2_Channel7_IRQHandler
                0x0000000008003440                EXTI15_10_IRQHandler
                0x0000000008003440                TIM7_IRQHandler
                0x0000000008003440                SDMMC1_IRQHandler
                0x0000000008003440                TIM5_IRQHandler
                0x0000000008003440                I2C3_EV_IRQHandler
                0x0000000008003440                EXTI9_5_IRQHandler
                0x0000000008003440                RTC_WKUP_IRQHandler
                0x0000000008003440                PVD_PVM_IRQHandler
                0x0000000008003440                SPI2_IRQHandler
                0x0000000008003440                CAN1_TX_IRQHandler
                0x0000000008003440                DMA2_Channel5_IRQHandler
                0x0000000008003440                DMA1_Channel5_IRQHandler
                0x0000000008003440                EXTI4_IRQHandler
                0x0000000008003440                RNG_IRQHandler
                0x0000000008003440                TIM1_TRG_COM_TIM17_IRQHandler
                0x0000000008003440                DMA1_Channel3_IRQHandler
                0x0000000008003440                COMP_IRQHandler
                0x0000000008003440                WWDG_IRQHandler
                0x0000000008003440                LPUART1_IRQHandler
                0x0000000008003440                DMA2_Channel6_IRQHandler
                0x0000000008003440                TIM2_IRQHandler
                0x0000000008003440                EXTI1_IRQHandler
                0x0000000008003440                USART2_IRQHandler
                0x0000000008003440                DFSDM1_FLT0_IRQHandler
                0x0000000008003440                I2C2_ER_IRQHandler
                0x0000000008003440                DMA1_Channel2_IRQHandler
                0x0000000008003440                TIM8_BRK_IRQHandler
                0x0000000008003440                CAN1_SCE_IRQHandler
                0x0000000008003440                FLASH_IRQHandler
                0x0000000008003440                USART1_IRQHandler
                0x0000000008003440                OTG_FS_IRQHandler
                0x0000000008003440                SPI3_IRQHandler
                0x0000000008003440                I2C1_ER_IRQHandler
                0x0000000008003440                FMC_IRQHandler
                0x0000000008003440                SWPMI1_IRQHandler
                0x0000000008003440                LPTIM1_IRQHandler
                0x0000000008003440                SAI1_IRQHandler
                0x0000000008003440                DMA2_Channel3_IRQHandler
                0x0000000008003440                TIM1_BRK_TIM15_IRQHandler
 .text.LL_GPIO_IsInputPinSet
                0x0000000008003442       0x2a ./Drivers/AS5145B/as5145b.o
 .text.LL_GPIO_SetOutputPin
                0x000000000800346c       0x1c ./Drivers/AS5145B/as5145b.o
 .text.LL_GPIO_ResetOutputPin
                0x0000000008003488       0x1c ./Drivers/AS5145B/as5145b.o
 .text.AS5145B_Init
                0x00000000080034a4       0x40 ./Drivers/AS5145B/as5145b.o
                0x00000000080034a4                AS5145B_Init
 .text.AS5145B_ReadData
                0x00000000080034e4      0x128 ./Drivers/AS5145B/as5145b.o
                0x00000000080034e4                AS5145B_ReadData
 .text.AS5145B_ReadPosition_Raw
                0x000000000800360c       0x1c ./Drivers/AS5145B/as5145b.o
                0x000000000800360c                AS5145B_ReadPosition_Raw
 .text.AS5145B_ReadPosition_Deg
                0x0000000008003628       0x44 ./Drivers/AS5145B/as5145b.o
                0x0000000008003628                AS5145B_ReadPosition_Deg
 .text.AS5145B_Delay_500ns
                0x000000000800366c       0x3a ./Drivers/AS5145B/as5145b.o
 .text.EPOS4_SetCSTMode
                0x00000000080036a6       0xc6 ./Drivers/EPOS4/EPOS4.o
                0x00000000080036a6                EPOS4_SetCSTMode
 .text.EPOS4_SetTorque
                0x000000000800376c       0x38 ./Drivers/EPOS4/EPOS4.o
                0x000000000800376c                EPOS4_SetTorque
 .text.EPOS4_DataFramer
                0x00000000080037a4       0x72 ./Drivers/EPOS4/EPOS4.o
                0x00000000080037a4                EPOS4_DataFramer
 .text.EPOS4_usDelay
                0x0000000008003816       0x3e ./Drivers/EPOS4/EPOS4.o
                0x0000000008003816                EPOS4_usDelay
 .text.LL_SPI_TransmitData8
                0x0000000008003854       0x24 ./Drivers/MCP25625/mcp25625.o
 .text.LL_GPIO_SetOutputPin
                0x0000000008003878       0x1c ./Drivers/MCP25625/mcp25625.o
 .text.LL_GPIO_ResetOutputPin
                0x0000000008003894       0x1c ./Drivers/MCP25625/mcp25625.o
 .text.clearChipSelect
                0x00000000080038b0       0x18 ./Drivers/MCP25625/mcp25625.o
 .text.setChipSelect
                0x00000000080038c8       0x18 ./Drivers/MCP25625/mcp25625.o
 .text.mcp25625_reset
                0x00000000080038e0       0x48 ./Drivers/MCP25625/mcp25625.o
                0x00000000080038e0                mcp25625_reset
 .text.mcp25625_writeRegister
                0x0000000008003928       0x74 ./Drivers/MCP25625/mcp25625.o
                0x0000000008003928                mcp25625_writeRegister
 .text.mcp25625_readRegister
                0x000000000800399c       0x68 ./Drivers/MCP25625/mcp25625.o
                0x000000000800399c                mcp25625_readRegister
 .text.mcp25625_loadTXB
                0x0000000008003a04       0x94 ./Drivers/MCP25625/mcp25625.o
                0x0000000008003a04                mcp25625_loadTXB
 .text.getTXB0CTRL
                0x0000000008003a98       0x10 ./Drivers/MCP25625/mcp25625.o
 .text.getTXB1CTRL
                0x0000000008003aa8       0x10 ./Drivers/MCP25625/mcp25625.o
 .text.getTXB2CTRL
                0x0000000008003ab8       0x10 ./Drivers/MCP25625/mcp25625.o
 .text.loadTXB2
                0x0000000008003ac8       0x1a ./Drivers/MCP25625/mcp25625.o
 .text.loadTXB1
                0x0000000008003ae2       0x1a ./Drivers/MCP25625/mcp25625.o
 .text.loadTXB0
                0x0000000008003afc       0x1a ./Drivers/MCP25625/mcp25625.o
 .text.setTXREQ2
                0x0000000008003b16       0x10 ./Drivers/MCP25625/mcp25625.o
 .text.setTXREQ1
                0x0000000008003b26       0x10 ./Drivers/MCP25625/mcp25625.o
 .text.setTXREQ0
                0x0000000008003b36       0x10 ./Drivers/MCP25625/mcp25625.o
 .text.mcp25625_sendCAN
                0x0000000008003b46       0x74 ./Drivers/MCP25625/mcp25625.o
                0x0000000008003b46                mcp25625_sendCAN
 .text.CAN_transmit
                0x0000000008003bba       0x6c ./Drivers/MCP25625/mcp25625.o
                0x0000000008003bba                CAN_transmit
 *fill*         0x0000000008003c26        0x2 
 .text.mcp25625_init
                0x0000000008003c28       0x20 ./Drivers/MCP25625/mcp25625.o
                0x0000000008003c28                mcp25625_init
 .text.CAN_configure
                0x0000000008003c48       0x4a ./Drivers/MCP25625/mcp25625.o
                0x0000000008003c48                CAN_configure
 .text.LL_SPI_IsActiveFlag_RXNE
                0x0000000008003c92       0x26 ./Drivers/MPU-9255/mpu925x_spi.o
 .text.LL_SPI_IsActiveFlag_TXE
                0x0000000008003cb8       0x26 ./Drivers/MPU-9255/mpu925x_spi.o
 .text.LL_SPI_ReceiveData8
                0x0000000008003cde       0x1c ./Drivers/MPU-9255/mpu925x_spi.o
 .text.LL_SPI_TransmitData8
                0x0000000008003cfa       0x24 ./Drivers/MPU-9255/mpu925x_spi.o
 .text.LL_GPIO_SetOutputPin
                0x0000000008003d1e       0x1c ./Drivers/MPU-9255/mpu925x_spi.o
 .text.LL_GPIO_ResetOutputPin
                0x0000000008003d3a       0x1c ./Drivers/MPU-9255/mpu925x_spi.o
 *fill*         0x0000000008003d56        0x2 
 .text.MPU925x_Init
                0x0000000008003d58       0x4c ./Drivers/MPU-9255/mpu925x_spi.o
                0x0000000008003d58                MPU925x_Init
 .text.MPU925x_SetAccelSensitivity
                0x0000000008003da4       0xf8 ./Drivers/MPU-9255/mpu925x_spi.o
                0x0000000008003da4                MPU925x_SetAccelSensitivity
 .text.MPU925x_SetGyroSensitivity
                0x0000000008003e9c       0xf8 ./Drivers/MPU-9255/mpu925x_spi.o
                0x0000000008003e9c                MPU925x_SetGyroSensitivity
 .text.MPU925x_ReadIMU
                0x0000000008003f94      0x184 ./Drivers/MPU-9255/mpu925x_spi.o
                0x0000000008003f94                MPU925x_ReadIMU
 .text.MPU925x_WriteReg
                0x0000000008004118       0xac ./Drivers/MPU-9255/mpu925x_spi.o
                0x0000000008004118                MPU925x_WriteReg
 .text.MPU925x_ReadRegs
                0x00000000080041c4       0xd8 ./Drivers/MPU-9255/mpu925x_spi.o
                0x00000000080041c4                MPU925x_ReadRegs
 .text.LL_ADC_REG_SetSequencerLength
                0x000000000800429c       0x26 ./Drivers/STM32L4xx_HAL_Driver/Src/stm32l4xx_ll_adc.o
 .text.LL_ADC_IsEnabled
                0x00000000080042c2       0x26 ./Drivers/STM32L4xx_HAL_Driver/Src/stm32l4xx_ll_adc.o
 .text.LL_ADC_CommonInit
                0x00000000080042e8       0x90 ./Drivers/STM32L4xx_HAL_Driver/Src/stm32l4xx_ll_adc.o
                0x00000000080042e8                LL_ADC_CommonInit
 .text.LL_ADC_Init
                0x0000000008004378       0x4c ./Drivers/STM32L4xx_HAL_Driver/Src/stm32l4xx_ll_adc.o
                0x0000000008004378                LL_ADC_Init
 .text.LL_ADC_REG_Init
                0x00000000080043c4       0x94 ./Drivers/STM32L4xx_HAL_Driver/Src/stm32l4xx_ll_adc.o
                0x00000000080043c4                LL_ADC_REG_Init
 .text.LL_EXTI_EnableIT_0_31
                0x0000000008004458       0x24 ./Drivers/STM32L4xx_HAL_Driver/Src/stm32l4xx_ll_exti.o
 .text.LL_EXTI_EnableIT_32_63
                0x000000000800447c       0x24 ./Drivers/STM32L4xx_HAL_Driver/Src/stm32l4xx_ll_exti.o
 .text.LL_EXTI_DisableIT_0_31
                0x00000000080044a0       0x28 ./Drivers/STM32L4xx_HAL_Driver/Src/stm32l4xx_ll_exti.o
 .text.LL_EXTI_DisableIT_32_63
                0x00000000080044c8       0x28 ./Drivers/STM32L4xx_HAL_Driver/Src/stm32l4xx_ll_exti.o
 .text.LL_EXTI_EnableEvent_0_31
                0x00000000080044f0       0x24 ./Drivers/STM32L4xx_HAL_Driver/Src/stm32l4xx_ll_exti.o
 .text.LL_EXTI_EnableEvent_32_63
                0x0000000008004514       0x24 ./Drivers/STM32L4xx_HAL_Driver/Src/stm32l4xx_ll_exti.o
 .text.LL_EXTI_DisableEvent_0_31
                0x0000000008004538       0x28 ./Drivers/STM32L4xx_HAL_Driver/Src/stm32l4xx_ll_exti.o
 .text.LL_EXTI_DisableEvent_32_63
                0x0000000008004560       0x28 ./Drivers/STM32L4xx_HAL_Driver/Src/stm32l4xx_ll_exti.o
 .text.LL_EXTI_EnableRisingTrig_0_31
                0x0000000008004588       0x24 ./Drivers/STM32L4xx_HAL_Driver/Src/stm32l4xx_ll_exti.o
 .text.LL_EXTI_EnableRisingTrig_32_63
                0x00000000080045ac       0x24 ./Drivers/STM32L4xx_HAL_Driver/Src/stm32l4xx_ll_exti.o
 .text.LL_EXTI_DisableRisingTrig_0_31
                0x00000000080045d0       0x28 ./Drivers/STM32L4xx_HAL_Driver/Src/stm32l4xx_ll_exti.o
 .text.LL_EXTI_DisableRisingTrig_32_63
                0x00000000080045f8       0x28 ./Drivers/STM32L4xx_HAL_Driver/Src/stm32l4xx_ll_exti.o
 .text.LL_EXTI_EnableFallingTrig_0_31
                0x0000000008004620       0x24 ./Drivers/STM32L4xx_HAL_Driver/Src/stm32l4xx_ll_exti.o
 .text.LL_EXTI_EnableFallingTrig_32_63
                0x0000000008004644       0x24 ./Drivers/STM32L4xx_HAL_Driver/Src/stm32l4xx_ll_exti.o
 .text.LL_EXTI_DisableFallingTrig_0_31
                0x0000000008004668       0x28 ./Drivers/STM32L4xx_HAL_Driver/Src/stm32l4xx_ll_exti.o
 .text.LL_EXTI_DisableFallingTrig_32_63
                0x0000000008004690       0x28 ./Drivers/STM32L4xx_HAL_Driver/Src/stm32l4xx_ll_exti.o
 .text.LL_EXTI_Init
                0x00000000080046b8      0x1ee ./Drivers/STM32L4xx_HAL_Driver/Src/stm32l4xx_ll_exti.o
                0x00000000080046b8                LL_EXTI_Init
 .text.LL_GPIO_SetPinMode
                0x00000000080048a6       0x7a ./Drivers/STM32L4xx_HAL_Driver/Src/stm32l4xx_ll_gpio.o
 .text.LL_GPIO_SetPinOutputType
                0x0000000008004920       0x30 ./Drivers/STM32L4xx_HAL_Driver/Src/stm32l4xx_ll_gpio.o
 .text.LL_GPIO_SetPinSpeed
                0x0000000008004950       0x7a ./Drivers/STM32L4xx_HAL_Driver/Src/stm32l4xx_ll_gpio.o
 .text.LL_GPIO_SetPinPull
                0x00000000080049ca       0x7a ./Drivers/STM32L4xx_HAL_Driver/Src/stm32l4xx_ll_gpio.o
 .text.LL_GPIO_SetAFPin_0_7
                0x0000000008004a44       0x7a ./Drivers/STM32L4xx_HAL_Driver/Src/stm32l4xx_ll_gpio.o
 .text.LL_GPIO_SetAFPin_8_15
                0x0000000008004abe       0x7e ./Drivers/STM32L4xx_HAL_Driver/Src/stm32l4xx_ll_gpio.o
 .text.LL_GPIO_Init
                0x0000000008004b3c       0xdc ./Drivers/STM32L4xx_HAL_Driver/Src/stm32l4xx_ll_gpio.o
                0x0000000008004b3c                LL_GPIO_Init
 .text.LL_RCC_HSI_IsReady
                0x0000000008004c18       0x28 ./Drivers/STM32L4xx_HAL_Driver/Src/stm32l4xx_ll_rcc.o
 .text.LL_RCC_LSE_IsReady
                0x0000000008004c40       0x28 ./Drivers/STM32L4xx_HAL_Driver/Src/stm32l4xx_ll_rcc.o
 .text.LL_RCC_MSI_IsEnabledRangeSelect
                0x0000000008004c68       0x24 ./Drivers/STM32L4xx_HAL_Driver/Src/stm32l4xx_ll_rcc.o
 .text.LL_RCC_MSI_GetRange
                0x0000000008004c8c       0x1c ./Drivers/STM32L4xx_HAL_Driver/Src/stm32l4xx_ll_rcc.o
 .text.LL_RCC_MSI_GetRangeAfterStandby
                0x0000000008004ca8       0x1c ./Drivers/STM32L4xx_HAL_Driver/Src/stm32l4xx_ll_rcc.o
 .text.LL_RCC_GetSysClkSource
                0x0000000008004cc4       0x1c ./Drivers/STM32L4xx_HAL_Driver/Src/stm32l4xx_ll_rcc.o
 .text.LL_RCC_GetAHBPrescaler
                0x0000000008004ce0       0x1c ./Drivers/STM32L4xx_HAL_Driver/Src/stm32l4xx_ll_rcc.o
 .text.LL_RCC_GetAPB1Prescaler
                0x0000000008004cfc       0x1c ./Drivers/STM32L4xx_HAL_Driver/Src/stm32l4xx_ll_rcc.o
 .text.LL_RCC_GetAPB2Prescaler
                0x0000000008004d18       0x1c ./Drivers/STM32L4xx_HAL_Driver/Src/stm32l4xx_ll_rcc.o
 .text.LL_RCC_GetUSARTClockSource
                0x0000000008004d34       0x28 ./Drivers/STM32L4xx_HAL_Driver/Src/stm32l4xx_ll_rcc.o
 .text.LL_RCC_GetUARTClockSource
                0x0000000008004d5c       0x28 ./Drivers/STM32L4xx_HAL_Driver/Src/stm32l4xx_ll_rcc.o
 .text.LL_RCC_PLL_GetMainSource
                0x0000000008004d84       0x1c ./Drivers/STM32L4xx_HAL_Driver/Src/stm32l4xx_ll_rcc.o
 .text.LL_RCC_PLL_GetN
                0x0000000008004da0       0x1c ./Drivers/STM32L4xx_HAL_Driver/Src/stm32l4xx_ll_rcc.o
 .text.LL_RCC_PLL_GetR
                0x0000000008004dbc       0x1c ./Drivers/STM32L4xx_HAL_Driver/Src/stm32l4xx_ll_rcc.o
 .text.LL_RCC_PLL_GetDivider
                0x0000000008004dd8       0x1c ./Drivers/STM32L4xx_HAL_Driver/Src/stm32l4xx_ll_rcc.o
 .text.LL_RCC_GetUSARTClockFreq
                0x0000000008004df4      0x1c8 ./Drivers/STM32L4xx_HAL_Driver/Src/stm32l4xx_ll_rcc.o
                0x0000000008004df4                LL_RCC_GetUSARTClockFreq
 .text.LL_RCC_GetUARTClockFreq
                0x0000000008004fbc      0x130 ./Drivers/STM32L4xx_HAL_Driver/Src/stm32l4xx_ll_rcc.o
                0x0000000008004fbc                LL_RCC_GetUARTClockFreq
 .text.RCC_GetSystemClockFreq
                0x00000000080050ec      0x120 ./Drivers/STM32L4xx_HAL_Driver/Src/stm32l4xx_ll_rcc.o
 .text.RCC_GetHCLKClockFreq
                0x000000000800520c       0x2c ./Drivers/STM32L4xx_HAL_Driver/Src/stm32l4xx_ll_rcc.o
 .text.RCC_GetPCLK1ClockFreq
                0x0000000008005238       0x28 ./Drivers/STM32L4xx_HAL_Driver/Src/stm32l4xx_ll_rcc.o
 .text.RCC_GetPCLK2ClockFreq
                0x0000000008005260       0x28 ./Drivers/STM32L4xx_HAL_Driver/Src/stm32l4xx_ll_rcc.o
 .text.RCC_PLL_GetFreqDomain_SYS
                0x0000000008005288      0x118 ./Drivers/STM32L4xx_HAL_Driver/Src/stm32l4xx_ll_rcc.o
 .text.LL_SPI_IsEnabled
                0x00000000080053a0       0x26 ./Drivers/STM32L4xx_HAL_Driver/Src/stm32l4xx_ll_spi.o
 .text.LL_SPI_SetRxFIFOThreshold
                0x00000000080053c6       0x26 ./Drivers/STM32L4xx_HAL_Driver/Src/stm32l4xx_ll_spi.o
 .text.LL_SPI_SetCRCPolynomial
                0x00000000080053ec       0x20 ./Drivers/STM32L4xx_HAL_Driver/Src/stm32l4xx_ll_spi.o
 .text.LL_SPI_Init
                0x000000000800540c       0xb0 ./Drivers/STM32L4xx_HAL_Driver/Src/stm32l4xx_ll_spi.o
                0x000000000800540c                LL_SPI_Init
 .text.LL_USART_IsEnabled
                0x00000000080054bc       0x26 ./Drivers/STM32L4xx_HAL_Driver/Src/stm32l4xx_ll_usart.o
 .text.LL_USART_SetStopBitsLength
                0x00000000080054e2       0x26 ./Drivers/STM32L4xx_HAL_Driver/Src/stm32l4xx_ll_usart.o
 .text.LL_USART_SetHWFlowCtrl
                0x0000000008005508       0x26 ./Drivers/STM32L4xx_HAL_Driver/Src/stm32l4xx_ll_usart.o
 .text.LL_USART_SetBaudRate
                0x000000000800552e       0x6e ./Drivers/STM32L4xx_HAL_Driver/Src/stm32l4xx_ll_usart.o
 .text.LL_USART_Init
                0x000000000800559c       0xf8 ./Drivers/STM32L4xx_HAL_Driver/Src/stm32l4xx_ll_usart.o
                0x000000000800559c                LL_USART_Init
 .text.LL_InitTick
                0x0000000008005694       0x34 ./Drivers/STM32L4xx_HAL_Driver/Src/stm32l4xx_ll_utils.o
 .text.LL_Init1msTick
                0x00000000080056c8       0x1a ./Drivers/STM32L4xx_HAL_Driver/Src/stm32l4xx_ll_utils.o
                0x00000000080056c8                LL_Init1msTick
 *fill*         0x00000000080056e2        0x2 
 .text.LL_mDelay
                0x00000000080056e4       0x50 ./Drivers/STM32L4xx_HAL_Driver/Src/stm32l4xx_ll_utils.o
                0x00000000080056e4                LL_mDelay
 .text.LL_SetSystemCoreClock
                0x0000000008005734       0x20 ./Drivers/STM32L4xx_HAL_Driver/Src/stm32l4xx_ll_utils.o
                0x0000000008005734                LL_SetSystemCoreClock
 .text.__libc_init_array
                0x0000000008005754       0x48 c:/st/stm32cubeide_1.10.1/stm32cubeide/plugins/com.st.stm32cube.ide.mcu.externaltools.gnu-tools-for-stm32.10.3-2021.10.win32_1.0.0.202111181127/tools/bin/../lib/gcc/arm-none-eabi/10.3.1/../../../../arm-none-eabi/lib/thumb/v7e-m+fp/hard\libc_nano.a(lib_a-init.o)
                0x0000000008005754                __libc_init_array
 .text.memcpy   0x000000000800579c       0x1c c:/st/stm32cubeide_1.10.1/stm32cubeide/plugins/com.st.stm32cube.ide.mcu.externaltools.gnu-tools-for-stm32.10.3-2021.10.win32_1.0.0.202111181127/tools/bin/../lib/gcc/arm-none-eabi/10.3.1/../../../../arm-none-eabi/lib/thumb/v7e-m+fp/hard\libc_nano.a(lib_a-memcpy-stub.o)
                0x000000000800579c                memcpy
 .text.memset   0x00000000080057b8       0x10 c:/st/stm32cubeide_1.10.1/stm32cubeide/plugins/com.st.stm32cube.ide.mcu.externaltools.gnu-tools-for-stm32.10.3-2021.10.win32_1.0.0.202111181127/tools/bin/../lib/gcc/arm-none-eabi/10.3.1/../../../../arm-none-eabi/lib/thumb/v7e-m+fp/hard\libc_nano.a(lib_a-memset.o)
                0x00000000080057b8                memset
 .text.atan     0x00000000080057c8      0x340 c:/st/stm32cubeide_1.10.1/stm32cubeide/plugins/com.st.stm32cube.ide.mcu.externaltools.gnu-tools-for-stm32.10.3-2021.10.win32_1.0.0.202111181127/tools/bin/../lib/gcc/arm-none-eabi/10.3.1/../../../../arm-none-eabi/lib/thumb/v7e-m+fp/hard\libm.a(lib_a-s_atan.o)
                0x00000000080057c8                atan
 .text.fabs     0x0000000008005b08       0x12 c:/st/stm32cubeide_1.10.1/stm32cubeide/plugins/com.st.stm32cube.ide.mcu.externaltools.gnu-tools-for-stm32.10.3-2021.10.win32_1.0.0.202111181127/tools/bin/../lib/gcc/arm-none-eabi/10.3.1/../../../../arm-none-eabi/lib/thumb/v7e-m+fp/hard\libm.a(lib_a-s_fabs.o)
                0x0000000008005b08                fabs
 *fill*         0x0000000008005b1a        0x2 
 .text.pow      0x0000000008005b1c       0xe0 c:/st/stm32cubeide_1.10.1/stm32cubeide/plugins/com.st.stm32cube.ide.mcu.externaltools.gnu-tools-for-stm32.10.3-2021.10.win32_1.0.0.202111181127/tools/bin/../lib/gcc/arm-none-eabi/10.3.1/../../../../arm-none-eabi/lib/thumb/v7e-m+fp/hard\libm.a(lib_a-w_pow.o)
                0x0000000008005b1c                pow
 .text.sqrt     0x0000000008005bfc       0x58 c:/st/stm32cubeide_1.10.1/stm32cubeide/plugins/com.st.stm32cube.ide.mcu.externaltools.gnu-tools-for-stm32.10.3-2021.10.win32_1.0.0.202111181127/tools/bin/../lib/gcc/arm-none-eabi/10.3.1/../../../../arm-none-eabi/lib/thumb/v7e-m+fp/hard\libm.a(lib_a-w_sqrt.o)
                0x0000000008005bfc                sqrt
 *fill*         0x0000000008005c54        0x4 
 .text.__ieee754_pow
                0x0000000008005c58      0xa5c c:/st/stm32cubeide_1.10.1/stm32cubeide/plugins/com.st.stm32cube.ide.mcu.externaltools.gnu-tools-for-stm32.10.3-2021.10.win32_1.0.0.202111181127/tools/bin/../lib/gcc/arm-none-eabi/10.3.1/../../../../arm-none-eabi/lib/thumb/v7e-m+fp/hard\libm.a(lib_a-e_pow.o)
                0x0000000008005c58                __ieee754_pow
 .text.__ieee754_sqrt
                0x00000000080066b4      0x164 c:/st/stm32cubeide_1.10.1/stm32cubeide/plugins/com.st.stm32cube.ide.mcu.externaltools.gnu-tools-for-stm32.10.3-2021.10.win32_1.0.0.202111181127/tools/bin/../lib/gcc/arm-none-eabi/10.3.1/../../../../arm-none-eabi/lib/thumb/v7e-m+fp/hard\libm.a(lib_a-e_sqrt.o)
                0x00000000080066b4                __ieee754_sqrt
 .text.with_errno
                0x0000000008006818       0x14 c:/st/stm32cubeide_1.10.1/stm32cubeide/plugins/com.st.stm32cube.ide.mcu.externaltools.gnu-tools-for-stm32.10.3-2021.10.win32_1.0.0.202111181127/tools/bin/../lib/gcc/arm-none-eabi/10.3.1/../../../../arm-none-eabi/lib/thumb/v7e-m+fp/hard\libm.a(lib_a-math_err.o)
 .text.xflow    0x000000000800682c       0x28 c:/st/stm32cubeide_1.10.1/stm32cubeide/plugins/com.st.stm32cube.ide.mcu.externaltools.gnu-tools-for-stm32.10.3-2021.10.win32_1.0.0.202111181127/tools/bin/../lib/gcc/arm-none-eabi/10.3.1/../../../../arm-none-eabi/lib/thumb/v7e-m+fp/hard\libm.a(lib_a-math_err.o)
 .text.__math_uflow
                0x0000000008006854       0x12 c:/st/stm32cubeide_1.10.1/stm32cubeide/plugins/com.st.stm32cube.ide.mcu.externaltools.gnu-tools-for-stm32.10.3-2021.10.win32_1.0.0.202111181127/tools/bin/../lib/gcc/arm-none-eabi/10.3.1/../../../../arm-none-eabi/lib/thumb/v7e-m+fp/hard\libm.a(lib_a-math_err.o)
                0x0000000008006854                __math_uflow
 .text.__math_oflow
                0x0000000008006866       0x12 c:/st/stm32cubeide_1.10.1/stm32cubeide/plugins/com.st.stm32cube.ide.mcu.externaltools.gnu-tools-for-stm32.10.3-2021.10.win32_1.0.0.202111181127/tools/bin/../lib/gcc/arm-none-eabi/10.3.1/../../../../arm-none-eabi/lib/thumb/v7e-m+fp/hard\libm.a(lib_a-math_err.o)
                0x0000000008006866                __math_oflow
 .text.finite   0x0000000008006878       0x16 c:/st/stm32cubeide_1.10.1/stm32cubeide/plugins/com.st.stm32cube.ide.mcu.externaltools.gnu-tools-for-stm32.10.3-2021.10.win32_1.0.0.202111181127/tools/bin/../lib/gcc/arm-none-eabi/10.3.1/../../../../arm-none-eabi/lib/thumb/v7e-m+fp/hard\libm.a(lib_a-s_finite.o)
                0x0000000008006878                finite
 *fill*         0x000000000800688e        0x2 
 .text.scalbn   0x0000000008006890      0x10c c:/st/stm32cubeide_1.10.1/stm32cubeide/plugins/com.st.stm32cube.ide.mcu.externaltools.gnu-tools-for-stm32.10.3-2021.10.win32_1.0.0.202111181127/tools/bin/../lib/gcc/arm-none-eabi/10.3.1/../../../../arm-none-eabi/lib/thumb/v7e-m+fp/hard\libm.a(lib_a-s_scalbn.o)
                0x0000000008006890                scalbn
 .text.__errno  0x000000000800699c        0xc c:/st/stm32cubeide_1.10.1/stm32cubeide/plugins/com.st.stm32cube.ide.mcu.externaltools.gnu-tools-for-stm32.10.3-2021.10.win32_1.0.0.202111181127/tools/bin/../lib/gcc/arm-none-eabi/10.3.1/../../../../arm-none-eabi/lib/thumb/v7e-m+fp/hard\libc_nano.a(lib_a-errno.o)
                0x000000000800699c                __errno
 *(.glue_7)
 .glue_7        0x00000000080069a8        0x0 linker stubs
 *(.glue_7t)
 .glue_7t       0x00000000080069a8        0x0 linker stubs
 *(.eh_frame)
 .eh_frame      0x00000000080069a8        0x0 c:/st/stm32cubeide_1.10.1/stm32cubeide/plugins/com.st.stm32cube.ide.mcu.externaltools.gnu-tools-for-stm32.10.3-2021.10.win32_1.0.0.202111181127/tools/bin/../lib/gcc/arm-none-eabi/10.3.1/thumb/v7e-m+fp/hard/crtbegin.o
 *(.init)
 .init          0x00000000080069a8        0x4 c:/st/stm32cubeide_1.10.1/stm32cubeide/plugins/com.st.stm32cube.ide.mcu.externaltools.gnu-tools-for-stm32.10.3-2021.10.win32_1.0.0.202111181127/tools/bin/../lib/gcc/arm-none-eabi/10.3.1/thumb/v7e-m+fp/hard/crti.o
                0x00000000080069a8                _init
 .init          0x00000000080069ac        0x8 c:/st/stm32cubeide_1.10.1/stm32cubeide/plugins/com.st.stm32cube.ide.mcu.externaltools.gnu-tools-for-stm32.10.3-2021.10.win32_1.0.0.202111181127/tools/bin/../lib/gcc/arm-none-eabi/10.3.1/thumb/v7e-m+fp/hard/crtn.o
 *(.fini)
 .fini          0x00000000080069b4        0x4 c:/st/stm32cubeide_1.10.1/stm32cubeide/plugins/com.st.stm32cube.ide.mcu.externaltools.gnu-tools-for-stm32.10.3-2021.10.win32_1.0.0.202111181127/tools/bin/../lib/gcc/arm-none-eabi/10.3.1/thumb/v7e-m+fp/hard/crti.o
                0x00000000080069b4                _fini
 .fini          0x00000000080069b8        0x8 c:/st/stm32cubeide_1.10.1/stm32cubeide/plugins/com.st.stm32cube.ide.mcu.externaltools.gnu-tools-for-stm32.10.3-2021.10.win32_1.0.0.202111181127/tools/bin/../lib/gcc/arm-none-eabi/10.3.1/thumb/v7e-m+fp/hard/crtn.o
                0x00000000080069c0                . = ALIGN (0x4)
                0x00000000080069c0                _etext = .

.vfp11_veneer   0x00000000080069c0        0x0
 .vfp11_veneer  0x00000000080069c0        0x0 linker stubs

.v4_bx          0x00000000080069c0        0x0
 .v4_bx         0x00000000080069c0        0x0 linker stubs

.iplt           0x00000000080069c0        0x0
 .iplt          0x00000000080069c0        0x0 c:/st/stm32cubeide_1.10.1/stm32cubeide/plugins/com.st.stm32cube.ide.mcu.externaltools.gnu-tools-for-stm32.10.3-2021.10.win32_1.0.0.202111181127/tools/bin/../lib/gcc/arm-none-eabi/10.3.1/thumb/v7e-m+fp/hard/crtbegin.o

.rodata         0x00000000080069c0       0xb8
                0x00000000080069c0                . = ALIGN (0x4)
 *(.rodata)
 *(.rodata*)
 .rodata.AHBPrescTable
                0x00000000080069c0       0x10 ./Core/Src/system_stm32l4xx.o
                0x00000000080069c0                AHBPrescTable
 .rodata.APBPrescTable
                0x00000000080069d0        0x8 ./Core/Src/system_stm32l4xx.o
                0x00000000080069d0                APBPrescTable
 .rodata.MSIRangeTable
                0x00000000080069d8       0x30 ./Core/Src/system_stm32l4xx.o
                0x00000000080069d8                MSIRangeTable
 .rodata.atanhi
                0x0000000008006a08       0x20 c:/st/stm32cubeide_1.10.1/stm32cubeide/plugins/com.st.stm32cube.ide.mcu.externaltools.gnu-tools-for-stm32.10.3-2021.10.win32_1.0.0.202111181127/tools/bin/../lib/gcc/arm-none-eabi/10.3.1/../../../../arm-none-eabi/lib/thumb/v7e-m+fp/hard\libm.a(lib_a-s_atan.o)
 .rodata.atanlo
                0x0000000008006a28       0x20 c:/st/stm32cubeide_1.10.1/stm32cubeide/plugins/com.st.stm32cube.ide.mcu.externaltools.gnu-tools-for-stm32.10.3-2021.10.win32_1.0.0.202111181127/tools/bin/../lib/gcc/arm-none-eabi/10.3.1/../../../../arm-none-eabi/lib/thumb/v7e-m+fp/hard\libm.a(lib_a-s_atan.o)
 .rodata.bp     0x0000000008006a48       0x10 c:/st/stm32cubeide_1.10.1/stm32cubeide/plugins/com.st.stm32cube.ide.mcu.externaltools.gnu-tools-for-stm32.10.3-2021.10.win32_1.0.0.202111181127/tools/bin/../lib/gcc/arm-none-eabi/10.3.1/../../../../arm-none-eabi/lib/thumb/v7e-m+fp/hard\libm.a(lib_a-e_pow.o)
 .rodata.dp_h   0x0000000008006a58       0x10 c:/st/stm32cubeide_1.10.1/stm32cubeide/plugins/com.st.stm32cube.ide.mcu.externaltools.gnu-tools-for-stm32.10.3-2021.10.win32_1.0.0.202111181127/tools/bin/../lib/gcc/arm-none-eabi/10.3.1/../../../../arm-none-eabi/lib/thumb/v7e-m+fp/hard\libm.a(lib_a-e_pow.o)
 .rodata.dp_l   0x0000000008006a68       0x10 c:/st/stm32cubeide_1.10.1/stm32cubeide/plugins/com.st.stm32cube.ide.mcu.externaltools.gnu-tools-for-stm32.10.3-2021.10.win32_1.0.0.202111181127/tools/bin/../lib/gcc/arm-none-eabi/10.3.1/../../../../arm-none-eabi/lib/thumb/v7e-m+fp/hard\libm.a(lib_a-e_pow.o)
                0x0000000008006a78                . = ALIGN (0x4)

.rel.dyn        0x0000000008006a78        0x0
 .rel.iplt      0x0000000008006a78        0x0 c:/st/stm32cubeide_1.10.1/stm32cubeide/plugins/com.st.stm32cube.ide.mcu.externaltools.gnu-tools-for-stm32.10.3-2021.10.win32_1.0.0.202111181127/tools/bin/../lib/gcc/arm-none-eabi/10.3.1/thumb/v7e-m+fp/hard/crtbegin.o

.ARM.extab      0x0000000008006a78        0x0
                0x0000000008006a78                . = ALIGN (0x4)
 *(.ARM.extab* .gnu.linkonce.armextab.*)
                0x0000000008006a78                . = ALIGN (0x4)

.ARM            0x0000000008006a78        0x0
                0x0000000008006a78                . = ALIGN (0x4)
                0x0000000008006a78                __exidx_start = .
 *(.ARM.exidx*)
                0x0000000008006a78                __exidx_end = .
                0x0000000008006a78                . = ALIGN (0x4)

.preinit_array  0x0000000008006a78        0x0
                0x0000000008006a78                . = ALIGN (0x4)
                0x0000000008006a78                PROVIDE (__preinit_array_start = .)
 *(.preinit_array*)
                0x0000000008006a78                PROVIDE (__preinit_array_end = .)
                0x0000000008006a78                . = ALIGN (0x4)

.init_array     0x0000000008006a78        0x4
                0x0000000008006a78                . = ALIGN (0x4)
                0x0000000008006a78                PROVIDE (__init_array_start = .)
 *(SORT_BY_NAME(.init_array.*))
 *(.init_array*)
 .init_array    0x0000000008006a78        0x4 c:/st/stm32cubeide_1.10.1/stm32cubeide/plugins/com.st.stm32cube.ide.mcu.externaltools.gnu-tools-for-stm32.10.3-2021.10.win32_1.0.0.202111181127/tools/bin/../lib/gcc/arm-none-eabi/10.3.1/thumb/v7e-m+fp/hard/crtbegin.o
                0x0000000008006a7c                PROVIDE (__init_array_end = .)
                0x0000000008006a7c                . = ALIGN (0x4)

.fini_array     0x0000000008006a7c        0x4
                0x0000000008006a7c                . = ALIGN (0x4)
                [!provide]                        PROVIDE (__fini_array_start = .)
 *(SORT_BY_NAME(.fini_array.*))
 *(.fini_array*)
 .fini_array    0x0000000008006a7c        0x4 c:/st/stm32cubeide_1.10.1/stm32cubeide/plugins/com.st.stm32cube.ide.mcu.externaltools.gnu-tools-for-stm32.10.3-2021.10.win32_1.0.0.202111181127/tools/bin/../lib/gcc/arm-none-eabi/10.3.1/thumb/v7e-m+fp/hard/crtbegin.o
                [!provide]                        PROVIDE (__fini_array_end = .)
                0x0000000008006a80                . = ALIGN (0x4)
                0x0000000008006a80                _sidata = LOADADDR (.data)

.data           0x0000000020000000       0x80 load address 0x0000000008006a80
                0x0000000020000000                . = ALIGN (0x4)
                0x0000000020000000                _sdata = .
 *(.data)
 *(.data*)
 .data.CAN_ID   0x0000000020000000        0x2 ./Core/Src/prosthesis_control.o
                0x0000000020000000                CAN_ID
 *fill*         0x0000000020000002        0x2 
 .data.dt       0x0000000020000004        0x4 ./Core/Src/prosthesis_control.o
                0x0000000020000004                dt
 .data.isFirst  0x0000000020000008        0x1 ./Core/Src/prosthesis_control.o
                0x0000000020000008                isFirst
 *fill*         0x0000000020000009        0x3 
 .data.encBias  0x000000002000000c        0x4 ./Core/Src/prosthesis_control.o
                0x000000002000000c                encBias
 .data.SystemCoreClock
                0x0000000020000010        0x4 ./Core/Src/system_stm32l4xx.o
                0x0000000020000010                SystemCoreClock
 .data.accelSensitivity
                0x0000000020000014        0x4 ./Drivers/MPU-9255/mpu925x_spi.o
                0x0000000020000014                accelSensitivity
 .data.gyroSensitivity
                0x0000000020000018        0x4 ./Drivers/MPU-9255/mpu925x_spi.o
                0x0000000020000018                gyroSensitivity
 .data._impure_ptr
                0x000000002000001c        0x4 c:/st/stm32cubeide_1.10.1/stm32cubeide/plugins/com.st.stm32cube.ide.mcu.externaltools.gnu-tools-for-stm32.10.3-2021.10.win32_1.0.0.202111181127/tools/bin/../lib/gcc/arm-none-eabi/10.3.1/../../../../arm-none-eabi/lib/thumb/v7e-m+fp/hard\libc_nano.a(lib_a-impure.o)
                0x000000002000001c                _impure_ptr
 .data.impure_data
                0x0000000020000020       0x60 c:/st/stm32cubeide_1.10.1/stm32cubeide/plugins/com.st.stm32cube.ide.mcu.externaltools.gnu-tools-for-stm32.10.3-2021.10.win32_1.0.0.202111181127/tools/bin/../lib/gcc/arm-none-eabi/10.3.1/../../../../arm-none-eabi/lib/thumb/v7e-m+fp/hard\libc_nano.a(lib_a-impure.o)
 *(.RamFunc)
 *(.RamFunc*)
                0x0000000020000080                . = ALIGN (0x4)
                0x0000000020000080                _edata = .

.igot.plt       0x0000000020000080        0x0 load address 0x0000000008006b00
 .igot.plt      0x0000000020000080        0x0 c:/st/stm32cubeide_1.10.1/stm32cubeide/plugins/com.st.stm32cube.ide.mcu.externaltools.gnu-tools-for-stm32.10.3-2021.10.win32_1.0.0.202111181127/tools/bin/../lib/gcc/arm-none-eabi/10.3.1/thumb/v7e-m+fp/hard/crtbegin.o
                0x0000000020000080                . = ALIGN (0x4)

.bss            0x0000000020000080      0x520 load address 0x0000000008006b00
                0x0000000020000080                _sbss = .
                0x0000000020000080                __bss_start__ = _sbss
 *(.bss)
 .bss           0x0000000020000080       0x1c c:/st/stm32cubeide_1.10.1/stm32cubeide/plugins/com.st.stm32cube.ide.mcu.externaltools.gnu-tools-for-stm32.10.3-2021.10.win32_1.0.0.202111181127/tools/bin/../lib/gcc/arm-none-eabi/10.3.1/thumb/v7e-m+fp/hard/crtbegin.o
 *(.bss*)
 .bss.isProsthesisControlRequired
                0x000000002000009c        0x1 ./Core/Src/prosthesis_control.o
                0x000000002000009c                isProsthesisControlRequired
 .bss.testProgram
                0x000000002000009d        0x1 ./Core/Src/prosthesis_control.o
 *fill*         0x000000002000009e        0x2 
 .bss.ProsCtrl  0x00000000200000a0        0xc ./Core/Src/prosthesis_control.o
                0x00000000200000a0                ProsCtrl
 *fill*         0x00000000200000ac        0x4 
 .bss.IMUData   0x00000000200000b0       0x30 ./Core/Src/prosthesis_control.o
                0x00000000200000b0                IMUData
 .bss.isSecond  0x00000000200000e0        0x1 ./Core/Src/prosthesis_control.o
                0x00000000200000e0                isSecond
 .bss.isTestProgramRequired
                0x00000000200000e1        0x1 ./Core/Src/prosthesis_control.o
                0x00000000200000e1                isTestProgramRequired
 *fill*         0x00000000200000e2        0x6 
 .bss.CM_limbAngle
                0x00000000200000e8        0x8 ./Core/Src/prosthesis_control.o
                0x00000000200000e8                CM_limbAngle
 .bss.CM_jointAngle
                0x00000000200000f0       0x10 ./Core/Src/prosthesis_control.o
                0x00000000200000f0                CM_jointAngle
 .bss.CM_jointSpeed
                0x0000000020000100        0x8 ./Core/Src/prosthesis_control.o
                0x0000000020000100                CM_jointSpeed
 .bss.CM_jointTorque
                0x0000000020000108        0x4 ./Core/Src/prosthesis_control.o
                0x0000000020000108                CM_jointTorque
 .bss.CM_lcBot_staticUpperLimit
                0x000000002000010c        0x4 ./Core/Src/prosthesis_control.o
                0x000000002000010c                CM_lcBot_staticUpperLimit
 .bss.CM_lcTop_staticUpperLimit
                0x0000000020000110        0x4 ./Core/Src/prosthesis_control.o
                0x0000000020000110                CM_lcTop_staticUpperLimit
 .bss.CM_ImpCtrl
                0x0000000020000114        0xc ./Core/Src/prosthesis_control.o
                0x0000000020000114                CM_ImpCtrl
 .bss.CM_StanceCtrl
                0x0000000020000120        0xc ./Core/Src/prosthesis_control.o
                0x0000000020000120                CM_StanceCtrl
 .bss.CM_SwingFlexCtrl
                0x000000002000012c        0xc ./Core/Src/prosthesis_control.o
                0x000000002000012c                CM_SwingFlexCtrl
 .bss.CM_SwingExtCtrl
                0x0000000020000138        0xc ./Core/Src/prosthesis_control.o
                0x0000000020000138                CM_SwingExtCtrl
 *fill*         0x0000000020000144        0x4 
 .bss.CM_IMUData
                0x0000000020000148       0x30 ./Core/Src/prosthesis_control.o
                0x0000000020000148                CM_IMUData
 .bss.CM_LoadCell
                0x0000000020000178       0x90 ./Core/Src/prosthesis_control.o
                0x0000000020000178                CM_LoadCell
 .bss.CM_LoadCell_Filtered
                0x0000000020000208       0x90 ./Core/Src/prosthesis_control.o
                0x0000000020000208                CM_LoadCell_Filtered
 .bss.CM_magEncBias
                0x0000000020000298        0x2 ./Core/Src/prosthesis_control.o
                0x0000000020000298                CM_magEncBias
 .bss.CM_state  0x000000002000029a        0x2 ./Core/Src/prosthesis_control.o
                0x000000002000029a                CM_state
 *fill*         0x000000002000029c        0x4 
 .bss.dGyroAngle.2
                0x00000000200002a0        0x8 ./Core/Src/prosthesis_control.o
 .bss.compFiltAngle.1
                0x00000000200002a8        0x8 ./Core/Src/prosthesis_control.o
 .bss.state.0   0x00000000200002b0        0x1 ./Core/Src/prosthesis_control.o
 *fill*         0x00000000200002b1        0x3 
 .bss.appTimer  0x00000000200002b4       0x54 ./Core/Src/systick_app_timer.o
 .bss.AS5145B   0x0000000020000308       0x14 ./Drivers/AS5145B/as5145b.o
 .bss.can_tranceiver
                0x000000002000031c      0x276 ./Drivers/MCP25625/mcp25625.o
 *fill*         0x0000000020000592        0x2 
 .bss.mpu925x   0x0000000020000594        0xc ./Drivers/MPU-9255/mpu925x_spi.o
                0x0000000020000594                mpu925x
 *(COMMON)
                0x00000000200005a0                . = ALIGN (0x4)
                0x00000000200005a0                _ebss = .
                0x00000000200005a0                __bss_end__ = _ebss

._user_heap_stack
                0x00000000200005a0      0x600 load address 0x0000000008006b00
                0x00000000200005a0                . = ALIGN (0x8)
                [!provide]                        PROVIDE (end = .)
                [!provide]                        PROVIDE (_end = .)
                0x00000000200007a0                . = (. + _Min_Heap_Size)
 *fill*         0x00000000200005a0      0x200 
                0x0000000020000ba0                . = (. + _Min_Stack_Size)
 *fill*         0x00000000200007a0      0x400 
                0x0000000020000ba0                . = ALIGN (0x8)

/DISCARD/
 libc.a(*)
 libm.a(*)
 libgcc.a(*)

.ARM.attributes
                0x0000000000000000       0x30
 *(.ARM.attributes)
 .ARM.attributes
                0x0000000000000000       0x1e c:/st/stm32cubeide_1.10.1/stm32cubeide/plugins/com.st.stm32cube.ide.mcu.externaltools.gnu-tools-for-stm32.10.3-2021.10.win32_1.0.0.202111181127/tools/bin/../lib/gcc/arm-none-eabi/10.3.1/thumb/v7e-m+fp/hard/crti.o
 .ARM.attributes
                0x000000000000001e       0x34 c:/st/stm32cubeide_1.10.1/stm32cubeide/plugins/com.st.stm32cube.ide.mcu.externaltools.gnu-tools-for-stm32.10.3-2021.10.win32_1.0.0.202111181127/tools/bin/../lib/gcc/arm-none-eabi/10.3.1/thumb/v7e-m+fp/hard/crtbegin.o
 .ARM.attributes
                0x0000000000000052       0x34 ./Core/Src/adc.o
 .ARM.attributes
                0x0000000000000086       0x34 ./Core/Src/gpio.o
 .ARM.attributes
                0x00000000000000ba       0x34 ./Core/Src/lptim.o
 .ARM.attributes
                0x00000000000000ee       0x34 ./Core/Src/main.o
 .ARM.attributes
                0x0000000000000122       0x34 ./Core/Src/prosthesis_control.o
 .ARM.attributes
                0x0000000000000156       0x34 ./Core/Src/spi.o
 .ARM.attributes
                0x000000000000018a       0x34 ./Core/Src/stm32l4xx_it.o
 .ARM.attributes
                0x00000000000001be       0x34 ./Core/Src/system_stm32l4xx.o
 .ARM.attributes
                0x00000000000001f2       0x34 ./Core/Src/systick_app_timer.o
 .ARM.attributes
                0x0000000000000226       0x34 ./Core/Src/usart.o
 .ARM.attributes
                0x000000000000025a       0x21 ./Core/Startup/startup_stm32l476rgtx.o
 .ARM.attributes
                0x000000000000027b       0x34 ./Drivers/AS5145B/as5145b.o
 .ARM.attributes
                0x00000000000002af       0x34 ./Drivers/EPOS4/EPOS4.o
 .ARM.attributes
                0x00000000000002e3       0x34 ./Drivers/MCP25625/mcp25625.o
 .ARM.attributes
                0x0000000000000317       0x34 ./Drivers/MPU-9255/mpu925x_spi.o
 .ARM.attributes
                0x000000000000034b       0x34 ./Drivers/STM32L4xx_HAL_Driver/Src/stm32l4xx_ll_adc.o
 .ARM.attributes
                0x000000000000037f       0x34 ./Drivers/STM32L4xx_HAL_Driver/Src/stm32l4xx_ll_exti.o
 .ARM.attributes
                0x00000000000003b3       0x34 ./Drivers/STM32L4xx_HAL_Driver/Src/stm32l4xx_ll_gpio.o
 .ARM.attributes
                0x00000000000003e7       0x34 ./Drivers/STM32L4xx_HAL_Driver/Src/stm32l4xx_ll_rcc.o
 .ARM.attributes
                0x000000000000041b       0x34 ./Drivers/STM32L4xx_HAL_Driver/Src/stm32l4xx_ll_spi.o
 .ARM.attributes
                0x000000000000044f       0x34 ./Drivers/STM32L4xx_HAL_Driver/Src/stm32l4xx_ll_usart.o
 .ARM.attributes
                0x0000000000000483       0x34 ./Drivers/STM32L4xx_HAL_Driver/Src/stm32l4xx_ll_utils.o
 .ARM.attributes
                0x00000000000004b7       0x34 c:/st/stm32cubeide_1.10.1/stm32cubeide/plugins/com.st.stm32cube.ide.mcu.externaltools.gnu-tools-for-stm32.10.3-2021.10.win32_1.0.0.202111181127/tools/bin/../lib/gcc/arm-none-eabi/10.3.1/../../../../arm-none-eabi/lib/thumb/v7e-m+fp/hard\libc_nano.a(lib_a-impure.o)
 .ARM.attributes
                0x00000000000004eb       0x34 c:/st/stm32cubeide_1.10.1/stm32cubeide/plugins/com.st.stm32cube.ide.mcu.externaltools.gnu-tools-for-stm32.10.3-2021.10.win32_1.0.0.202111181127/tools/bin/../lib/gcc/arm-none-eabi/10.3.1/../../../../arm-none-eabi/lib/thumb/v7e-m+fp/hard\libc_nano.a(lib_a-init.o)
 .ARM.attributes
                0x000000000000051f       0x34 c:/st/stm32cubeide_1.10.1/stm32cubeide/plugins/com.st.stm32cube.ide.mcu.externaltools.gnu-tools-for-stm32.10.3-2021.10.win32_1.0.0.202111181127/tools/bin/../lib/gcc/arm-none-eabi/10.3.1/../../../../arm-none-eabi/lib/thumb/v7e-m+fp/hard\libc_nano.a(lib_a-memcpy-stub.o)
 .ARM.attributes
                0x0000000000000553       0x34 c:/st/stm32cubeide_1.10.1/stm32cubeide/plugins/com.st.stm32cube.ide.mcu.externaltools.gnu-tools-for-stm32.10.3-2021.10.win32_1.0.0.202111181127/tools/bin/../lib/gcc/arm-none-eabi/10.3.1/../../../../arm-none-eabi/lib/thumb/v7e-m+fp/hard\libc_nano.a(lib_a-memset.o)
 .ARM.attributes
                0x0000000000000587       0x34 c:/st/stm32cubeide_1.10.1/stm32cubeide/plugins/com.st.stm32cube.ide.mcu.externaltools.gnu-tools-for-stm32.10.3-2021.10.win32_1.0.0.202111181127/tools/bin/../lib/gcc/arm-none-eabi/10.3.1/../../../../arm-none-eabi/lib/thumb/v7e-m+fp/hard\libm.a(lib_a-s_atan.o)
 .ARM.attributes
                0x00000000000005bb       0x34 c:/st/stm32cubeide_1.10.1/stm32cubeide/plugins/com.st.stm32cube.ide.mcu.externaltools.gnu-tools-for-stm32.10.3-2021.10.win32_1.0.0.202111181127/tools/bin/../lib/gcc/arm-none-eabi/10.3.1/../../../../arm-none-eabi/lib/thumb/v7e-m+fp/hard\libm.a(lib_a-s_fabs.o)
 .ARM.attributes
                0x00000000000005ef       0x34 c:/st/stm32cubeide_1.10.1/stm32cubeide/plugins/com.st.stm32cube.ide.mcu.externaltools.gnu-tools-for-stm32.10.3-2021.10.win32_1.0.0.202111181127/tools/bin/../lib/gcc/arm-none-eabi/10.3.1/../../../../arm-none-eabi/lib/thumb/v7e-m+fp/hard\libm.a(lib_a-w_pow.o)
 .ARM.attributes
                0x0000000000000623       0x34 c:/st/stm32cubeide_1.10.1/stm32cubeide/plugins/com.st.stm32cube.ide.mcu.externaltools.gnu-tools-for-stm32.10.3-2021.10.win32_1.0.0.202111181127/tools/bin/../lib/gcc/arm-none-eabi/10.3.1/../../../../arm-none-eabi/lib/thumb/v7e-m+fp/hard\libm.a(lib_a-w_sqrt.o)
 .ARM.attributes
                0x0000000000000657       0x34 c:/st/stm32cubeide_1.10.1/stm32cubeide/plugins/com.st.stm32cube.ide.mcu.externaltools.gnu-tools-for-stm32.10.3-2021.10.win32_1.0.0.202111181127/tools/bin/../lib/gcc/arm-none-eabi/10.3.1/../../../../arm-none-eabi/lib/thumb/v7e-m+fp/hard\libm.a(lib_a-e_pow.o)
 .ARM.attributes
                0x000000000000068b       0x34 c:/st/stm32cubeide_1.10.1/stm32cubeide/plugins/com.st.stm32cube.ide.mcu.externaltools.gnu-tools-for-stm32.10.3-2021.10.win32_1.0.0.202111181127/tools/bin/../lib/gcc/arm-none-eabi/10.3.1/../../../../arm-none-eabi/lib/thumb/v7e-m+fp/hard\libm.a(lib_a-e_sqrt.o)
 .ARM.attributes
                0x00000000000006bf       0x34 c:/st/stm32cubeide_1.10.1/stm32cubeide/plugins/com.st.stm32cube.ide.mcu.externaltools.gnu-tools-for-stm32.10.3-2021.10.win32_1.0.0.202111181127/tools/bin/../lib/gcc/arm-none-eabi/10.3.1/../../../../arm-none-eabi/lib/thumb/v7e-m+fp/hard\libm.a(lib_a-math_err.o)
 .ARM.attributes
                0x00000000000006f3       0x34 c:/st/stm32cubeide_1.10.1/stm32cubeide/plugins/com.st.stm32cube.ide.mcu.externaltools.gnu-tools-for-stm32.10.3-2021.10.win32_1.0.0.202111181127/tools/bin/../lib/gcc/arm-none-eabi/10.3.1/../../../../arm-none-eabi/lib/thumb/v7e-m+fp/hard\libm.a(lib_a-s_finite.o)
 .ARM.attributes
                0x0000000000000727       0x34 c:/st/stm32cubeide_1.10.1/stm32cubeide/plugins/com.st.stm32cube.ide.mcu.externaltools.gnu-tools-for-stm32.10.3-2021.10.win32_1.0.0.202111181127/tools/bin/../lib/gcc/arm-none-eabi/10.3.1/../../../../arm-none-eabi/lib/thumb/v7e-m+fp/hard\libm.a(lib_a-s_scalbn.o)
 .ARM.attributes
                0x000000000000075b       0x34 c:/st/stm32cubeide_1.10.1/stm32cubeide/plugins/com.st.stm32cube.ide.mcu.externaltools.gnu-tools-for-stm32.10.3-2021.10.win32_1.0.0.202111181127/tools/bin/../lib/gcc/arm-none-eabi/10.3.1/../../../../arm-none-eabi/lib/thumb/v7e-m+fp/hard\libc_nano.a(lib_a-errno.o)
 .ARM.attributes
                0x000000000000078f       0x1e c:/st/stm32cubeide_1.10.1/stm32cubeide/plugins/com.st.stm32cube.ide.mcu.externaltools.gnu-tools-for-stm32.10.3-2021.10.win32_1.0.0.202111181127/tools/bin/../lib/gcc/arm-none-eabi/10.3.1/thumb/v7e-m+fp/hard\libgcc.a(_arm_addsubdf3.o)
 .ARM.attributes
                0x00000000000007ad       0x1e c:/st/stm32cubeide_1.10.1/stm32cubeide/plugins/com.st.stm32cube.ide.mcu.externaltools.gnu-tools-for-stm32.10.3-2021.10.win32_1.0.0.202111181127/tools/bin/../lib/gcc/arm-none-eabi/10.3.1/thumb/v7e-m+fp/hard\libgcc.a(_arm_muldivdf3.o)
 .ARM.attributes
                0x00000000000007cb       0x1e c:/st/stm32cubeide_1.10.1/stm32cubeide/plugins/com.st.stm32cube.ide.mcu.externaltools.gnu-tools-for-stm32.10.3-2021.10.win32_1.0.0.202111181127/tools/bin/../lib/gcc/arm-none-eabi/10.3.1/thumb/v7e-m+fp/hard\libgcc.a(_arm_cmpdf2.o)
 .ARM.attributes
                0x00000000000007e9       0x1e c:/st/stm32cubeide_1.10.1/stm32cubeide/plugins/com.st.stm32cube.ide.mcu.externaltools.gnu-tools-for-stm32.10.3-2021.10.win32_1.0.0.202111181127/tools/bin/../lib/gcc/arm-none-eabi/10.3.1/thumb/v7e-m+fp/hard\libgcc.a(_arm_unorddf2.o)
 .ARM.attributes
                0x0000000000000807       0x1e c:/st/stm32cubeide_1.10.1/stm32cubeide/plugins/com.st.stm32cube.ide.mcu.externaltools.gnu-tools-for-stm32.10.3-2021.10.win32_1.0.0.202111181127/tools/bin/../lib/gcc/arm-none-eabi/10.3.1/thumb/v7e-m+fp/hard\libgcc.a(_arm_truncdfsf2.o)
 .ARM.attributes
                0x0000000000000825       0x1e c:/st/stm32cubeide_1.10.1/stm32cubeide/plugins/com.st.stm32cube.ide.mcu.externaltools.gnu-tools-for-stm32.10.3-2021.10.win32_1.0.0.202111181127/tools/bin/../lib/gcc/arm-none-eabi/10.3.1/thumb/v7e-m+fp/hard/crtn.o
OUTPUT(prosthesis_knee.elf elf32-littlearm)
LOAD linker stubs
LOAD c:/st/stm32cubeide_1.10.1/stm32cubeide/plugins/com.st.stm32cube.ide.mcu.externaltools.gnu-tools-for-stm32.10.3-2021.10.win32_1.0.0.202111181127/tools/bin/../lib/gcc/arm-none-eabi/10.3.1/../../../../arm-none-eabi/lib/thumb/v7e-m+fp/hard\libc.a
LOAD c:/st/stm32cubeide_1.10.1/stm32cubeide/plugins/com.st.stm32cube.ide.mcu.externaltools.gnu-tools-for-stm32.10.3-2021.10.win32_1.0.0.202111181127/tools/bin/../lib/gcc/arm-none-eabi/10.3.1/../../../../arm-none-eabi/lib/thumb/v7e-m+fp/hard\libm.a
LOAD c:/st/stm32cubeide_1.10.1/stm32cubeide/plugins/com.st.stm32cube.ide.mcu.externaltools.gnu-tools-for-stm32.10.3-2021.10.win32_1.0.0.202111181127/tools/bin/../lib/gcc/arm-none-eabi/10.3.1/thumb/v7e-m+fp/hard\libgcc.a

.debug_info     0x0000000000000000     0xb97a
 .debug_info    0x0000000000000000      0xb21 ./Core/Src/adc.o
 .debug_info    0x0000000000000b21      0x89e ./Core/Src/gpio.o
 .debug_info    0x00000000000013bf      0xbaf ./Core/Src/lptim.o
 .debug_info    0x0000000000001f6e     0x12b6 ./Core/Src/main.o
 .debug_info    0x0000000000003224      0xaa0 ./Core/Src/prosthesis_control.o
 .debug_info    0x0000000000003cc4      0x71e ./Core/Src/spi.o
 .debug_info    0x00000000000043e2      0x298 ./Core/Src/stm32l4xx_it.o
 .debug_info    0x000000000000467a      0x5bf ./Core/Src/system_stm32l4xx.o
 .debug_info    0x0000000000004c39      0x335 ./Core/Src/systick_app_timer.o
 .debug_info    0x0000000000004f6e      0x734 ./Core/Src/usart.o
 .debug_info    0x00000000000056a2       0x22 ./Core/Startup/startup_stm32l476rgtx.o
 .debug_info    0x00000000000056c4      0x531 ./Drivers/AS5145B/as5145b.o
 .debug_info    0x0000000000005bf5      0x2c1 ./Drivers/EPOS4/EPOS4.o
 .debug_info    0x0000000000005eb6      0xe8c ./Drivers/MCP25625/mcp25625.o
 .debug_info    0x0000000000006d42      0x7af ./Drivers/MPU-9255/mpu925x_spi.o
 .debug_info    0x00000000000074f1      0xb94 ./Drivers/STM32L4xx_HAL_Driver/Src/stm32l4xx_ll_adc.o
 .debug_info    0x0000000000008085      0x513 ./Drivers/STM32L4xx_HAL_Driver/Src/stm32l4xx_ll_exti.o
 .debug_info    0x0000000000008598      0xa01 ./Drivers/STM32L4xx_HAL_Driver/Src/stm32l4xx_ll_gpio.o
 .debug_info    0x0000000000008f99      0xf50 ./Drivers/STM32L4xx_HAL_Driver/Src/stm32l4xx_ll_rcc.o
 .debug_info    0x0000000000009ee9      0x5f4 ./Drivers/STM32L4xx_HAL_Driver/Src/stm32l4xx_ll_spi.o
 .debug_info    0x000000000000a4dd      0x806 ./Drivers/STM32L4xx_HAL_Driver/Src/stm32l4xx_ll_usart.o
 .debug_info    0x000000000000ace3      0xc97 ./Drivers/STM32L4xx_HAL_Driver/Src/stm32l4xx_ll_utils.o

.debug_abbrev   0x0000000000000000     0x26b5
 .debug_abbrev  0x0000000000000000      0x1a4 ./Core/Src/adc.o
 .debug_abbrev  0x00000000000001a4      0x206 ./Core/Src/gpio.o
 .debug_abbrev  0x00000000000003aa      0x1b2 ./Core/Src/lptim.o
 .debug_abbrev  0x000000000000055c      0x289 ./Core/Src/main.o
 .debug_abbrev  0x00000000000007e5      0x2da ./Core/Src/prosthesis_control.o
 .debug_abbrev  0x0000000000000abf      0x191 ./Core/Src/spi.o
 .debug_abbrev  0x0000000000000c50      0x15c ./Core/Src/stm32l4xx_it.o
 .debug_abbrev  0x0000000000000dac      0x116 ./Core/Src/system_stm32l4xx.o
 .debug_abbrev  0x0000000000000ec2      0x17f ./Core/Src/systick_app_timer.o
 .debug_abbrev  0x0000000000001041      0x191 ./Core/Src/usart.o
 .debug_abbrev  0x00000000000011d2       0x12 ./Core/Startup/startup_stm32l476rgtx.o
 .debug_abbrev  0x00000000000011e4      0x1d9 ./Drivers/AS5145B/as5145b.o
 .debug_abbrev  0x00000000000013bd      0x110 ./Drivers/EPOS4/EPOS4.o
 .debug_abbrev  0x00000000000014cd      0x2e5 ./Drivers/MCP25625/mcp25625.o
 .debug_abbrev  0x00000000000017b2      0x226 ./Drivers/MPU-9255/mpu925x_spi.o
 .debug_abbrev  0x00000000000019d8      0x195 ./Drivers/STM32L4xx_HAL_Driver/Src/stm32l4xx_ll_adc.o
 .debug_abbrev  0x0000000000001b6d      0x183 ./Drivers/STM32L4xx_HAL_Driver/Src/stm32l4xx_ll_exti.o
 .debug_abbrev  0x0000000000001cf0      0x223 ./Drivers/STM32L4xx_HAL_Driver/Src/stm32l4xx_ll_gpio.o
 .debug_abbrev  0x0000000000001f13      0x214 ./Drivers/STM32L4xx_HAL_Driver/Src/stm32l4xx_ll_rcc.o
 .debug_abbrev  0x0000000000002127      0x17a ./Drivers/STM32L4xx_HAL_Driver/Src/stm32l4xx_ll_spi.o
 .debug_abbrev  0x00000000000022a1      0x1bd ./Drivers/STM32L4xx_HAL_Driver/Src/stm32l4xx_ll_usart.o
 .debug_abbrev  0x000000000000245e      0x257 ./Drivers/STM32L4xx_HAL_Driver/Src/stm32l4xx_ll_utils.o

.debug_aranges  0x0000000000000000      0xd68
 .debug_aranges
                0x0000000000000000       0x70 ./Core/Src/adc.o
 .debug_aranges
                0x0000000000000070       0x48 ./Core/Src/gpio.o
 .debug_aranges
                0x00000000000000b8       0x88 ./Core/Src/lptim.o
 .debug_aranges
                0x0000000000000140      0x130 ./Core/Src/main.o
 .debug_aranges
                0x0000000000000270       0x90 ./Core/Src/prosthesis_control.o
 .debug_aranges
                0x0000000000000300       0x50 ./Core/Src/spi.o
 .debug_aranges
                0x0000000000000350       0x78 ./Core/Src/stm32l4xx_it.o
 .debug_aranges
                0x00000000000003c8       0x28 ./Core/Src/system_stm32l4xx.o
 .debug_aranges
                0x00000000000003f0       0x58 ./Core/Src/systick_app_timer.o
 .debug_aranges
                0x0000000000000448       0x48 ./Core/Src/usart.o
 .debug_aranges
                0x0000000000000490       0x28 ./Core/Startup/startup_stm32l476rgtx.o
 .debug_aranges
                0x00000000000004b8       0x60 ./Drivers/AS5145B/as5145b.o
 .debug_aranges
                0x0000000000000518       0x48 ./Drivers/EPOS4/EPOS4.o
 .debug_aranges
                0x0000000000000560       0xc8 ./Drivers/MCP25625/mcp25625.o
 .debug_aranges
                0x0000000000000628       0x90 ./Drivers/MPU-9255/mpu925x_spi.o
 .debug_aranges
                0x00000000000006b8       0xe0 ./Drivers/STM32L4xx_HAL_Driver/Src/stm32l4xx_ll_adc.o
 .debug_aranges
                0x0000000000000798       0xb0 ./Drivers/STM32L4xx_HAL_Driver/Src/stm32l4xx_ll_exti.o
 .debug_aranges
                0x0000000000000848       0x70 ./Drivers/STM32L4xx_HAL_Driver/Src/stm32l4xx_ll_gpio.o
 .debug_aranges
                0x00000000000008b8      0x288 ./Drivers/STM32L4xx_HAL_Driver/Src/stm32l4xx_ll_rcc.o
 .debug_aranges
                0x0000000000000b40       0x68 ./Drivers/STM32L4xx_HAL_Driver/Src/stm32l4xx_ll_spi.o
 .debug_aranges
                0x0000000000000ba8       0x88 ./Drivers/STM32L4xx_HAL_Driver/Src/stm32l4xx_ll_usart.o
 .debug_aranges
                0x0000000000000c30      0x138 ./Drivers/STM32L4xx_HAL_Driver/Src/stm32l4xx_ll_utils.o

.debug_ranges   0x0000000000000000      0xc10
 .debug_ranges  0x0000000000000000       0x60 ./Core/Src/adc.o
 .debug_ranges  0x0000000000000060       0x38 ./Core/Src/gpio.o
 .debug_ranges  0x0000000000000098       0x78 ./Core/Src/lptim.o
 .debug_ranges  0x0000000000000110      0x120 ./Core/Src/main.o
 .debug_ranges  0x0000000000000230       0x80 ./Core/Src/prosthesis_control.o
 .debug_ranges  0x00000000000002b0       0x40 ./Core/Src/spi.o
 .debug_ranges  0x00000000000002f0       0x68 ./Core/Src/stm32l4xx_it.o
 .debug_ranges  0x0000000000000358       0x18 ./Core/Src/system_stm32l4xx.o
 .debug_ranges  0x0000000000000370       0x48 ./Core/Src/systick_app_timer.o
 .debug_ranges  0x00000000000003b8       0x38 ./Core/Src/usart.o
 .debug_ranges  0x00000000000003f0       0x20 ./Core/Startup/startup_stm32l476rgtx.o
 .debug_ranges  0x0000000000000410       0x50 ./Drivers/AS5145B/as5145b.o
 .debug_ranges  0x0000000000000460       0x38 ./Drivers/EPOS4/EPOS4.o
 .debug_ranges  0x0000000000000498       0xb8 ./Drivers/MCP25625/mcp25625.o
 .debug_ranges  0x0000000000000550       0x80 ./Drivers/MPU-9255/mpu925x_spi.o
 .debug_ranges  0x00000000000005d0       0xd0 ./Drivers/STM32L4xx_HAL_Driver/Src/stm32l4xx_ll_adc.o
 .debug_ranges  0x00000000000006a0       0xa0 ./Drivers/STM32L4xx_HAL_Driver/Src/stm32l4xx_ll_exti.o
 .debug_ranges  0x0000000000000740       0x60 ./Drivers/STM32L4xx_HAL_Driver/Src/stm32l4xx_ll_gpio.o
 .debug_ranges  0x00000000000007a0      0x278 ./Drivers/STM32L4xx_HAL_Driver/Src/stm32l4xx_ll_rcc.o
 .debug_ranges  0x0000000000000a18       0x58 ./Drivers/STM32L4xx_HAL_Driver/Src/stm32l4xx_ll_spi.o
 .debug_ranges  0x0000000000000a70       0x78 ./Drivers/STM32L4xx_HAL_Driver/Src/stm32l4xx_ll_usart.o
 .debug_ranges  0x0000000000000ae8      0x128 ./Drivers/STM32L4xx_HAL_Driver/Src/stm32l4xx_ll_utils.o

.debug_macro    0x0000000000000000    0x23fb7
 .debug_macro   0x0000000000000000      0x16c ./Core/Src/adc.o
 .debug_macro   0x000000000000016c      0xac6 ./Core/Src/adc.o
 .debug_macro   0x0000000000000c32       0x2e ./Core/Src/adc.o
 .debug_macro   0x0000000000000c60       0x28 ./Core/Src/adc.o
 .debug_macro   0x0000000000000c88       0x22 ./Core/Src/adc.o
 .debug_macro   0x0000000000000caa       0x8e ./Core/Src/adc.o
 .debug_macro   0x0000000000000d38       0x51 ./Core/Src/adc.o
 .debug_macro   0x0000000000000d89      0x103 ./Core/Src/adc.o
 .debug_macro   0x0000000000000e8c       0x6a ./Core/Src/adc.o
 .debug_macro   0x0000000000000ef6      0x1df ./Core/Src/adc.o
 .debug_macro   0x00000000000010d5       0x1c ./Core/Src/adc.o
 .debug_macro   0x00000000000010f1       0x22 ./Core/Src/adc.o
 .debug_macro   0x0000000000001113       0xfb ./Core/Src/adc.o
 .debug_macro   0x000000000000120e     0x1011 ./Core/Src/adc.o
 .debug_macro   0x000000000000221f      0x11f ./Core/Src/adc.o
 .debug_macro   0x000000000000233e    0x1a17a ./Core/Src/adc.o
 .debug_macro   0x000000000001c4b8       0x6d ./Core/Src/adc.o
 .debug_macro   0x000000000001c525      0xf84 ./Core/Src/adc.o
 .debug_macro   0x000000000001d4a9      0x1d4 ./Core/Src/adc.o
 .debug_macro   0x000000000001d67d      0x716 ./Core/Src/adc.o
 .debug_macro   0x000000000001dd93      0x1bf ./Core/Src/adc.o
 .debug_macro   0x000000000001df52      0x2f5 ./Core/Src/adc.o
 .debug_macro   0x000000000001e247      0x163 ./Core/Src/adc.o
 .debug_macro   0x000000000001e3aa      0x1a6 ./Core/Src/adc.o
 .debug_macro   0x000000000001e550       0xa7 ./Core/Src/adc.o
 .debug_macro   0x000000000001e5f7      0x20d ./Core/Src/adc.o
 .debug_macro   0x000000000001e804      0x2cb ./Core/Src/adc.o
 .debug_macro   0x000000000001eacf      0x1d2 ./Core/Src/adc.o
 .debug_macro   0x000000000001eca1      0x2f7 ./Core/Src/adc.o
 .debug_macro   0x000000000001ef98      0x169 ./Core/Src/adc.o
 .debug_macro   0x000000000001f101      0x112 ./Core/Src/adc.o
 .debug_macro   0x000000000001f213      0x16c ./Core/Src/gpio.o
 .debug_macro   0x000000000001f37f      0x16c ./Core/Src/lptim.o
 .debug_macro   0x000000000001f4eb      0x2a9 ./Core/Src/main.o
 .debug_macro   0x000000000001f794       0x10 ./Core/Src/main.o
 .debug_macro   0x000000000001f7a4       0x52 ./Core/Src/main.o
 .debug_macro   0x000000000001f7f6       0x1e ./Core/Src/main.o
 .debug_macro   0x000000000001f814       0x3c ./Core/Src/main.o
 .debug_macro   0x000000000001f850       0x34 ./Core/Src/main.o
 .debug_macro   0x000000000001f884      0x174 ./Core/Src/main.o
 .debug_macro   0x000000000001f9f8       0x16 ./Core/Src/main.o
 .debug_macro   0x000000000001fa0e       0x43 ./Core/Src/main.o
 .debug_macro   0x000000000001fa51       0x34 ./Core/Src/main.o
 .debug_macro   0x000000000001fa85       0x10 ./Core/Src/main.o
 .debug_macro   0x000000000001fa95       0x58 ./Core/Src/main.o
 .debug_macro   0x000000000001faed       0x71 ./Core/Src/main.o
 .debug_macro   0x000000000001fb5e       0x1c ./Core/Src/main.o
 .debug_macro   0x000000000001fb7a      0x12a ./Core/Src/main.o
 .debug_macro   0x000000000001fca4      0x341 ./Core/Src/main.o
 .debug_macro   0x000000000001ffe5       0x10 ./Core/Src/main.o
 .debug_macro   0x000000000001fff5       0x35 ./Core/Src/main.o
 .debug_macro   0x000000000002002a       0x20 ./Core/Src/main.o
 .debug_macro   0x000000000002004a       0xeb ./Core/Src/main.o
 .debug_macro   0x0000000000020135       0xca ./Core/Src/main.o
 .debug_macro   0x00000000000201ff       0x1c ./Core/Src/main.o
 .debug_macro   0x000000000002021b      0x294 ./Core/Src/prosthesis_control.o
 .debug_macro   0x00000000000204af      0x163 ./Core/Src/prosthesis_control.o
 .debug_macro   0x0000000000020612      0xf8a ./Core/Src/prosthesis_control.o
 .debug_macro   0x000000000002159c      0x19b ./Core/Src/prosthesis_control.o
 .debug_macro   0x0000000000021737      0x16c ./Core/Src/spi.o
 .debug_macro   0x00000000000218a3      0x17f ./Core/Src/stm32l4xx_it.o
 .debug_macro   0x0000000000021a22       0xce ./Core/Src/system_stm32l4xx.o
 .debug_macro   0x0000000000021af0      0x173 ./Core/Src/systick_app_timer.o
 .debug_macro   0x0000000000021c63       0x16 ./Core/Src/systick_app_timer.o
 .debug_macro   0x0000000000021c79       0x16 ./Core/Src/systick_app_timer.o
 .debug_macro   0x0000000000021c8f      0x10e ./Core/Src/systick_app_timer.o
 .debug_macro   0x0000000000021d9d       0x8d ./Core/Src/systick_app_timer.o
 .debug_macro   0x0000000000021e2a       0x16 ./Core/Src/systick_app_timer.o
 .debug_macro   0x0000000000021e40       0x29 ./Core/Src/systick_app_timer.o
 .debug_macro   0x0000000000021e69       0x16 ./Core/Src/systick_app_timer.o
 .debug_macro   0x0000000000021e7f      0x16c ./Core/Src/usart.o
 .debug_macro   0x0000000000021feb      0x1c0 ./Drivers/AS5145B/as5145b.o
 .debug_macro   0x00000000000221ab      0x24c ./Drivers/EPOS4/EPOS4.o
 .debug_macro   0x00000000000223f7       0x4c ./Drivers/EPOS4/EPOS4.o
 .debug_macro   0x0000000000022443       0x94 ./Drivers/EPOS4/EPOS4.o
 .debug_macro   0x00000000000224d7       0x57 ./Drivers/EPOS4/EPOS4.o
 .debug_macro   0x000000000002252e      0x248 ./Drivers/MCP25625/mcp25625.o
 .debug_macro   0x0000000000022776       0xf5 ./Drivers/MPU-9255/mpu925x_spi.o
 .debug_macro   0x000000000002286b      0x1cc ./Drivers/MPU-9255/mpu925x_spi.o
 .debug_macro   0x0000000000022a37       0xc4 ./Drivers/MPU-9255/mpu925x_spi.o
 .debug_macro   0x0000000000022afb      0x17e ./Drivers/STM32L4xx_HAL_Driver/Src/stm32l4xx_ll_adc.o
 .debug_macro   0x0000000000022c79       0xfb ./Drivers/STM32L4xx_HAL_Driver/Src/stm32l4xx_ll_exti.o
 .debug_macro   0x0000000000022d74      0x15d ./Drivers/STM32L4xx_HAL_Driver/Src/stm32l4xx_ll_exti.o
 .debug_macro   0x0000000000022ed1      0x110 ./Drivers/STM32L4xx_HAL_Driver/Src/stm32l4xx_ll_gpio.o
 .debug_macro   0x0000000000022fe1      0x12b ./Drivers/STM32L4xx_HAL_Driver/Src/stm32l4xx_ll_rcc.o
 .debug_macro   0x000000000002310c      0x710 ./Drivers/STM32L4xx_HAL_Driver/Src/stm32l4xx_ll_rcc.o
 .debug_macro   0x000000000002381c      0x12e ./Drivers/STM32L4xx_HAL_Driver/Src/stm32l4xx_ll_spi.o
 .debug_macro   0x000000000002394a      0x13d ./Drivers/STM32L4xx_HAL_Driver/Src/stm32l4xx_ll_usart.o
 .debug_macro   0x0000000000023a87      0x2f1 ./Drivers/STM32L4xx_HAL_Driver/Src/stm32l4xx_ll_usart.o
 .debug_macro   0x0000000000023d78      0x19e ./Drivers/STM32L4xx_HAL_Driver/Src/stm32l4xx_ll_utils.o
 .debug_macro   0x0000000000023f16       0xa1 ./Drivers/STM32L4xx_HAL_Driver/Src/stm32l4xx_ll_utils.o

.debug_line     0x0000000000000000     0xc0cc
 .debug_line    0x0000000000000000      0x79a ./Core/Src/adc.o
 .debug_line    0x000000000000079a      0x75d ./Core/Src/gpio.o
 .debug_line    0x0000000000000ef7      0x7b2 ./Core/Src/lptim.o
 .debug_line    0x00000000000016a9      0xcce ./Core/Src/main.o
 .debug_line    0x0000000000002377      0xe21 ./Core/Src/prosthesis_control.o
 .debug_line    0x0000000000003198      0x6fe ./Core/Src/spi.o
 .debug_line    0x0000000000003896      0x747 ./Core/Src/stm32l4xx_it.o
 .debug_line    0x0000000000003fdd      0x4fd ./Core/Src/system_stm32l4xx.o
 .debug_line    0x00000000000044da      0x762 ./Core/Src/systick_app_timer.o
 .debug_line    0x0000000000004c3c      0x6a1 ./Core/Src/usart.o
 .debug_line    0x00000000000052dd       0x88 ./Core/Startup/startup_stm32l476rgtx.o
 .debug_line    0x0000000000005365      0x852 ./Drivers/AS5145B/as5145b.o
 .debug_line    0x0000000000005bb7      0x859 ./Drivers/EPOS4/EPOS4.o
 .debug_line    0x0000000000006410      0xb2a ./Drivers/MCP25625/mcp25625.o
 .debug_line    0x0000000000006f3a      0x99a ./Drivers/MPU-9255/mpu925x_spi.o
 .debug_line    0x00000000000078d4      0x8bd ./Drivers/STM32L4xx_HAL_Driver/Src/stm32l4xx_ll_adc.o
 .debug_line    0x0000000000008191      0x707 ./Drivers/STM32L4xx_HAL_Driver/Src/stm32l4xx_ll_exti.o
 .debug_line    0x0000000000008898      0x7b0 ./Drivers/STM32L4xx_HAL_Driver/Src/stm32l4xx_ll_gpio.o
 .debug_line    0x0000000000009048     0x1853 ./Drivers/STM32L4xx_HAL_Driver/Src/stm32l4xx_ll_rcc.o
 .debug_line    0x000000000000a89b      0x60e ./Drivers/STM32L4xx_HAL_Driver/Src/stm32l4xx_ll_spi.o
 .debug_line    0x000000000000aea9      0x6f9 ./Drivers/STM32L4xx_HAL_Driver/Src/stm32l4xx_ll_usart.o
 .debug_line    0x000000000000b5a2      0xb2a ./Drivers/STM32L4xx_HAL_Driver/Src/stm32l4xx_ll_utils.o

.debug_str      0x0000000000000000    0xc1b5d
 .debug_str     0x0000000000000000    0xb5e86 ./Core/Src/adc.o
                                      0xb60a4 (size before relaxing)
 .debug_str     0x00000000000b5e86      0x140 ./Core/Src/gpio.o
                                      0xb5e58 (size before relaxing)
 .debug_str     0x00000000000b5fc6      0x675 ./Core/Src/lptim.o
                                      0xb63c6 (size before relaxing)
 .debug_str     0x00000000000b663b     0x3ed6 ./Core/Src/main.o
                                      0xb9d94 (size before relaxing)
 .debug_str     0x00000000000ba511      0xbb1 ./Core/Src/prosthesis_control.o
                                      0xba000 (size before relaxing)
 .debug_str     0x00000000000bb0c2       0xc2 ./Core/Src/spi.o
                                      0xb5e49 (size before relaxing)
 .debug_str     0x00000000000bb184      0x123 ./Core/Src/stm32l4xx_it.o
                                      0xb5c8d (size before relaxing)
 .debug_str     0x00000000000bb2a7       0x8e ./Core/Src/system_stm32l4xx.o
                                      0x9eb31 (size before relaxing)
 .debug_str     0x00000000000bb335      0x2aa ./Core/Src/systick_app_timer.o
                                       0x71b3 (size before relaxing)
 .debug_str     0x00000000000bb5df       0xe9 ./Core/Src/usart.o
                                      0xb5e55 (size before relaxing)
 .debug_str     0x00000000000bb6c8       0x36 ./Core/Startup/startup_stm32l476rgtx.o
                                         0x79 (size before relaxing)
 .debug_str     0x00000000000bb6fe       0xce ./Drivers/AS5145B/as5145b.o
                                      0xa245f (size before relaxing)
 .debug_str     0x00000000000bb7cc       0x81 ./Drivers/EPOS4/EPOS4.o
                                      0xb8f48 (size before relaxing)
 .debug_str     0x00000000000bb84d      0x3ff ./Drivers/MCP25625/mcp25625.o
                                      0xb9363 (size before relaxing)
 .debug_str     0x00000000000bbc4c      0x3b6 ./Drivers/MPU-9255/mpu925x_spi.o
                                      0xa066d (size before relaxing)
 .debug_str     0x00000000000bc002     0x2503 ./Drivers/STM32L4xx_HAL_Driver/Src/stm32l4xx_ll_adc.o
                                      0xac4b2 (size before relaxing)
 .debug_str     0x00000000000be505      0x47b ./Drivers/STM32L4xx_HAL_Driver/Src/stm32l4xx_ll_exti.o
                                      0x9f523 (size before relaxing)
 .debug_str     0x00000000000be980      0x5f2 ./Drivers/STM32L4xx_HAL_Driver/Src/stm32l4xx_ll_gpio.o
                                      0xa04f3 (size before relaxing)
 .debug_str     0x00000000000bef72      0xd9f ./Drivers/STM32L4xx_HAL_Driver/Src/stm32l4xx_ll_rcc.o
                                      0xa3333 (size before relaxing)
 .debug_str     0x00000000000bfd11      0x997 ./Drivers/STM32L4xx_HAL_Driver/Src/stm32l4xx_ll_spi.o
                                      0xa0bbb (size before relaxing)
 .debug_str     0x00000000000c06a8      0x7e7 ./Drivers/STM32L4xx_HAL_Driver/Src/stm32l4xx_ll_usart.o
                                      0xa4a26 (size before relaxing)
 .debug_str     0x00000000000c0e8f      0xcce ./Drivers/STM32L4xx_HAL_Driver/Src/stm32l4xx_ll_utils.o
                                      0xa5831 (size before relaxing)

.comment        0x0000000000000000       0x50
 .comment       0x0000000000000000       0x50 ./Core/Src/adc.o
                                         0x51 (size before relaxing)
 .comment       0x0000000000000050       0x51 ./Core/Src/gpio.o
 .comment       0x0000000000000050       0x51 ./Core/Src/lptim.o
 .comment       0x0000000000000050       0x51 ./Core/Src/main.o
 .comment       0x0000000000000050       0x51 ./Core/Src/prosthesis_control.o
 .comment       0x0000000000000050       0x51 ./Core/Src/spi.o