../Drivers/MPU-9255/inv_mpu.c:639:12:set_int_enable	24	static
../Drivers/MPU-9255/inv_mpu.c:671:5:mpu_reg_dump	16	static
../Drivers/MPU-9255/inv_mpu.c:693:5:mpu_read_reg	16	static
../Drivers/MPU-9255/inv_mpu.c:715:5:mpu_init	24	static
../Drivers/MPU-9255/inv_mpu.c:809:5:mpu_lp_accel_mode	24	static
../Drivers/MPU-9255/inv_mpu.c:893:5:mpu_get_gyro_reg	24	static
../Drivers/MPU-9255/inv_mpu.c:916:5:mpu_get_accel_reg	24	static
../Drivers/MPU-9255/inv_mpu.c:939:5:mpu_get_temperature	24	static
../Drivers/MPU-9255/inv_mpu.c:965:5:mpu_read_6500_accel_bias	24	static
../Drivers/MPU-9255/inv_mpu.c:987:5:mpu_read_6050_accel_bias	24	static
../Drivers/MPU-9255/inv_mpu.c:1001:5:mpu_read_6500_gyro_bias	24	static
../Drivers/MPU-9255/inv_mpu.c:1023:5:mpu_set_gyro_bias_reg	32	static
../Drivers/MPU-9255/inv_mpu.c:1053:5:mpu_set_accel_bias_6050_reg	40	static
../Drivers/MPU-9255/inv_mpu.c:1091:5:mpu_set_accel_bias_6500_reg	40	static
../Drivers/MPU-9255/inv_mpu.c:1125:5:mpu_reset_fifo	16	static
../Drivers/MPU-9255/inv_mpu.c:1187:5:mpu_get_gyro_fsr	16	static
../Drivers/MPU-9255/inv_mpu.c:1214:5:mpu_set_gyro_fsr	24	static
../Drivers/MPU-9255/inv_mpu.c:1251:5:mpu_get_accel_fsr	16	static
../Drivers/MPU-9255/inv_mpu.c:1279:5:mpu_set_accel_fsr	24	static
../Drivers/MPU-9255/inv_mpu.c:1316:5:mpu_get_lpf	16	static
../Drivers/MPU-9255/inv_mpu.c:1352:5:mpu_set_lpf	24	static
../Drivers/MPU-9255/inv_mpu.c:1385:5:mpu_get_sample_rate	16	static
../Drivers/MPU-9255/inv_mpu.c:1400:5:mpu_set_sample_rate	24	static
../Drivers/MPU-9255/inv_mpu.c:1447:5:mpu_get_compass_sample_rate	16	static
../Drivers/MPU-9255/inv_mpu.c:1469:5:mpu_set_compass_sample_rate	24	static
../Drivers/MPU-9255/inv_mpu.c:1491:5:mpu_get_gyro_sens	16	static
../Drivers/MPU-9255/inv_mpu.c:1517:5:mpu_get_accel_sens	16	static
../Drivers/MPU-9255/inv_mpu.c:1549:5:mpu_get_fifo_config	16	static
../Drivers/MPU-9255/inv_mpu.c:1564:5:mpu_configure_fifo	24	static
../Drivers/MPU-9255/inv_mpu.c:1606:5:mpu_get_power_state	16	static
../Drivers/MPU-9255/inv_mpu.c:1625:5:mpu_set_sensors	24	static
../Drivers/MPU-9255/inv_mpu.c:1702:5:mpu_get_int_status	24	static
../Drivers/MPU-9255/inv_mpu.c:1731:5:mpu_read_fifo	48	static
../Drivers/MPU-9255/inv_mpu.c:1812:5:mpu_read_fifo_stream	32	static
../Drivers/MPU-9255/inv_mpu.c:1850:5:mpu_set_bypass	24	static
../Drivers/MPU-9255/inv_mpu.c:1900:5:mpu_set_int_level	16	static
../Drivers/MPU-9255/inv_mpu.c:1912:5:mpu_set_int_latched	24	static
../Drivers/MPU-9255/inv_mpu.c:2009:12:compass_self_test	24	static
../Drivers/MPU-9255/inv_mpu.c:2073:12:get_st_biases	256	static
../Drivers/MPU-9255/inv_mpu.c:2230:12:accel_6500_self_test	112	static
../Drivers/MPU-9255/inv_mpu.c:2320:12:gyro_6500_self_test	112	static
../Drivers/MPU-9255/inv_mpu.c:2413:12:get_st_6500_biases	776	static
../Drivers/MPU-9255/inv_mpu.c:2555:5:mpu_run_6500_self_test	72	static
../Drivers/MPU-9255/inv_mpu.c:2676:5:mpu_run_self_test	32	static
../Drivers/MPU-9255/inv_mpu.c:2780:5:mpu_write_mem	24	static
../Drivers/MPU-9255/inv_mpu.c:2813:5:mpu_read_mem	24	static
../Drivers/MPU-9255/inv_mpu.c:2845:5:mpu_load_firmware	48	static
../Drivers/MPU-9255/inv_mpu.c:2886:5:mpu_set_dmp_state	24	static
../Drivers/MPU-9255/inv_mpu.c:2925:5:mpu_get_dmp_state	16	static
../Drivers/MPU-9255/inv_mpu.c:2933:12:setup_compass	24	static
../Drivers/MPU-9255/inv_mpu.c:3041:5:mpu_get_compass_reg	32	static
../Drivers/MPU-9255/inv_mpu.c:3094:5:mpu_get_compass_fsr	16	static
../Drivers/MPU-9255/inv_mpu.c:3142:5:mpu_lp_motion_interrupt	32	static
