../Drivers/STM32L4xx_HAL_Driver/Inc/stm32l4xx_ll_spi.h:905:26:LL_SPI_IsActiveFlag_RXNE	16	static
../Drivers/STM32L4xx_HAL_Driver/Inc/stm32l4xx_ll_spi.h:916:26:LL_SPI_IsActiveFlag_TXE	16	static
../Drivers/STM32L4xx_HAL_Driver/Inc/stm32l4xx_ll_spi.h:1333:25:LL_SPI_ReceiveData8	16	static
../Drivers/STM32L4xx_HAL_Driver/Inc/stm32l4xx_ll_spi.h:1356:22:LL_SPI_TransmitData8	24	static
../Drivers/STM32L4xx_HAL_Driver/Inc/stm32l4xx_ll_gpio.h:956:22:LL_GPIO_SetOutputPin	16	static
../Drivers/STM32L4xx_HAL_Driver/Inc/stm32l4xx_ll_gpio.h:985:22:LL_GPIO_ResetOutputPin	16	static
../Drivers/MPU-9255/mpu925x_spi.c:55:9:MPU925x_Init	24	static,ignoring_inline_asm
../Drivers/MPU-9255/mpu925x_spi.c:74:6:MPU925x_SetAccelSensitivity	24	static,ignoring_inline_asm
../Drivers/MPU-9255/mpu925x_spi.c:112:6:MPU925x_SetGyroSensitivity	24	static,ignoring_inline_asm
../Drivers/MPU-9255/mpu925x_spi.c:150:6:MPU925x_SetAccelDlpfBandwidth	24	static,ignoring_inline_asm
../Drivers/MPU-9255/mpu925x_spi.c:202:6:MPU925x_SetGyroDlpfBandwidth	24	static,ignoring_inline_asm
../Drivers/MPU-9255/mpu925x_spi.c:256:6:MPU925x_SetSampleRateDiv	16	static,ignoring_inline_asm
../Drivers/MPU-9255/mpu925x_spi.c:264:20:MPU925x_ReadIMU	104	static,ignoring_inline_asm
../Drivers/MPU-9255/mpu925x_spi.c:295:20:ClearChipSelect	16	static
../Drivers/MPU-9255/mpu925x_spi.c:300:20:SetChipSelect	16	static
../Drivers/MPU-9255/mpu925x_spi.c:305:13:WriteRegData	16	static,ignoring_inline_asm
../Drivers/MPU-9255/mpu925x_spi.c:325:13:ReadRegData	32	static,ignoring_inline_asm
