../Drivers/STM32L4xx_HAL_Driver/Inc/stm32l4xx_ll_spi.h:905:26:LL_SPI_IsActiveFlag_RXNE	16	static
../Drivers/STM32L4xx_HAL_Driver/Inc/stm32l4xx_ll_spi.h:916:26:LL_SPI_IsActiveFlag_TXE	16	static
../Drivers/STM32L4xx_HAL_Driver/Inc/stm32l4xx_ll_spi.h:1333:25:LL_SPI_ReceiveData8	16	static
../Drivers/STM32L4xx_HAL_Driver/Inc/stm32l4xx_ll_spi.h:1356:22:LL_SPI_TransmitData8	24	static
../Drivers/STM32L4xx_HAL_Driver/Inc/stm32l4xx_ll_gpio.h:956:22:LL_GPIO_SetOutputPin	16	static
../Drivers/STM32L4xx_HAL_Driver/Inc/stm32l4xx_ll_gpio.h:985:22:LL_GPIO_ResetOutputPin	16	static
../Drivers/MPU-9255/mpu925x_spi.c:38:9:MPU925x_Init	32	static
../Drivers/MPU-9255/mpu925x_spi.c:54:6:MPU925x_SetAccelSensitivity	24	static
../Drivers/MPU-9255/mpu925x_spi.c:90:6:MPU925x_SetGyroSensitivity	24	static
../Drivers/MPU-9255/mpu925x_spi.c:126:6:MPU925x_SetAccelDlpfBandwidth	24	static
../Drivers/MPU-9255/mpu925x_spi.c:182:6:MPU925x_SetGyroDlpfBandwidth	24	static
../Drivers/MPU-9255/mpu925x_spi.c:245:6:MPU925x_SetSampleRateDiv	16	static
../Drivers/MPU-9255/mpu925x_spi.c:250:19:MPU925x_ReadIMU	104	static
../Drivers/MPU-9255/mpu925x_spi.c:274:6:MPU925x_WriteReg	16	static
../Drivers/MPU-9255/mpu925x_spi.c:291:6:MPU925x_ReadRegs	32	static
