../Drivers/STM32L4xx_HAL_Driver/Inc/stm32l4xx_ll_gpio.h:956:22:LL_GPIO_SetOutputPin	16	static
../Drivers/STM32L4xx_HAL_Driver/Inc/stm32l4xx_ll_gpio.h:985:22:LL_GPIO_ResetOutputPin	16	static
../Drivers/STM32L4xx_HAL_Driver/Inc/stm32l4xx_ll_spi.h:905:26:LL_SPI_IsActiveFlag_RXNE	16	static
../Drivers/STM32L4xx_HAL_Driver/Inc/stm32l4xx_ll_spi.h:916:26:LL_SPI_IsActiveFlag_TXE	16	static
../Drivers/STM32L4xx_HAL_Driver/Inc/stm32l4xx_ll_spi.h:1008:26:LL_SPI_GetTxFIFOLevel	16	static
../Drivers/STM32L4xx_HAL_Driver/Inc/stm32l4xx_ll_spi.h:1333:25:LL_SPI_ReceiveData8	16	static
../Drivers/STM32L4xx_HAL_Driver/Inc/stm32l4xx_ll_spi.h:1356:22:LL_SPI_TransmitData8	24	static
../Drivers/MCP25625/mcp25625.c:153:9:MCP25625_Init	32	static
../Drivers/MCP25625/mcp25625.c:186:9:MCP25625_LoadTxBufferAtD0	24	static,ignoring_inline_asm
../Drivers/MCP25625/mcp25625.c:237:9:MCP25625_LoadTxBufferAtSIDH	40	static,ignoring_inline_asm
../Drivers/MCP25625/mcp25625.c:298:9:MCP25625_ReadRxBufferAtD0	32	static,ignoring_inline_asm
../Drivers/MCP25625/mcp25625.c:335:9:MCP25625_ReadRxBufferAtSIDH	32	static,ignoring_inline_asm
../Drivers/MCP25625/mcp25625.c:378:13:InitRXBx	8	static
../Drivers/MCP25625/mcp25625.c:385:13:ResetDevice	8	static
../Drivers/MCP25625/mcp25625.c:401:13:ReadRegisterData	32	static
../Drivers/MCP25625/mcp25625.c:426:13:WriteRegisterData	24	static
../Drivers/MCP25625/mcp25625.c:445:13:ModifyRegisterBits	16	static
../Drivers/MCP25625/mcp25625.c:465:13:RequestToSend	16	static
../Drivers/MCP25625/mcp25625.c:479:16:ReadStatus	16	static
../Drivers/MCP25625/mcp25625.c:498:20:SetChipSelect	8	static
../Drivers/MCP25625/mcp25625.c:503:20:ClearChipSelect	8	static
