../Drivers/STM32L4xx_HAL_Driver/Inc/stm32l4xx_ll_gpio.h:956:22:LL_GPIO_SetOutputPin	16	static
../Drivers/STM32L4xx_HAL_Driver/Inc/stm32l4xx_ll_gpio.h:985:22:LL_GPIO_ResetOutputPin	16	static
../Drivers/STM32L4xx_HAL_Driver/Inc/stm32l4xx_ll_spi.h:905:26:LL_SPI_IsActiveFlag_RXNE	16	static
../Drivers/STM32L4xx_HAL_Driver/Inc/stm32l4xx_ll_spi.h:916:26:LL_SPI_IsActiveFlag_TXE	16	static
../Drivers/STM32L4xx_HAL_Driver/Inc/stm32l4xx_ll_spi.h:1008:26:LL_SPI_GetTxFIFOLevel	16	static
../Drivers/STM32L4xx_HAL_Driver/Inc/stm32l4xx_ll_spi.h:1333:25:LL_SPI_ReceiveData8	16	static
../Drivers/STM32L4xx_HAL_Driver/Inc/stm32l4xx_ll_spi.h:1356:22:LL_SPI_TransmitData8	24	static
../Drivers/MCP25625/mcp25625_greg.c:157:9:MCP25625_Init	32	static,ignoring_inline_asm
../Drivers/MCP25625/mcp25625_greg.c:193:9:MCP25625_LoadTxBufferAtD0	24	static,ignoring_inline_asm
../Drivers/MCP25625/mcp25625_greg.c:243:9:MCP25625_LoadTxBufferAtSIDH	40	static,ignoring_inline_asm
../Drivers/MCP25625/mcp25625_greg.c:303:9:MCP25625_ReadRxBufferAtD0	32	static,ignoring_inline_asm
../Drivers/MCP25625/mcp25625_greg.c:338:9:MCP25625_ReadRxBufferAtSIDH	32	static,ignoring_inline_asm
../Drivers/MCP25625/mcp25625_greg.c:379:13:InitRXBx	16	static
../Drivers/MCP25625/mcp25625_greg.c:386:13:ResetDevice	16	static
../Drivers/MCP25625/mcp25625_greg.c:405:13:ReadRegData	32	static
../Drivers/MCP25625/mcp25625_greg.c:425:13:WriteRegData	24	static
../Drivers/MCP25625/mcp25625_greg.c:445:13:ModifyRegBits	24	static
../Drivers/MCP25625/mcp25625_greg.c:463:13:RequestToSend	16	static
../Drivers/MCP25625/mcp25625_greg.c:478:16:ReadStatus	24	static
../Drivers/MCP25625/mcp25625_greg.c:496:20:SetChipSelect	16	static
../Drivers/MCP25625/mcp25625_greg.c:501:20:ClearChipSelect	16	static
