../Drivers/STM32L4xx_HAL_Driver/Inc/stm32l4xx_ll_gpio.h:956:22:LL_GPIO_SetOutputPin	16	static
../Drivers/STM32L4xx_HAL_Driver/Inc/stm32l4xx_ll_gpio.h:985:22:LL_GPIO_ResetOutputPin	16	static
../Drivers/STM32L4xx_HAL_Driver/Inc/stm32l4xx_ll_spi.h:905:26:LL_SPI_IsActiveFlag_RXNE	16	static
../Drivers/STM32L4xx_HAL_Driver/Inc/stm32l4xx_ll_spi.h:916:26:LL_SPI_IsActiveFlag_TXE	16	static
../Drivers/STM32L4xx_HAL_Driver/Inc/stm32l4xx_ll_spi.h:1008:26:LL_SPI_GetTxFIFOLevel	16	static
../Drivers/STM32L4xx_HAL_Driver/Inc/stm32l4xx_ll_spi.h:1333:25:LL_SPI_ReceiveData8	16	static
../Drivers/STM32L4xx_HAL_Driver/Inc/stm32l4xx_ll_spi.h:1356:22:LL_SPI_TransmitData8	24	static
../Drivers/MCP25625/mcp25625.c:152:9:MCP25625_Init	32	static
../Drivers/MCP25625/mcp25625.c:185:9:MCP25625_LoadTxBufferAtD0	24	static,ignoring_inline_asm
../Drivers/MCP25625/mcp25625.c:236:9:MCP25625_LoadTxBufferAtSIDH	40	static,ignoring_inline_asm
../Drivers/MCP25625/mcp25625.c:296:9:MCP25625_ReadRxBufferAtD0	32	static,ignoring_inline_asm
../Drivers/MCP25625/mcp25625.c:333:9:MCP25625_ReadRxBufferAtSIDH	32	static,ignoring_inline_asm
../Drivers/MCP25625/mcp25625.c:376:13:InitRXBx	8	static
../Drivers/MCP25625/mcp25625.c:383:13:ResetDevice	8	static
../Drivers/MCP25625/mcp25625.c:399:13:ReadRegisterData	32	static
../Drivers/MCP25625/mcp25625.c:424:13:WriteRegisterData	24	static
../Drivers/MCP25625/mcp25625.c:443:13:ModifyRegisterBits	16	static
../Drivers/MCP25625/mcp25625.c:463:13:RequestToSend	16	static
../Drivers/MCP25625/mcp25625.c:477:16:ReadStatus	16	static
../Drivers/MCP25625/mcp25625.c:496:13:SetChipSelect	8	static
../Drivers/MCP25625/mcp25625.c:501:13:ClearChipSelect	8	static
