../Drivers/STM32L4xx_HAL_Driver/Inc/stm32l4xx_ll_gpio.h:956:22:LL_GPIO_SetOutputPin	16	static
../Drivers/STM32L4xx_HAL_Driver/Inc/stm32l4xx_ll_gpio.h:985:22:LL_GPIO_ResetOutputPin	16	static
../Drivers/STM32L4xx_HAL_Driver/Inc/stm32l4xx_ll_spi.h:918:26:LL_SPI_IsActiveFlag_RXNE	16	static
../Drivers/STM32L4xx_HAL_Driver/Inc/stm32l4xx_ll_spi.h:929:26:LL_SPI_IsActiveFlag_TXE	16	static
../Drivers/STM32L4xx_HAL_Driver/Inc/stm32l4xx_ll_spi.h:1021:26:LL_SPI_GetTxFIFOLevel	16	static
../Drivers/STM32L4xx_HAL_Driver/Inc/stm32l4xx_ll_spi.h:1348:25:LL_SPI_ReceiveData8	16	static
../Drivers/STM32L4xx_HAL_Driver/Inc/stm32l4xx_ll_spi.h:1371:22:LL_SPI_TransmitData8	24	static
../Drivers/MCP25625/mcp25625.c:151:18:MCP25625_Init	32	static
../Drivers/MCP25625/mcp25625.c:186:9:MCP25625_LoadTxBufferAtSIDH	40	static
../Drivers/MCP25625/mcp25625.c:246:9:MCP25625_ReadRxBufferAtSIDH	32	static
../Drivers/MCP25625/mcp25625.c:282:6:MCP25625_ReadRegisterData	16	static
../Drivers/MCP25625/mcp25625.c:290:6:MCP25625_WriteRegisterData	16	static
../Drivers/MCP25625/mcp25625.c:303:13:ReadRegisterData	32	static
../Drivers/MCP25625/mcp25625.c:323:13:WriteRegisterData	24	static
../Drivers/MCP25625/mcp25625.c:343:13:InitRXBx	16	static
../Drivers/MCP25625/mcp25625.c:350:13:ResetDevice	16	static
../Drivers/MCP25625/mcp25625.c:363:13:ModifyRegisterBits	24	static
../Drivers/MCP25625/mcp25625.c:381:13:RequestToSend	16	static
../Drivers/MCP25625/mcp25625.c:395:16:ReadStatus	24	static
../Drivers/MCP25625/mcp25625.c:413:20:SetChipSelect	16	static
../Drivers/MCP25625/mcp25625.c:418:20:ClearChipSelect	16	static
