../Drivers/STM32L4xx_HAL_Driver/Inc/stm32l4xx_ll_gpio.h:956:22:LL_GPIO_SetOutputPin	16	static
../Drivers/STM32L4xx_HAL_Driver/Inc/stm32l4xx_ll_gpio.h:985:22:LL_GPIO_ResetOutputPin	16	static
../Drivers/STM32L4xx_HAL_Driver/Inc/stm32l4xx_ll_spi.h:905:26:LL_SPI_IsActiveFlag_RXNE	16	static
../Drivers/STM32L4xx_HAL_Driver/Inc/stm32l4xx_ll_spi.h:916:26:LL_SPI_IsActiveFlag_TXE	16	static
../Drivers/STM32L4xx_HAL_Driver/Inc/stm32l4xx_ll_spi.h:1008:26:LL_SPI_GetTxFIFOLevel	16	static
../Drivers/STM32L4xx_HAL_Driver/Inc/stm32l4xx_ll_spi.h:1333:25:LL_SPI_ReceiveData8	16	static
../Drivers/STM32L4xx_HAL_Driver/Inc/stm32l4xx_ll_spi.h:1356:22:LL_SPI_TransmitData8	24	static
../Drivers/MCP25625/mcp25625.c:153:9:MCP25625_Init	32	static
../Drivers/MCP25625/mcp25625.c:186:9:MCP25625_LoadTxBufferAtD0	24	static,ignoring_inline_asm
../Drivers/MCP25625/mcp25625.c:234:9:MCP25625_LoadTxBufferAtSIDH	40	static,ignoring_inline_asm
../Drivers/MCP25625/mcp25625.c:291:9:MCP25625_ReadRxBufferAtD0	32	static,ignoring_inline_asm
../Drivers/MCP25625/mcp25625.c:328:9:MCP25625_ReadRxBufferAtSIDH	32	static,ignoring_inline_asm
../Drivers/MCP25625/mcp25625.c:371:13:InitRXBx	8	static
../Drivers/MCP25625/mcp25625.c:378:13:ResetDevice	8	static
../Drivers/MCP25625/mcp25625.c:394:13:ReadRegisterData	32	static
../Drivers/MCP25625/mcp25625.c:419:13:WriteRegisterData	24	static
../Drivers/MCP25625/mcp25625.c:437:13:ModifyRegisterBits	16	static
../Drivers/MCP25625/mcp25625.c:454:13:RequestToSend	16	static
../Drivers/MCP25625/mcp25625.c:468:16:ReadStatus	16	static
../Drivers/MCP25625/mcp25625.c:487:13:SetChipSelect	8	static
../Drivers/MCP25625/mcp25625.c:492:13:ClearChipSelect	8	static
