../Drivers/STM32L4xx_HAL_Driver/Inc/stm32l4xx_ll_spi.h:1356:22:LL_SPI_TransmitData8	24	static
../Drivers/STM32L4xx_HAL_Driver/Inc/stm32l4xx_ll_gpio.h:956:22:LL_GPIO_SetOutputPin	16	static
../Drivers/STM32L4xx_HAL_Driver/Inc/stm32l4xx_ll_gpio.h:985:22:LL_GPIO_ResetOutputPin	16	static
../Drivers/MCP25625/mcp25625.c:13:22:clearChipSelect	8	static
../Drivers/MCP25625/mcp25625.c:17:22:setChipSelect	8	static
../Drivers/MCP25625/mcp25625.c:21:6:mcp25625_reset	16	static
../Drivers/MCP25625/mcp25625.c:40:6:mcp25625_writeRegister	24	static
../Drivers/MCP25625/mcp25625.c:62:9:mcp25625_readRegister	24	static
../Drivers/MCP25625/mcp25625.c:81:6:mcp25625_loadTXB	24	static
../Drivers/MCP25625/mcp25625.c:114:28:getTXB0CTRL	8	static
../Drivers/MCP25625/mcp25625.c:120:28:getTXB1CTRL	8	static
../Drivers/MCP25625/mcp25625.c:126:28:getTXB2CTRL	8	static
../Drivers/MCP25625/mcp25625.c:144:22:loadTXB2	16	static
../Drivers/MCP25625/mcp25625.c:150:22:loadTXB1	16	static
../Drivers/MCP25625/mcp25625.c:156:22:loadTXB0	16	static
../Drivers/MCP25625/mcp25625.c:162:22:setTXREQ2	8	static
../Drivers/MCP25625/mcp25625.c:168:22:setTXREQ1	8	static
../Drivers/MCP25625/mcp25625.c:174:22:setTXREQ0	8	static
../Drivers/MCP25625/mcp25625.c:181:6:mcp25625_sendCAN	24	static
../Drivers/MCP25625/mcp25625.c:220:6:CAN_transmit	32	static
../Drivers/MCP25625/mcp25625.c:236:6:mcp25625_init	8	static
../Drivers/MCP25625/mcp25625.c:243:6:CAN_configure	24	static
