../Drivers/EPOS4/epos4.c:141:6:EPOS4_Init	96	static,ignoring_inline_asm
../Drivers/EPOS4/epos4.c:185:9:EPOS4_ReadPositionActualValue	24	static,ignoring_inline_asm
../Drivers/EPOS4/epos4.c:195:9:EPOS4_ReadVelocityActualValue	24	static,ignoring_inline_asm
../Drivers/EPOS4/epos4.c:205:9:EPOS4_ReadVelocityActualValueAveraged	24	static,ignoring_inline_asm
../Drivers/EPOS4/epos4.c:215:9:EPOS4_ReadTargetTorqueValue	24	static,ignoring_inline_asm
../Drivers/EPOS4/epos4.c:225:9:EPOS4_ReadTorqueActualValueAveraged	24	static,ignoring_inline_asm
../Drivers/EPOS4/epos4.c:235:9:EPOS4_ReadTorqueActualValue	24	static,ignoring_inline_asm
../Drivers/EPOS4/epos4.c:245:6:EPOS4_WriteTargetTorqueValue	24	static,ignoring_inline_asm
../Drivers/EPOS4/epos4.c:260:17:ReadObjectValue	32	static
../Drivers/EPOS4/epos4.c:276:13:WriteObjectValue	48	static
../Drivers/EPOS4/epos4.c:290:17:ParseValueFromData	16	static
../Drivers/EPOS4/epos4.c:295:13:SDO_Upload	40	static
../Drivers/EPOS4/epos4.c:303:13:SDO_Download	40	static
../Drivers/EPOS4/epos4.c:311:13:CheckForError	24	static
../Drivers/EPOS4/epos4.c:319:13:CheckForAbort	16	static
../Drivers/EPOS4/epos4.c:332:13:FrameData	16	static
../Drivers/EPOS4/epos4.c:344:16:WriteFirstStepObjects	16	static
../Drivers/EPOS4/epos4.c:409:16:WriteModeOfOperation	16	static
../Drivers/EPOS4/epos4.c:441:13:ErrorHandler	16	static
