../Drivers/EPOS4/epos4.c:114:15:EPOS4_Init	96	static
../Drivers/EPOS4/epos4.c:167:15:EPOS4_WriteTargetTorqueValue	24	static
../Drivers/EPOS4/epos4.c:179:15:EPOS4_DisableVoltage	16	static
../Drivers/EPOS4/epos4.c:187:15:EPOS4_ReadObjectValue	16	static
../Drivers/EPOS4/epos4.c:195:15:EPOS4_WriteObjectValue	16	static
../Drivers/EPOS4/epos4.c:203:15:EPOS4_CheckForFault	16	static
../Drivers/EPOS4/epos4.c:211:15:EPOS4_CheckForAbort	16	static
../Drivers/EPOS4/epos4.c:224:22:ReadObjectValue	32	static
../Drivers/EPOS4/epos4.c:239:22:WriteObjectValue	40	static
../Drivers/EPOS4/epos4.c:252:13:ParseValueFromData	16	static
../Drivers/EPOS4/epos4.c:257:13:SDO_Upload	32	static
../Drivers/EPOS4/epos4.c:265:13:SDO_Download	32	static
../Drivers/EPOS4/epos4.c:273:13:FrameData	16	static
../Drivers/EPOS4/epos4.c:285:22:DisableVoltage	24	static
../Drivers/EPOS4/epos4.c:294:22:CheckForFault	24	static
../Drivers/EPOS4/epos4.c:304:22:CheckForAbort	16	static
../Drivers/EPOS4/epos4.c:312:16:WriteFirstStepObjects	32	static
../Drivers/EPOS4/epos4.c:394:16:WriteOptionCodes	24	static
../Drivers/EPOS4/epos4.c:420:16:WriteModeOfOperation	24	static
