../Drivers/EPOS4/epos4_greg.c:148:6:EPOS4_Init	96	static,ignoring_inline_asm
../Drivers/EPOS4/epos4_greg.c:192:9:EPOS4_ReadPositionActualValue	16	static,ignoring_inline_asm
../Drivers/EPOS4/epos4_greg.c:200:9:EPOS4_ReadVelocityActualValue	16	static,ignoring_inline_asm
../Drivers/EPOS4/epos4_greg.c:208:9:EPOS4_ReadVelocityActualValueAveraged	16	static,ignoring_inline_asm
../Drivers/EPOS4/epos4_greg.c:216:9:EPOS4_ReadTargetTorqueValue	16	static,ignoring_inline_asm
../Drivers/EPOS4/epos4_greg.c:224:9:EPOS4_ReadTorqueActualValueAveraged	16	static,ignoring_inline_asm
../Drivers/EPOS4/epos4_greg.c:232:9:EPOS4_ReadTorqueActualValue	16	static,ignoring_inline_asm
../Drivers/EPOS4/epos4_greg.c:240:6:EPOS4_WriteTargetTorqueValue	16	static,ignoring_inline_asm
../Drivers/EPOS4/epos4_greg.c:253:17:ReadObjectValue	32	static
../Drivers/EPOS4/epos4_greg.c:268:13:WriteObjectValue	40	static
../Drivers/EPOS4/epos4_greg.c:279:17:ParseValueFromData	16	static
../Drivers/EPOS4/epos4_greg.c:284:13:SDO_Upload	32	static
../Drivers/EPOS4/epos4_greg.c:292:13:SDO_Download	32	static
../Drivers/EPOS4/epos4_greg.c:300:13:CheckForError	24	static
../Drivers/EPOS4/epos4_greg.c:308:13:CheckForAbort	16	static
../Drivers/EPOS4/epos4_greg.c:321:13:FrameData	16	static
../Drivers/EPOS4/epos4_greg.c:333:16:WriteFirstStepObjects	24	static
../Drivers/EPOS4/epos4_greg.c:398:16:WriteModeOfOperation	16	static
../Drivers/EPOS4/epos4_greg.c:427:13:ErrorHandler	16	static
