../Drivers/EPOS4/epos4.c:141:6:EPOS4_Init	96	static
../Drivers/EPOS4/epos4.c:182:9:EPOS4_ReadPositionActualValue	24	static,ignoring_inline_asm
../Drivers/EPOS4/epos4.c:192:9:EPOS4_ReadVelocityActualValue	24	static,ignoring_inline_asm
../Drivers/EPOS4/epos4.c:202:9:EPOS4_ReadVelocityActualValueAveraged	24	static,ignoring_inline_asm
../Drivers/EPOS4/epos4.c:212:9:EPOS4_ReadTargetTorqueValue	24	static,ignoring_inline_asm
../Drivers/EPOS4/epos4.c:222:9:EPOS4_ReadTorqueActualValueAveraged	24	static,ignoring_inline_asm
../Drivers/EPOS4/epos4.c:232:9:EPOS4_ReadTorqueActualValue	24	static,ignoring_inline_asm
../Drivers/EPOS4/epos4.c:242:6:EPOS4_WriteTargetTorqueValue	24	static,ignoring_inline_asm
../Drivers/EPOS4/epos4.c:257:17:ReadObjectValue	32	static
../Drivers/EPOS4/epos4.c:273:13:WriteObjectValue	48	static
../Drivers/EPOS4/epos4.c:287:17:ParseValueFromData	16	static
../Drivers/EPOS4/epos4.c:292:13:SDO_Upload	40	static
../Drivers/EPOS4/epos4.c:300:13:SDO_Download	40	static
../Drivers/EPOS4/epos4.c:308:13:CheckForError	24	static
../Drivers/EPOS4/epos4.c:316:13:CheckForAbort	16	static
../Drivers/EPOS4/epos4.c:329:13:FrameData	16	static
../Drivers/EPOS4/epos4.c:341:16:WriteFirstStepObjects	16	static
../Drivers/EPOS4/epos4.c:406:16:WriteModeOfOperation	16	static
../Drivers/EPOS4/epos4.c:438:13:ErrorHandler	16	static
