../Drivers/EPOS4/epos4.c:139:6:EPOS4_Init	80	static
../Drivers/EPOS4/epos4.c:184:9:EPOS4_ReadPositionActualValue	8	static,ignoring_inline_asm
../Drivers/EPOS4/epos4.c:192:9:EPOS4_ReadVelocityActualValue	8	static,ignoring_inline_asm
../Drivers/EPOS4/epos4.c:200:9:EPOS4_ReadVelocityActualValueAveraged	8	static,ignoring_inline_asm
../Drivers/EPOS4/epos4.c:208:9:EPOS4_ReadTargetTorqueValue	8	static,ignoring_inline_asm
../Drivers/EPOS4/epos4.c:216:9:EPOS4_ReadTorqueActualValueAveraged	8	static,ignoring_inline_asm
../Drivers/EPOS4/epos4.c:224:9:EPOS4_ReadTorqueActualValue	8	static,ignoring_inline_asm
../Drivers/EPOS4/epos4.c:232:6:EPOS4_WriteTargetTorqueValue	16	static,ignoring_inline_asm
../Drivers/EPOS4/epos4.c:245:17:ReadObjectValue	24	static
../Drivers/EPOS4/epos4.c:253:13:WriteObjectValue	16	static
../Drivers/EPOS4/epos4.c:258:17:ParseValueFromData	16	static
../Drivers/EPOS4/epos4.c:263:13:SDO_Upload	48	static
../Drivers/EPOS4/epos4.c:293:13:SDO_Download	56	static
../Drivers/EPOS4/epos4.c:324:13:FrameData	16	static
../Drivers/EPOS4/epos4.c:336:16:WriteFirstStepObjects	8	static
../Drivers/EPOS4/epos4.c:401:16:WriteModeOfOperation	16	static
../Drivers/EPOS4/epos4.c:433:13:ErrorHandler	16	static
