../Drivers/EPOS4/epos4.c:112:15:EPOS4_Init	96	static
../Drivers/EPOS4/epos4.c:165:15:EPOS4_WriteTargetTorqueValue	24	static
../Drivers/EPOS4/epos4.c:177:15:EPOS4_DisableVoltage	16	static
../Drivers/EPOS4/epos4.c:185:15:EPOS4_ReadObjectValue	16	static
../Drivers/EPOS4/epos4.c:193:15:EPOS4_WriteObjectValue	16	static
../Drivers/EPOS4/epos4.c:201:15:EPOS4_CheckForFault	16	static
../Drivers/EPOS4/epos4.c:209:15:EPOS4_CheckForAbort	16	static
../Drivers/EPOS4/epos4.c:222:22:ReadObjectValue	32	static
../Drivers/EPOS4/epos4.c:237:22:WriteObjectValue	40	static
../Drivers/EPOS4/epos4.c:250:13:ParseValueFromData	16	static
../Drivers/EPOS4/epos4.c:255:13:SDO_Upload	32	static
../Drivers/EPOS4/epos4.c:263:13:SDO_Download	32	static
../Drivers/EPOS4/epos4.c:271:13:FrameData	16	static
../Drivers/EPOS4/epos4.c:283:22:DisableVoltage	24	static
../Drivers/EPOS4/epos4.c:292:22:CheckForFault	24	static
../Drivers/EPOS4/epos4.c:302:22:CheckForAbort	16	static
../Drivers/EPOS4/epos4.c:310:16:WriteFirstStepObjects	32	static
../Drivers/EPOS4/epos4.c:392:16:WriteOptionCodes	24	static
../Drivers/EPOS4/epos4.c:418:16:WriteModeOfOperation	24	static
