../Drivers/EPOS4/epos4.c:119:15:EPOS4_Init	96	static
../Drivers/EPOS4/epos4.c:172:15:EPOS4_WriteTargetTorqueValue	24	static
../Drivers/EPOS4/epos4.c:184:15:EPOS4_DisableVoltage	16	static
../Drivers/EPOS4/epos4.c:192:15:EPOS4_ReadObjectValue	16	static
../Drivers/EPOS4/epos4.c:200:15:EPOS4_WriteObjectValue	16	static
../Drivers/EPOS4/epos4.c:208:15:EPOS4_CheckForFault	16	static
../Drivers/EPOS4/epos4.c:216:15:EPOS4_CheckForAbort	16	static
../Drivers/EPOS4/epos4.c:229:22:ReadObjectValue	32	static
../Drivers/EPOS4/epos4.c:244:22:WriteObjectValue	40	static
../Drivers/EPOS4/epos4.c:257:13:ParseValueFromData	16	static
../Drivers/EPOS4/epos4.c:262:13:SDO_Upload	32	static
../Drivers/EPOS4/epos4.c:270:13:SDO_Download	32	static
../Drivers/EPOS4/epos4.c:278:13:FrameData	16	static
../Drivers/EPOS4/epos4.c:290:22:DisableVoltage	24	static
../Drivers/EPOS4/epos4.c:299:22:CheckForFault	24	static
../Drivers/EPOS4/epos4.c:319:22:CheckForAbort	16	static
../Drivers/EPOS4/epos4.c:333:16:WriteFirstStepObjects	32	static
../Drivers/EPOS4/epos4.c:415:16:WriteOptionCodes	24	static
../Drivers/EPOS4/epos4.c:441:16:WriteModeOfOperation	24	static
